Component: ARM Compiler 5.06 update 4 (build 422) Tool: armlink [4d35d2]

==============================================================================

Section Cross References

    cmsis_nvic.o(i.__NVIC_SetVector) refers to rt_memcpy_w.o(.text) for __aeabi_memcpy4
    mbed_board.o(i.mbed_die) refers to mbed_critical.o(i.core_util_critical_section_enter) for core_util_critical_section_enter
    mbed_board.o(i.mbed_die) refers to mbed_gpio.o(i.gpio_init_out) for gpio_init_out
    mbed_board.o(i.mbed_die) refers to mbed_assert.o(i.mbed_assert_internal) for mbed_assert_internal
    mbed_board.o(i.mbed_die) refers to mbed_wait_api.o(i.wait_ms) for wait_ms
    mbed_board.o(i.mbed_die) refers to mbed_board.o(.conststring) for .conststring
    mbed_board.o(i.mbed_error_printf) refers to mbed_critical.o(i.core_util_critical_section_enter) for core_util_critical_section_enter
    mbed_board.o(i.mbed_error_printf) refers to vsprintf.o(.text) for vsprintf
    mbed_board.o(i.mbed_error_printf) refers to serial_api.o(i.serial_init) for serial_init
    mbed_board.o(i.mbed_error_printf) refers to serial_api.o(i.serial_putc) for serial_putc
    mbed_board.o(i.mbed_error_printf) refers to mbed_critical.o(i.core_util_critical_section_exit) for core_util_critical_section_exit
    mbed_board.o(i.mbed_error_printf) refers to serial_api.o(.data) for stdio_uart_inited
    mbed_board.o(i.mbed_error_vfprintf) refers to mbed_critical.o(i.core_util_critical_section_enter) for core_util_critical_section_enter
    mbed_board.o(i.mbed_error_vfprintf) refers to vsprintf.o(.text) for vsprintf
    mbed_board.o(i.mbed_error_vfprintf) refers to serial_api.o(i.serial_init) for serial_init
    mbed_board.o(i.mbed_error_vfprintf) refers to serial_api.o(i.serial_putc) for serial_putc
    mbed_board.o(i.mbed_error_vfprintf) refers to mbed_critical.o(i.core_util_critical_section_exit) for core_util_critical_section_exit
    mbed_board.o(i.mbed_error_vfprintf) refers to serial_api.o(.data) for stdio_uart_inited
    retarget.o(i.$Sub$$main) refers to retarget.o(i.mbed_sdk_init) for mbed_sdk_init
    retarget.o(i.$Sub$$main) refers to retarget.o(i.mbed_main) for mbed_main
    retarget.o(i.$Sub$$main) refers to main.o(i.main) for $Super$$main
    retarget.o(i._ZN4mbed10FileHandleD0Ev) refers to mbed_assert.o(i.mbed_assert_internal) for mbed_assert_internal
    retarget.o(i._ZN4mbed10FileHandleD0Ev) refers to h1_free.o(.text) for free
    retarget.o(i._ZN4mbed10FileHandleD0Ev) refers to retarget.o(.constdata__ZTVN4mbed10FileHandleE) for vtable for mbed::FileHandle
    retarget.o(i._ZN4mbed10FileHandleD0Ev) refers to retarget.o(.data) for .data
    retarget.o(i._ZN4mbed10FileHandleD0Ev) refers to retarget.o(.constdata__ZZN12SingletonPtrI13PlatformMutexE3getEvEs_0) for SingletonPtr<PlatformMutex>::get()::string (instance 2)
    retarget.o(i._ZN4mbed10FileHandleD0Ev) refers to retarget.o(.constdata__ZZN12SingletonPtrI13PlatformMutexE3getEvEs) for SingletonPtr<PlatformMutex>::get()::string
    retarget.o(i._ZN4mbed10FileHandleD0Ev) refers to retarget.o(.bss) for .bss
    retarget.o(i._ZN4mbed10FileHandleD2Ev) refers to mbed_assert.o(i.mbed_assert_internal) for mbed_assert_internal
    retarget.o(i._ZN4mbed10FileHandleD2Ev) refers to retarget.o(.constdata__ZTVN4mbed10FileHandleE) for vtable for mbed::FileHandle
    retarget.o(i._ZN4mbed10FileHandleD2Ev) refers to retarget.o(.data) for .data
    retarget.o(i._ZN4mbed10FileHandleD2Ev) refers to retarget.o(.constdata__ZZN12SingletonPtrI13PlatformMutexE3getEvEs_0) for SingletonPtr<PlatformMutex>::get()::string (instance 2)
    retarget.o(i._ZN4mbed10FileHandleD2Ev) refers to retarget.o(.constdata__ZZN12SingletonPtrI13PlatformMutexE3getEvEs) for SingletonPtr<PlatformMutex>::get()::string
    retarget.o(i._ZN4mbed10FileHandleD2Ev) refers to retarget.o(.bss) for .bss
    retarget.o(i._ZN4mbed26mbed_set_unbuffered_streamEPSt6__FILE) refers to setbuf.o(.text) for setbuf
    retarget.o(i._ZN4mbed9mbed_getcEPSt6__FILE) refers to fgetc.o(i.fgetc) for fgetc
    retarget.o(i._ZN4mbed9mbed_getsEPciPSt6__FILE) refers to fgets.o(.text) for fgets
    retarget.o(i._ZdaPv) refers to h1_free.o(.text) for free
    retarget.o(i._ZdlPv) refers to h1_free.o(.text) for free
    retarget.o(i._Znaj) refers to h1_alloc.o(.text) for malloc
    retarget.o(i._Znaj) refers to mbed_error.o(i.error) for error
    retarget.o(i._Znwj) refers to h1_alloc.o(.text) for malloc
    retarget.o(i._Znwj) refers to mbed_error.o(i.error) for error
    retarget.o(i._sys_close) refers to retarget.o(.bss) for .bss
    retarget.o(i._sys_ensure) refers to retarget.o(.bss) for .bss
    retarget.o(i._sys_flen) refers to retarget.o(.bss) for .bss
    retarget.o(i._sys_istty) refers to retarget.o(.bss) for .bss
    retarget.o(i._sys_open) refers to _scanf_int.o(.text) for _scanf_int
    retarget.o(i._sys_open) refers to strcmpv7m.o(.text) for strcmp
    retarget.o(i._sys_open) refers to mbed_assert.o(i.mbed_assert_internal) for mbed_assert_internal
[...]
    MemManage_Handler                        0x00000219   Thumb Code     2  startup_LPC17xx.o(.text)
    BusFault_Handler                         0x0000021b   Thumb Code     2  startup_LPC17xx.o(.text)
    UsageFault_Handler                       0x0000021d   Thumb Code     2  startup_LPC17xx.o(.text)
    SVC_Handler                              0x0000021f   Thumb Code     2  startup_LPC17xx.o(.text)
    DebugMon_Handler                         0x00000221   Thumb Code     2  startup_LPC17xx.o(.text)
    PendSV_Handler                           0x00000223   Thumb Code     2  startup_LPC17xx.o(.text)
    SysTick_Handler                          0x00000225   Thumb Code     2  startup_LPC17xx.o(.text)
    ADC_IRQHandler                           0x00000227   Thumb Code     0  startup_LPC17xx.o(.text)
    BOD_IRQHandler                           0x00000227   Thumb Code     0  startup_LPC17xx.o(.text)
    CAN_IRQHandler                           0x00000227   Thumb Code     0  startup_LPC17xx.o(.text)
    DMA_IRQHandler                           0x00000227   Thumb Code     0  startup_LPC17xx.o(.text)
    EINT0_IRQHandler                         0x00000227   Thumb Code     0  startup_LPC17xx.o(.text)
    EINT1_IRQHandler                         0x00000227   Thumb Code     0  startup_LPC17xx.o(.text)
    EINT2_IRQHandler                         0x00000227   Thumb Code     0  startup_LPC17xx.o(.text)
    EINT3_IRQHandler                         0x00000227   Thumb Code     0  startup_LPC17xx.o(.text)
    ENET_IRQHandler                          0x00000227   Thumb Code     0  startup_LPC17xx.o(.text)
    I2C0_IRQHandler                          0x00000227   Thumb Code     0  startup_LPC17xx.o(.text)
    I2C1_IRQHandler                          0x00000227   Thumb Code     0  startup_LPC17xx.o(.text)
    I2C2_IRQHandler                          0x00000227   Thumb Code     0  startup_LPC17xx.o(.text)
    I2S_IRQHandler                           0x00000227   Thumb Code     0  startup_LPC17xx.o(.text)
    MCPWM_IRQHandler                         0x00000227   Thumb Code     0  startup_LPC17xx.o(.text)
    PLL0_IRQHandler                          0x00000227   Thumb Code     0  startup_LPC17xx.o(.text)
    PLL1_IRQHandler                          0x00000227   Thumb Code     0  startup_LPC17xx.o(.text)
    PWM1_IRQHandler                          0x00000227   Thumb Code     0  startup_LPC17xx.o(.text)
    QEI_IRQHandler                           0x00000227   Thumb Code     0  startup_LPC17xx.o(.text)
    RIT_IRQHandler                           0x00000227   Thumb Code     0  startup_LPC17xx.o(.text)
    RTC_IRQHandler                           0x00000227   Thumb Code     0  startup_LPC17xx.o(.text)
    SPI_IRQHandler                           0x00000227   Thumb Code     0  startup_LPC17xx.o(.text)
    SSP0_IRQHandler                          0x00000227   Thumb Code     0  startup_LPC17xx.o(.text)
    SSP1_IRQHandler                          0x00000227   Thumb Code     0  startup_LPC17xx.o(.text)
    TIMER0_IRQHandler                        0x00000227   Thumb Code     0  startup_LPC17xx.o(.text)
    TIMER1_IRQHandler                        0x00000227   Thumb Code     0  startup_LPC17xx.o(.text)
    TIMER2_IRQHandler                        0x00000227   Thumb Code     0  startup_LPC17xx.o(.text)
    TIMER3_IRQHandler                        0x00000227   Thumb Code     0  startup_LPC17xx.o(.text)
    UART0_IRQHandler                         0x00000227   Thumb Code     0  startup_LPC17xx.o(.text)
    UART1_IRQHandler                         0x00000227   Thumb Code     0  startup_LPC17xx.o(.text)
    UART2_IRQHandler                         0x00000227   Thumb Code     0  startup_LPC17xx.o(.text)
    UART3_IRQHandler                         0x00000227   Thumb Code     0  startup_LPC17xx.o(.text)
    USB_IRQHandler                           0x00000227   Thumb Code     0  startup_LPC17xx.o(.text)
    WDT_IRQHandler                           0x00000227   Thumb Code     0  startup_LPC17xx.o(.text)
    malloc                                   0x00000231   Thumb Code    94  h1_alloc.o(.text)
    free                                     0x0000028f   Thumb Code    78  h1_free.o(.text)
    __c89vfprintf                            0x000002dd   Thumb Code    10  c89vfprintf.o(.text)
    setbuf                                   0x000002e7   Thumb Code    20  setbuf.o(.text)
    __I$use$semihosting                      0x000002fb   Thumb Code     0  use_no_semi.o(.text)
    __use_no_semihosting_swi                 0x000002fb   Thumb Code     2  use_no_semi.o(.text)
    vsprintf                                 0x00000301   Thumb Code    32  vsprintf.o(.text)
    __2sprintf                               0x00000325   Thumb Code    38  __2sprintf.o(.text)
    _printf_longlong_hex                     0x00000351   Thumb Code    86  _printf_hex_int_ll_ptr.o(.text)
    _printf_int_hex                          0x000003a7   Thumb Code    28  _printf_hex_int_ll_ptr.o(.text)
    _printf_ll_hex                           0x000003c3   Thumb Code    12  _printf_hex_int_ll_ptr.o(.text)
    _printf_hex_ptr                          0x000003cf   Thumb Code    18  _printf_hex_int_ll_ptr.o(.text)
    __printf                                 0x000003e5   Thumb Code   388  __printf_flags_ss_wp.o(.text)
    __0sscanf                                0x0000056d   Thumb Code    52  __0sscanf.o(.text)
    _scanf_int                               0x000005a9   Thumb Code   332  _scanf_int.o(.text)
    _do_fflush                               0x000006f5   Thumb Code    54  fflush.o(.text)
    fflush                                   0x0000072b   Thumb Code    42  fflush.o(.text)
    freopen                                  0x00000759   Thumb Code   158  fopen.o(.text)
    fopen                                    0x000007f7   Thumb Code    74  fopen.o(.text)
    _fclose_internal                         0x00000845   Thumb Code    76  fclose.o(.text)
    fclose                                   0x00000845   Thumb Code     0  fclose.o(.text)
    __aeabi_atexit                           0x00000891   Thumb Code    46  aeabi_atexit.o(.text)
    strlen                                   0x000008bf   Thumb Code    62  strlen.o(.text)
    strncmp                                  0x000008fd   Thumb Code   150  strncmp.o(.text)
    __aeabi_memcpy4                          0x00000993   Thumb Code     0  rt_memcpy_w.o(.text)
    __aeabi_memcpy8                          0x00000993   Thumb Code     0  rt_memcpy_w.o(.text)
    __rt_memcpy_w                            0x00000993   Thumb Code   100  rt_memcpy_w.o(.text)
    _memcpy_lastbytes_aligned                0x000009db   Thumb Code     0  rt_memcpy_w.o(.text)
    __aeabi_memclr4                          0x000009f7   Thumb Code     0  rt_memclr_w.o(.text)
    __aeabi_memclr8                          0x000009f7   Thumb Code     0  rt_memclr_w.o(.text)
    __rt_memclr_w                            0x000009f7   Thumb Code    78  rt_memclr_w.o(.text)
    _memset_w                                0x000009fb   Thumb Code     0  rt_memclr_w.o(.text)
    strcmp                                   0x00000a45   Thumb Code   128  strcmpv7m.o(.text)
    __cpp_initialize__aeabi_                 0x00000ac5   Thumb Code    26  init_aeabi.o(.text)
    __rt_heap_descriptor                     0x00000ae9   Thumb Code     8  rt_heap_descriptor.o(.text)
    __rt_ddtor_pointer_addr                  0x00000af1   Thumb Code     8  rt_ddtor_pointer_addr.o(.text)
    __use_no_heap                            0x00000af9   Thumb Code     2  hguard.o(.text)
    __heap$guard                             0x00000afb   Thumb Code     2  hguard.o(.text)
    _terminate_user_alloc                    0x00000afd   Thumb Code     2  init_alloc.o(.text)
    _init_user_alloc                         0x00000aff   Thumb Code     2  init_alloc.o(.text)
    __Heap_Full                              0x00000b01   Thumb Code    34  init_alloc.o(.text)
    __Heap_Broken                            0x00000b23   Thumb Code     6  init_alloc.o(.text)
    _init_alloc                              0x00000b29   Thumb Code    94  init_alloc.o(.text)
    __Heap_Initialize                        0x00000b87   Thumb Code    10  h1_init.o(.text)
    __Heap_DescSize                          0x00000b91   Thumb Code     4  h1_init.o(.text)
    _printf_pre_padding                      0x00000b95   Thumb Code    44  _printf_pad.o(.text)
    _printf_post_padding                     0x00000bc1   Thumb Code    34  _printf_pad.o(.text)
    _printf_truncate_signed                  0x00000be3   Thumb Code    18  _printf_truncate.o(.text)
    _printf_truncate_unsigned                0x00000bf5   Thumb Code    18  _printf_truncate.o(.text)
    _printf_str                              0x00000c07   Thumb Code    82  _printf_str.o(.text)
    _printf_int_common                       0x00000c59   Thumb Code   178  _printf_intcommon.o(.text)
    _printf_int_dec                          0x00000d0d   Thumb Code   104  _printf_dec.o(.text)
    _printf_charcount                        0x00000d85   Thumb Code    40  _printf_charcount.o(.text)
    _printf_char_common                      0x00000db7   Thumb Code    32  _printf_char_common.o(.text)
    _sputc                                   0x00000ddd   Thumb Code    10  _sputc.o(.text)
    _printf_char_file                        0x00000de9   Thumb Code    32  _printf_char_file.o(.text)
    _printf_wctomb                           0x00000e0d   Thumb Code   182  _printf_wctomb.o(.text)
    _printf_longlong_dec                     0x00000ec9   Thumb Code   108  _printf_longlong_dec.o(.text)
    _printf_longlong_oct                     0x00000f45   Thumb Code    66  _printf_oct_int_ll.o(.text)
    _printf_int_oct                          0x00000f87   Thumb Code    24  _printf_oct_int_ll.o(.text)
    _printf_ll_oct                           0x00000f9f   Thumb Code    12  _printf_oct_int_ll.o(.text)
    _chval                                   0x00000fb5   Thumb Code    28  _chval.o(.text)
    __vfscanf_char                           0x00000fdd   Thumb Code    24  scanf_char.o(.text)
    _sgetc                                   0x00000ffd   Thumb Code    30  _sgetc.o(.text)
    _sbackspace                              0x0000101b   Thumb Code    34  _sgetc.o(.text)
    ferror                                   0x0000103d   Thumb Code     8  ferror.o(.text)
    __flsbuf                                 0x00001045   Thumb Code   470  flsbuf.o(.text)
    __flsbuf_byte                            0x00001045   Thumb Code     0  flsbuf.o(.text)
    __flsbuf_wide                            0x00001045   Thumb Code     0  flsbuf.o(.text)
    _fseek                                   0x0000121d   Thumb Code   242  fseek.o(.text)
    fseek                                    0x0000121d   Thumb Code     0  fseek.o(.text)
    setvbuf                                  0x00001315   Thumb Code    70  setvbuf.o(.text)
    _seterr                                  0x0000135d   Thumb Code    20  stdio.o(.text)
    _writebuf                                0x00001371   Thumb Code    84  stdio.o(.text)
    _fflush                                  0x000013c5   Thumb Code    70  stdio.o(.text)
    _deferredlazyseek                        0x0000140b   Thumb Code    60  stdio.o(.text)
    _initio                                  0x0000144d   Thumb Code   210  initio.o(.text)
    _terminateio                             0x0000151f   Thumb Code    56  initio.o(.text)
    __cxa_finalize                           0x00001585   Thumb Code    66  cxa_finalize.o(.text)
    __rt_SIGPVFN                             0x000015c7   Thumb Code    14  defsig_pvfn_outer.o(.text)
    __Heap_ProvideMemory                     0x000015d5   Thumb Code    52  h1_extend.o(.text)
    _ll_udiv10                               0x00001609   Thumb Code   138  lludiv10.o(.text)
    isspace                                  0x00001693   Thumb Code    18  isspace.o(.text)
    __lib_sel_fp_printf                      0x000016a5   Thumb Code     2  _printf_fp_dec.o(.text)
    _printf_fp_dec_real                      0x00001853   Thumb Code   620  _printf_fp_dec.o(.text)
    _printf_fp_hex_real                      0x00001ac1   Thumb Code   756  _printf_fp_hex.o(.text)
    _printf_cs_common                        0x00001dbd   Thumb Code    20  _printf_char.o(.text)
    _printf_char                             0x00001dd1   Thumb Code    16  _printf_char.o(.text)
    _printf_string                           0x00001de1   Thumb Code     8  _printf_char.o(.text)
    _printf_lcs_common                       0x00001de9   Thumb Code    20  _printf_wchar.o(.text)
    _printf_wchar                            0x00001dfd   Thumb Code    16  _printf_wchar.o(.text)
    _printf_wstring                          0x00001e0d   Thumb Code     8  _printf_wchar.o(.text)
    __vfscanf                                0x00001e15   Thumb Code   878  _scanf.o(.text)
    _ftell_internal                          0x00002189   Thumb Code    66  ftell.o(.text)
    ftell                                    0x00002189   Thumb Code     0  ftell.o(.text)
    _wcrtomb                                 0x000021cb   Thumb Code    64  _wcrtomb.o(.text)
    __sig_exit                               0x0000220b   Thumb Code    10  defsig_exit.o(.text)
    __rt_SIGRTRED                            0x00002215   Thumb Code    14  defsig_rtred_outer.o(.text)
    __rt_SIGRTMEM                            0x00002223   Thumb Code    14  defsig_rtmem_outer.o(.text)
    __rt_SIGPVFN_inner                       0x00002231   Thumb Code    14  defsig_pvfn_inner.o(.text)
    __rt_heap_escrow                         0x00002261   Thumb Code    22  heapauxa.o(.text)
    __rt_heap_expand                         0x00002277   Thumb Code    52  heapauxa.o(.text)
    _sys_exit                                0x000022b1   Thumb Code     8  sys_exit.o(.text)
    __rt_ctype_table                         0x000022bd   Thumb Code    16  rt_ctype_table.o(.text)
    __rt_locale                              0x000022cd   Thumb Code     8  rt_locale.o(.text)
    __aeabi_errno_addr                       0x000022d5   Thumb Code     8  rt_errno_addr.o(.text)
    __errno                                  0x000022d5   Thumb Code     0  rt_errno_addr.o(.text)
    __rt_errno_addr                          0x000022d5   Thumb Code     0  rt_errno_addr.o(.text)
    _printf_fp_infnan                        0x000022dd   Thumb Code   112  _printf_fp_infnan.o(.text)
    _btod_etento                             0x0000235d   Thumb Code   216  bigflt0.o(.text)
    __default_signal_display                 0x00002439   Thumb Code    50  defsig_general.o(.text)
    __rt_SIGRTRED_inner                      0x0000246d   Thumb Code    14  defsig_rtred_inner.o(.text)
    __rt_SIGRTMEM_inner                      0x000024a1   Thumb Code    22  defsig_rtmem_inner.o(.text)
    _ttywrch                                 0x000024f1   Thumb Code    14  sys_wrch.o(.text)
    __semihosting_library_function           0x000024ff   Thumb Code     0  indicate_semi.o(.text)
    _btod_d2e                                0x000024ff   Thumb Code    62  btod.o(CL$$btod_d2e)
    _d2e_denorm_low                          0x0000253d   Thumb Code    70  btod.o(CL$$btod_d2e_denorm_low)
    _d2e_norm_op1                            0x00002583   Thumb Code    96  btod.o(CL$$btod_d2e_norm_op1)
    __btod_div_common                        0x000025e3   Thumb Code   696  btod.o(CL$$btod_div_common)
    _e2e                                     0x0000291b   Thumb Code   198  btod.o(CL$$btod_e2e)
    _btod_ediv                               0x000029e1   Thumb Code    40  btod.o(CL$$btod_ediv)
    _btod_emul                               0x00002a09   Thumb Code    40  btod.o(CL$$btod_emul)
    __btod_mult_common                       0x00002a31   Thumb Code   580  btod.o(CL$$btod_mult_common)
    main                                     0x00002c75   Thumb Code    18  retarget.o(i.$Sub$$main)
    SystemInit                               0x00002c91   Thumb Code   150  system_LPC17xx.o(i.SystemInit)
    DebounceIn::_callback()                  0x00002d31   Thumb Code    76  main.o(i._ZN10DebounceIn9_callbackEv)
    DebounceIn::~DebounceIn()                0x00002d81   Thumb Code    26  main.o(i._ZN10DebounceInD1Ev)
    DebounceIn::~DebounceIn__sub_object()    0x00002d81   Thumb Code     0  main.o(i._ZN10DebounceInD1Ev)
    mbed::FileHandle::flen()                 0x00002da1   Thumb Code    82  retarget.o(i._ZN4mbed10FileHandle4flenEv)
    mbed::FileHandle::lock()                 0x00002df3   Thumb Code     2  retarget.o(i._ZN4mbed10FileHandle4lockEv)
    mbed::FileHandle::unlock()               0x00002df5   Thumb Code     2  retarget.o(i._ZN4mbed10FileHandle6unlockEv)
    mbed::FileHandle::~FileHandle()          0x00002df9   Thumb Code     0  retarget.o(i._ZN4mbed10FileHandleD2Ev)
    mbed::FileHandle::~FileHandle__sub_object() 0x00002df9   Thumb Code    96  retarget.o(i._ZN4mbed10FileHandleD2Ev)
    mbed::SerialBase::_base_putc(int)        0x00002e6d   Thumb Code    14  SerialBase.o(i._ZN4mbed10SerialBase10_base_putcEi)
    mbed::SerialBase::_irq_handler(unsigned, SerialIrq) 0x00002e7b   Thumb Code    20  SerialBase.o(i._ZN4mbed10SerialBase12_irq_handlerEj9SerialIrq)
    mbed::SerialBase::baud(int)              0x00002e8f   Thumb Code    36  SerialBase.o(i._ZN4mbed10SerialBase4baudEi)
    mbed::SerialBase::lock()                 0x00002eb3   Thumb Code     2  SerialBase.o(i._ZN4mbed10SerialBase4lockEv)
    mbed::SerialBase::unlock()               0x00002eb5   Thumb Code     2  SerialBase.o(i._ZN4mbed10SerialBase6unlockEv)
    mbed::SerialBase::SerialBase(PinName, PinName) 0x00002eb9   Thumb Code    66  SerialBase.o(i._ZN4mbed10SerialBaseC1E7PinNameS1_)
    mbed::SerialBase::SerialBase__sub_object(PinName, PinName) 0x00002eb9   Thumb Code     0  SerialBase.o(i._ZN4mbed10SerialBaseC1E7PinNameS1_)
    mbed::TimerEvent::irq(unsigned)          0x00002f09   Thumb Code     6  TimerEvent.o(i._ZN4mbed10TimerEvent3irqEj)
    mbed::TimerEvent::insert(unsigned)       0x00002f0f   Thumb Code    16  TimerEvent.o(i._ZN4mbed10TimerEvent6insertEj)
    mbed::TimerEvent::remove()               0x00002f1f   Thumb Code    10  TimerEvent.o(i._ZN4mbed10TimerEvent6removeEv)
    mbed::TimerEvent::TimerEvent__sub_object() 0x00002f29   Thumb Code    32  TimerEvent.o(i._ZN4mbed10TimerEventC2Ev)
    mbed::TimerEvent::~TimerEvent()          0x00002f51   Thumb Code     0  TimerEvent.o(i._ZN4mbed10TimerEventD2Ev)
    mbed::TimerEvent::~TimerEvent__sub_object() 0x00002f51   Thumb Code    20  TimerEvent.o(i._ZN4mbed10TimerEventD2Ev)
    mbed::InterruptIn::_irq_handler(unsigned, gpio_irq_event) 0x00002f69   Thumb Code    44  InterruptIn.o(i._ZN4mbed11InterruptIn12_irq_handlerEj14gpio_irq_event)
    mbed::InterruptIn::fall(mbed::Callback<void()>) 0x00002f95   Thumb Code    74  InterruptIn.o(i._ZN4mbed11InterruptIn4fallENS_8CallbackIFvvEEE)
    mbed::InterruptIn::read()                0x00002fe1   Thumb Code    36  InterruptIn.o(i._ZN4mbed11InterruptIn4readEv)
    mbed::InterruptIn::rise(mbed::Callback<void()>) 0x00003021   Thumb Code    74  InterruptIn.o(i._ZN4mbed11InterruptIn4riseENS_8CallbackIFvvEEE)
    mbed::InterruptIn::InterruptIn(PinName)  0x0000306d   Thumb Code    62  InterruptIn.o(i._ZN4mbed11InterruptInC1E7PinName)
    mbed::InterruptIn::InterruptIn__sub_object(PinName) 0x0000306d   Thumb Code     0  InterruptIn.o(i._ZN4mbed11InterruptInC1E7PinName)
    mbed::InterruptIn::~InterruptIn()        0x000030b5   Thumb Code    20  InterruptIn.o(i._ZN4mbed11InterruptInD1Ev)
    mbed::InterruptIn::~InterruptIn__sub_object() 0x000030b5   Thumb Code     0  InterruptIn.o(i._ZN4mbed11InterruptInD1Ev)
    mbed::InterruptIn::operator int()        0x000030cd   Thumb Code    36  InterruptIn.o(i._ZN4mbed11InterruptIncviEv)
    mbed::mbed_set_unbuffered_stream(std::__FILE*) 0x000030f9   Thumb Code     6  retarget.o(i._ZN4mbed26mbed_set_unbuffered_streamEPSt6__FILE)
    mbed::Serial::lock()                     0x000030ff   Thumb Code     2  Serial.o(i._ZN4mbed6Serial4lockEv)
    mbed::Serial::unlock()                   0x00003101   Thumb Code     2  Serial.o(i._ZN4mbed6Serial6unlockEv)
    mbed::Serial::Serial(PinName, PinName, const char*) 0x00003105   Thumb Code    32  Serial.o(i._ZN4mbed6SerialC1E7PinNameS1_PKc)
    mbed::Serial::Serial__sub_object(PinName, PinName, const char*) 0x00003105   Thumb Code     0  Serial.o(i._ZN4mbed6SerialC1E7PinNameS1_PKc)
    mbed::Serial::~Serial()                  0x00003129   Thumb Code    26  main.o(i._ZN4mbed6SerialD1Ev)
    mbed::Serial::~Serial__sub_object()      0x00003129   Thumb Code     0  main.o(i._ZN4mbed6SerialD1Ev)
    mbed::Stream::flen()                     0x00003149   Thumb Code     4  Stream.o(i._ZN4mbed6Stream4flenEv)
    mbed::Stream::close()                    0x0000314d   Thumb Code     4  Stream.o(i._ZN4mbed6Stream5closeEv)
    mbed::Stream::lseek(long, int)           0x00003151   Thumb Code     4  Stream.o(i._ZN4mbed6Stream5lseekEli)
    mbed::Stream::write(const void*, unsigned) 0x00003155   Thumb Code    60  Stream.o(i._ZN4mbed6Stream5writeEPKvj)
    mbed::Stream::isatty()                   0x00003191   Thumb Code     4  Stream.o(i._ZN4mbed6Stream6isattyEv)
    mbed::Stream::printf(const char*, ...)   0x00003195   Thumb Code    50  Stream.o(i._ZN4mbed6Stream6printfEPKcz)
    mbed::Stream::Stream__sub_object(const char*) 0x000031c9   Thumb Code    52  Stream.o(i._ZN4mbed6StreamC2EPKc)
    mbed::Stream::~Stream()                  0x00003209   Thumb Code     0  Stream.o(i._ZN4mbed6StreamD2Ev)
    mbed::Stream::~Stream__sub_object()      0x00003209   Thumb Code    28  Stream.o(i._ZN4mbed6StreamD2Ev)
    mbed::Ticker::setup(unsigned)            0x00003229   Thumb Code    42  Ticker.o(i._ZN4mbed6Ticker5setupEj)
    mbed::Ticker::detach()                   0x00003253   Thumb Code    28  Ticker.o(i._ZN4mbed6Ticker6detachEv)
    mbed::Ticker::handler()                  0x0000326f   Thumb Code    36  Ticker.o(i._ZN4mbed6Ticker7handlerEv)
    mbed::FileBase::getPathType()            0x00003293   Thumb Code     4  FileBase.o(i._ZN4mbed8FileBase11getPathTypeEv)
    mbed::FileBase::lookup(const char*, unsigned) 0x00003299   Thumb Code    90  FileBase.o(i._ZN4mbed8FileBase6lookupEPKcj)
    mbed::FileBase::FileBase(const char*, mbed::PathType) 0x00003305   Thumb Code    50  FileBase.o(i._ZN4mbed8FileBaseC1EPKcNS_8PathTypeE)
    mbed::FileBase::FileBase__sub_object(const char*, mbed::PathType) 0x00003305   Thumb Code     0  FileBase.o(i._ZN4mbed8FileBaseC1EPKcNS_8PathTypeE)
    mbed::FileBase::~FileBase()              0x00003345   Thumb Code    60  FileBase.o(i._ZN4mbed8FileBaseD1Ev)
    mbed::FileBase::~FileBase__sub_object()  0x00003345   Thumb Code     0  FileBase.o(i._ZN4mbed8FileBaseD1Ev)
    mbed::FileLike::FileLike__sub_object(const char*) 0x0000338d   Thumb Code    26  FileLike.o(i._ZN4mbed8FileLikeC2EPKc)
    mbed::FileLike::~FileLike()              0x000033b1   Thumb Code     0  FileLike.o(i._ZN4mbed8FileLikeD2Ev)
    mbed::FileLike::~FileLike__sub_object()  0x000033b1   Thumb Code    18  FileLike.o(i._ZN4mbed8FileLikeD2Ev)
    mbed::FilePath::fileSystem()             0x000033c3   Thumb Code    24  FilePath.o(i._ZN4mbed8FilePath10fileSystemEv)
    mbed::FilePath::file()                   0x000033db   Thumb Code    28  FilePath.o(i._ZN4mbed8FilePath4fileEv)
    mbed::FilePath::exists()                 0x000033f7   Thumb Code    10  FilePath.o(i._ZN4mbed8FilePath6existsEv)
    mbed::FilePath::isFile()                 0x00003401   Thumb Code    24  FilePath.o(i._ZN4mbed8FilePath6isFileEv)
    mbed::FilePath::fileName()               0x00003419   Thumb Code     4  FilePath.o(i._ZN4mbed8FilePath8fileNameEv)
    mbed::FilePath::FilePath(const char*)    0x0000341d   Thumb Code    64  FilePath.o(i._ZN4mbed8FilePathC1EPKc)
    mbed::FilePath::FilePath__sub_object(const char*) 0x0000341d   Thumb Code     0  FilePath.o(i._ZN4mbed8FilePathC1EPKc)
    PrintHead::update_motor()                0x0000345d   Thumb Code   320  main.o(i._ZN9PrintHead12update_motorEv)
    PrintHead::left_encoder_rising()         0x000035a1   Thumb Code    24  main.o(i._ZN9PrintHead19left_encoder_risingEv)
    PrintHead::left_encoder_falling()        0x000035b9   Thumb Code    24  main.o(i._ZN9PrintHead20left_encoder_fallingEv)
    PrintHead::right_encoder_rising()        0x000035d1   Thumb Code    24  main.o(i._ZN9PrintHead20right_encoder_risingEv)
    PrintHead::right_encoder_falling()       0x000035e9   Thumb Code    24  main.o(i._ZN9PrintHead21right_encoder_fallingEv)
    PrintHead::~PrintHead()                  0x00003601   Thumb Code    38  main.o(i._ZN9PrintHeadD1Ev)
    PrintHead::~PrintHead__sub_object()      0x00003601   Thumb Code     0  main.o(i._ZN9PrintHeadD1Ev)
    thunk{-48} to mbed::Serial::lock()       0x0000362d   Thumb Code     2  Serial.o(i._ZThn48_N4mbed6Serial4lockEv)
    thunk{-48} to mbed::Serial::_putc(int)   0x0000362f   Thumb Code     6  Serial.o(i._ZThn48_N4mbed6Serial5_putcEi)
    thunk{-48} to mbed::Serial::unlock()     0x00003635   Thumb Code     2  Serial.o(i._ZThn48_N4mbed6Serial6unlockEv)
    __ARM_fpclassify                         0x00003637   Thumb Code    40  fpclassify.o(i.__ARM_fpclassify)
    __NVIC_SetVector                         0x00003661   Thumb Code    46  cmsis_nvic.o(i.__NVIC_SetVector)
    __aeabi_vec_ctor_nocookie_nodtor         0x00003695   Thumb Code    36  aeabi_vec_ctor_nocookie_nodtor.o(i.__aeabi_vec_ctor_nocookie_nodtor)
    __cxa_pure_virtual                       0x000036b9   Thumb Code     6  pure_virt.o(i.__cxa_pure_virtual)
    __user_setup_stackheap                   0x000039a9   Thumb Code    10  sys.o(i.__user_setup_stackheap)
    _is_digit                                0x000039b9   Thumb Code    14  __printf_wp.o(i._is_digit)
    _sys_close                               0x000039c9   Thumb Code    40  retarget.o(i._sys_close)
    _sys_flen                                0x000039f5   Thumb Code    34  retarget.o(i._sys_flen)
    _sys_istty                               0x00003a1d   Thumb Code    34  retarget.o(i._sys_istty)
    _sys_open                                0x00003a45   Thumb Code   440  retarget.o(i._sys_open)
    _sys_seek                                0x00003c29   Thumb Code    36  retarget.o(i._sys_seek)
    _sys_write                               0x00003c51   Thumb Code    92  retarget.o(i._sys_write)
    core_util_critical_section_enter         0x00003cbd   Thumb Code    70  mbed_critical.o(i.core_util_critical_section_enter)
    core_util_critical_section_exit          0x00003d49   Thumb Code    60  mbed_critical.o(i.core_util_critical_section_exit)
    error                                    0x00003da1   Thumb Code    18  mbed_error.o(i.error)
    exit                                     0x00003db5   Thumb Code    36  retarget.o(i.exit)
    fputc                                    0x00003de1   Thumb Code    26  fputc.o(i.fputc)
    get_us_ticker_data                       0x00003dfd   Thumb Code     4  mbed_us_ticker_api.o(i.get_us_ticker_data)
    gpio_dir                                 0x00003e05   Thumb Code    54  gpio_api.o(i.gpio_dir)
    gpio_init                                0x00003e59   Thumb Code    58  gpio_api.o(i.gpio_init)
    gpio_init_in                             0x00003e93   Thumb Code    40  mbed_gpio.o(i.gpio_init_in)
    gpio_init_out                            0x00003ebd   Thumb Code    64  mbed_gpio.o(i.gpio_init_out)
    gpio_init_out_ex                         0x00003f05   Thumb Code    76  mbed_gpio.o(i.gpio_init_out_ex)
    gpio_irq_free                            0x00003f6d   Thumb Code    12  gpio_irq_api.o(i.gpio_irq_free)
    gpio_irq_init                            0x00003f7d   Thumb Code    92  gpio_irq_api.o(i.gpio_irq_init)
    gpio_irq_set                             0x0000401d   Thumb Code   196  gpio_irq_api.o(i.gpio_irq_set)
    gpio_mode                                0x000040e5   Thumb Code     6  gpio_api.o(i.gpio_mode)
    $Super$$main                             0x000041dd   Thumb Code   420  main.o(i.main)
    mbed_assert_internal                     0x000043f1   Thumb Code    32  mbed_assert.o(i.mbed_assert_internal)
    mbed_die                                 0x00004445   Thumb Code   244  mbed_board.o(i.mbed_die)
    mbed_error_printf                        0x00004565   Thumb Code    74  mbed_board.o(i.mbed_error_printf)
    mbed_error_vfprintf                      0x000045bd   Thumb Code    68  mbed_board.o(i.mbed_error_vfprintf)
    mbed_interface_connected                 0x0000460d   Thumb Code     4  mbed_interface.o(i.mbed_interface_connected)
    mbed_main                                0x00004611   Thumb Code     2  retarget.o(i.mbed_main)
    mbed_sdk_init                            0x00004613   Thumb Code     2  retarget.o(i.mbed_sdk_init)
    pin_function                             0x00004615   Thumb Code    68  pinmap.o(i.pin_function)
    pin_mode                                 0x00004671   Thumb Code   120  pinmap.o(i.pin_mode)
    pinmap_find_peripheral                   0x00004701   Thumb Code    34  mbed_pinmap_common.o(i.pinmap_find_peripheral)
    pinmap_merge                             0x00004725   Thumb Code    38  mbed_pinmap_common.o(i.pinmap_merge)
    pinmap_peripheral                        0x00004761   Thumb Code    58  mbed_pinmap_common.o(i.pinmap_peripheral)
    pinmap_pinout                            0x000047bd   Thumb Code    66  mbed_pinmap_common.o(i.pinmap_pinout)
    pwmout_init                              0x00004815   Thumb Code   202  pwmout_api.o(i.pwmout_init)
    pwmout_period                            0x00004915   Thumb Code    64  pwmout_api.o(i.pwmout_period)
    pwmout_write                             0x00004961   Thumb Code    74  pwmout_api.o(i.pwmout_write)
    semihost_connected                       0x000049b1   Thumb Code    10  mbed_semihost_api.o(i.semihost_connected)
    semihost_exit                            0x000049c1   Thumb Code    12  mbed_semihost_api.o(i.semihost_exit)
    serial_baud                              0x000049cd   Thumb Code   408  serial_api.o(i.serial_baud)
    serial_init                              0x00004b91   Thumb Code   344  serial_api.o(i.serial_init)
    serial_irq_handler                       0x00004d11   Thumb Code    18  serial_api.o(i.serial_irq_handler)
    serial_putc                              0x00004df9   Thumb Code   100  serial_api.o(i.serial_putc)
    serial_set_flow_control                  0x00004e61   Thumb Code   252  serial_api.o(i.serial_set_flow_control)
    ticker_insert_event                      0x00004f6d   Thumb Code    72  mbed_ticker_api.o(i.ticker_insert_event)
    ticker_irq_handler                       0x00004fb5   Thumb Code    78  mbed_ticker_api.o(i.ticker_irq_handler)
    ticker_read                              0x00005003   Thumb Code     6  mbed_ticker_api.o(i.ticker_read)
    ticker_remove_event                      0x00005009   Thumb Code    68  mbed_ticker_api.o(i.ticker_remove_event)
    ticker_set_handler                       0x0000504d   Thumb Code    18  mbed_ticker_api.o(i.ticker_set_handler)
    uart0_irq                                0x00005061   Thumb Code    14  serial_api.o(i.uart0_irq)
    uart1_irq                                0x00005075   Thumb Code    14  serial_api.o(i.uart1_irq)
    uart2_irq                                0x00005089   Thumb Code    14  serial_api.o(i.uart2_irq)
    uart3_irq                                0x0000509d   Thumb Code    14  serial_api.o(i.uart3_irq)
    us_ticker_clear_interrupt                0x00005119   Thumb Code     8  us_ticker.o(i.us_ticker_clear_interrupt)
    us_ticker_disable_interrupt              0x00005125   Thumb Code    12  us_ticker.o(i.us_ticker_disable_interrupt)
    us_ticker_init                           0x00005135   Thumb Code    76  us_ticker.o(i.us_ticker_init)
    us_ticker_irq_handler                    0x00005199   Thumb Code     6  mbed_us_ticker_api.o(i.us_ticker_irq_handler)
    us_ticker_read                           0x000051a5   Thumb Code    74  us_ticker.o(i.us_ticker_read)
    us_ticker_set_interrupt                  0x00005209   Thumb Code    14  us_ticker.o(i.us_ticker_set_interrupt)
    wait_ms                                  0x0000521d   Thumb Code    28  mbed_wait_api.o(i.wait_ms)
    wait_us                                  0x00005239   Thumb Code    24  mbed_wait_api.o(i.wait_us)
    _get_lc_numeric                          0x00005251   Thumb Code    44  lc_numeric_c.o(locale$$code)
    _get_lc_ctype                            0x0000527d   Thumb Code    44  lc_ctype_c.o(locale$$code)
    SingletonPtr<PlatformMutex>::operator ->() 0x000052a9   Thumb Code    36  FileBase.o(t._ZN12SingletonPtrI13PlatformMutexEptEv)
    void mbed::Callback<void()>::_methodthunk<DebounceIn>(void*, void*) 0x000052d5   Thumb Code    20  main.o(t._ZN4mbed8CallbackIFvvEE12_methodthunkI10DebounceInEEvPvS5_)
    void mbed::Callback<void()>::_methodthunk<PrintHead>(void*, void*) 0x000052e9   Thumb Code    20  main.o(t._ZN4mbed8CallbackIFvvEE12_methodthunkI9PrintHeadEEvPvS5_)
    __aeabi_fadd                             0x000052fd   Thumb Code     0  faddsub_clz.o(x$fpl$fadd)
    _fadd                                    0x000052fd   Thumb Code   196  faddsub_clz.o(x$fpl$fadd)
    __aeabi_fdiv                             0x000053c1   Thumb Code     0  fdiv.o(x$fpl$fdiv)
    _fdiv                                    0x000053c1   Thumb Code   384  fdiv.o(x$fpl$fdiv)
    __aeabi_f2iz                             0x00005545   Thumb Code     0  ffix.o(x$fpl$ffix)
    _ffix                                    0x00005545   Thumb Code    54  ffix.o(x$fpl$ffix)
    __aeabi_f2uiz                            0x0000557d   Thumb Code     0  ffixu.o(x$fpl$ffixu)
    _ffixu                                   0x0000557d   Thumb Code    62  ffixu.o(x$fpl$ffixu)
    __aeabi_i2f                              0x000055bd   Thumb Code     0  fflt_clz.o(x$fpl$fflt)
    _fflt                                    0x000055bd   Thumb Code    48  fflt_clz.o(x$fpl$fflt)
    __aeabi_ui2f                             0x000055ed   Thumb Code     0  fflt_clz.o(x$fpl$ffltu)
    _ffltu                                   0x000055ed   Thumb Code    38  fflt_clz.o(x$fpl$ffltu)
    __aeabi_fmul                             0x00005615   Thumb Code     0  fmul.o(x$fpl$fmul)
    _fmul                                    0x00005615   Thumb Code   258  fmul.o(x$fpl$fmul)
    __fpl_fnaninf                            0x00005717   Thumb Code   140  fnaninf.o(x$fpl$fnaninf)
    __fpl_fretinf                            0x000057a3   Thumb Code    10  fretinf.o(x$fpl$fretinf)
    __aeabi_fsub                             0x000057ad   Thumb Code     0  faddsub_clz.o(x$fpl$fsub)
    _fsub                                    0x000057ad   Thumb Code   234  faddsub_clz.o(x$fpl$fsub)
    _printf_fp_dec                           0x00005897   Thumb Code     4  printf1.o(x$fpl$printf1)
    _printf_fp_hex                           0x0000589b   Thumb Code     4  printf2.o(x$fpl$printf2)
    __I$use$fp                               0x0000589e   Number         0  usenofp.o(x$fpl$usenofp)
    __stdin_name                             0x0000589e   Data           7  retarget.o(.constdata)
    __stdout_name                            0x000058a5   Data           8  retarget.o(.constdata)
    __stderr_name                            0x000058ad   Data           8  retarget.o(.constdata)
    vtable for mbed::FileHandle              0x00005bd8   Data          52  retarget.o(.constdata__ZTVN4mbed10FileHandleE)
    vtable for mbed::SerialBase              0x00005c0c   Data          24  SerialBase.o(.constdata__ZTVN4mbed10SerialBaseE)
    vtable for mbed::TimerEvent              0x00005c24   Data          20  TimerEvent.o(.constdata__ZTVN4mbed10TimerEventE)
    vtable for mbed::InterruptIn             0x00005c38   Data          16  InterruptIn.o(.constdata__ZTVN4mbed11InterruptInE)
    vtable for mbed::Serial                  0x00005c48   Data         108  Serial.o(.constdata__ZTVN4mbed6SerialE)
    vtable for mbed::Stream                  0x00005cb4   Data          76  Stream.o(.constdata__ZTVN4mbed6StreamE)
    vtable for mbed::Ticker                  0x00005d00   Data          20  Ticker.o(.constdata__ZTVN4mbed6TickerE)
    vtable for mbed::FileBase                0x00005d14   Data          16  FileBase.o(.constdata__ZTVN4mbed8FileBaseE)
    vtable for mbed::FileLike                0x00005d24   Data          68  FileLike.o(.constdata__ZTVN4mbed8FileLikeE)
    SingletonPtr<PlatformMutex>::get()::string 0x00005d68   Data          20  retarget.o(.constdata__ZZN12SingletonPtrI13PlatformMutexE3getEvEs)
    SingletonPtr<PlatformMutex>::get()::string (instance 2) 0x00005d7c   Data          69  retarget.o(.constdata__ZZN12SingletonPtrI13PlatformMutexE3getEvEs_0)
    Region$$Table$$Base                      0x00006004   Number         0  anon$$obj.o(Region$$Table)
    Region$$Table$$Limit                     0x00006024   Number         0  anon$$obj.o(Region$$Table)
    __ctype                                  0x0000604d   Data           0  lc_ctype_c.o(locale$$data)
    SHT$$INIT_ARRAY$$Base                    0x00006150   Number         0  main.o(.init_array)
    SHT$$INIT_ARRAY$$Limit                   0x00006154   Number         0  init_aeabi.o(.init_array)
    SystemCoreClock                          0x100000d0   Data           4  system_LPC17xx.o(.data)
    previous_left_pb                         0x100000d4   Data           1  main.o(.data)
    previous_right_pb                        0x100000d5   Data           1  main.o(.data)
    PWM_MATCH                                0x100000dc   Data          28  pwmout_api.o(.data)
    stdio_uart_inited                        0x100000f8   Data           4  serial_api.o(.data)
    stdio_uart                               0x10000100   Data           8  serial_api.o(.data)
    us_ticker_inited                         0x10000114   Data           4  us_ticker.o(.data)
    mbed::FileBase::_head                    0x10000118   Data           4  FileBase.o(.data)
    mbed::FileBase::_mutex                   0x1000011c   Data           8  FileBase.o(.data)
    __aeabi_stdin                            0x1000012c   Data           4  stdio_streams.o(.data)
    __aeabi_stdout                           0x10000130   Data           4  stdio_streams.o(.data)
    __aeabi_stderr                           0x10000134   Data           4  stdio_streams.o(.data)
    left_led                                 0x1000017c   Data          24  main.o(.bss)
    right_led                                0x10000194   Data          24  main.o(.bss)
    test_led2                                0x100001ac   Data          24  main.o(.bss)
    test_led3                                0x100001c4   Data          24  main.o(.bss)
    left_pb                                  0x100001dc   Data          76  main.o(.bss)
    right_pb                                 0x10000228   Data          76  main.o(.bss)
    x_head                                   0x10000274   Data         272  main.o(.bss)
    pc                                       0x10000384   Data          76  main.o(.bss)
    __stdin                                  0x10000570   Data          84  stdio_streams.o(.bss)
    __stdout                                 0x100005c4   Data          84  stdio_streams.o(.bss)
    __stderr                                 0x10000618   Data          84  stdio_streams.o(.bss)
    Image$$RW_IRAM1$$ZI$$Limit               0x1000068c   Number         0  anon$$obj.o ABSOLUTE



==============================================================================

Memory Map of the image

  Image Entry point : 0x000000c5

  Load Region LR_IROM1 (Base: 0x00000000, Size: 0x000061c8, Max: 0x00080000, ABSOLUTE)

    Execution Region ER_IROM1 (Base: 0x00000000, Size: 0x00006154, Max: 0x00080000, ABSOLUTE)

    Base Addr    Size         Type   Attr      Idx    E Section Name        Object

    0x00000000   0x000000c4   Data   RO          168    RESET               startup_LPC17xx.o
    0x000000c4   0x00000008   Code   RO         1611  * !!!main             c_w.l(__main.o)
    0x000000cc   0x00000034   Code   RO         2330    !!!scatter          c_w.l(__scatter.o)
    0x00000100   0x0000001a   Code   RO         2332    !!handler_copy      c_w.l(__scatter_copy.o)
    0x0000011a   0x00000002   PAD
    0x0000011c   0x0000001c   Code   RO         2334    !!handler_zi        c_w.l(__scatter_zi.o)
    0x00000138   0x00000000   Code   RO         1550    .ARM.Collect$$_printf_percent$$00000000  c_w.l(_printf_percent.o)
    0x00000138   0x00000006   Code   RO         1825    .ARM.Collect$$_printf_percent$$00000001  c_w.l(_printf_n.o)
    0x0000013e   0x00000006   Code   RO         1549    .ARM.Collect$$_printf_percent$$00000002  c_w.l(_printf_p.o)
    0x00000144   0x00000006   Code   RO         1831    .ARM.Collect$$_printf_percent$$00000003  c_w.l(_printf_f.o)
    0x0000014a   0x00000006   Code   RO         1832    .ARM.Collect$$_printf_percent$$00000004  c_w.l(_printf_e.o)
    0x00000150   0x00000006   Code   RO         1833    .ARM.Collect$$_printf_percent$$00000005  c_w.l(_printf_g.o)
    0x00000156   0x00000006   Code   RO         1834    .ARM.Collect$$_printf_percent$$00000006  c_w.l(_printf_a.o)
    0x0000015c   0x0000000a   Code   RO         1839    .ARM.Collect$$_printf_percent$$00000007  c_w.l(_printf_ll.o)
    0x00000166   0x00000006   Code   RO         1828    .ARM.Collect$$_printf_percent$$00000008  c_w.l(_printf_i.o)
    0x0000016c   0x00000006   Code   RO         1829    .ARM.Collect$$_printf_percent$$00000009  c_w.l(_printf_d.o)
    0x00000172   0x00000006   Code   RO         1830    .ARM.Collect$$_printf_percent$$0000000A  c_w.l(_printf_u.o)
    0x00000178   0x00000006   Code   RO         1827    .ARM.Collect$$_printf_percent$$0000000B  c_w.l(_printf_o.o)
    0x0000017e   0x00000006   Code   RO         1826    .ARM.Collect$$_printf_percent$$0000000C  c_w.l(_printf_x.o)
    0x00000184   0x00000006   Code   RO         1836    .ARM.Collect$$_printf_percent$$0000000D  c_w.l(_printf_lli.o)
    0x0000018a   0x00000006   Code   RO         1837    .ARM.Collect$$_printf_percent$$0000000E  c_w.l(_printf_lld.o)
    0x00000190   0x00000006   Code   RO         1838    .ARM.Collect$$_printf_percent$$0000000F  c_w.l(_printf_llu.o)
    0x00000196   0x00000006   Code   RO         1843    .ARM.Collect$$_printf_percent$$00000010  c_w.l(_printf_llo.o)
    0x0000019c   0x00000006   Code   RO         1844    .ARM.Collect$$_printf_percent$$00000011  c_w.l(_printf_llx.o)
    0x000001a2   0x0000000a   Code   RO         1840    .ARM.Collect$$_printf_percent$$00000012  c_w.l(_printf_l.o)
    0x000001ac   0x00000006   Code   RO         1823    .ARM.Collect$$_printf_percent$$00000013  c_w.l(_printf_c.o)
    0x000001b2   0x00000006   Code   RO         1824    .ARM.Collect$$_printf_percent$$00000014  c_w.l(_printf_s.o)
    0x000001b8   0x00000006   Code   RO         1841    .ARM.Collect$$_printf_percent$$00000015  c_w.l(_printf_lc.o)
    0x000001be   0x00000006   Code   RO         1842    .ARM.Collect$$_printf_percent$$00000016  c_w.l(_printf_ls.o)
    0x000001c4   0x00000004   Code   RO         1835    .ARM.Collect$$_printf_percent$$00000017  c_w.l(_printf_percent_end.o)
    0x000001c8   0x00000002   Code   RO         2193    .ARM.Collect$$libinit$$00000000  c_w.l(libinit.o)
    0x000001ca   0x00000000   Code   RO         1896    .ARM.Collect$$libinit$$00000002  c_w.l(libinit2.o)
    0x000001ca   0x00000000   Code   RO         1898    .ARM.Collect$$libinit$$00000004  c_w.l(libinit2.o)
    0x000001ca   0x00000008   Code   RO         1899    .ARM.Collect$$libinit$$00000005  c_w.l(libinit2.o)
    0x000001d2   0x00000000   Code   RO         1901    .ARM.Collect$$libinit$$0000000A  c_w.l(libinit2.o)
    0x000001d2   0x00000000   Code   RO         1903    .ARM.Collect$$libinit$$0000000C  c_w.l(libinit2.o)
    0x000001d2   0x00000000   Code   RO         1905    .ARM.Collect$$libinit$$0000000E  c_w.l(libinit2.o)
    0x000001d2   0x00000006   Code   RO         1906    .ARM.Collect$$libinit$$0000000F  c_w.l(libinit2.o)
    0x000001d8   0x00000000   Code   RO         1908    .ARM.Collect$$libinit$$00000011  c_w.l(libinit2.o)
    0x000001d8   0x0000000c   Code   RO         1909    .ARM.Collect$$libinit$$00000012  c_w.l(libinit2.o)
    0x000001e4   0x00000000   Code   RO         1910    .ARM.Collect$$libinit$$00000013  c_w.l(libinit2.o)
    0x000001e4   0x00000000   Code   RO         1912    .ARM.Collect$$libinit$$00000015  c_w.l(libinit2.o)
    0x000001e4   0x0000000a   Code   RO         1913    .ARM.Collect$$libinit$$00000016  c_w.l(libinit2.o)
    0x000001ee   0x00000000   Code   RO         1914    .ARM.Collect$$libinit$$00000017  c_w.l(libinit2.o)
    0x000001ee   0x00000000   Code   RO         1916    .ARM.Collect$$libinit$$00000019  c_w.l(libinit2.o)
    0x000001ee   0x00000000   Code   RO         1918    .ARM.Collect$$libinit$$0000001B  c_w.l(libinit2.o)
    0x000001ee   0x00000000   Code   RO         1920    .ARM.Collect$$libinit$$0000001D  c_w.l(libinit2.o)
    0x000001ee   0x00000000   Code   RO         1922    .ARM.Collect$$libinit$$0000001F  c_w.l(libinit2.o)
    0x000001ee   0x00000000   Code   RO         1924    .ARM.Collect$$libinit$$00000021  c_w.l(libinit2.o)
    0x000001ee   0x00000000   Code   RO         1926    .ARM.Collect$$libinit$$00000023  c_w.l(libinit2.o)
    0x000001ee   0x00000004   Code   RO         1927    .ARM.Collect$$libinit$$00000024  c_w.l(libinit2.o)
    0x000001f2   0x00000000   Code   RO         1928    .ARM.Collect$$libinit$$00000025  c_w.l(libinit2.o)
    0x000001f2   0x00000000   Code   RO         1932    .ARM.Collect$$libinit$$0000002C  c_w.l(libinit2.o)
    0x000001f2   0x00000000   Code   RO         1934    .ARM.Collect$$libinit$$0000002E  c_w.l(libinit2.o)
    0x000001f2   0x00000000   Code   RO         1936    .ARM.Collect$$libinit$$00000030  c_w.l(libinit2.o)
    0x000001f2   0x00000004   Code   RO         1937    .ARM.Collect$$libinit$$00000031  c_w.l(libinit2.o)
    0x000001f6   0x00000000   Code   RO         1938    .ARM.Collect$$libinit$$00000032  c_w.l(libinit2.o)
    0x000001f6   0x00000002   Code   RO         1939    .ARM.Collect$$libinit$$00000033  c_w.l(libinit2.o)
    0x000001f8   0x00000000   Code   RO         2082    .ARM.Collect$$libshutdown$$00000002  c_w.l(libshutdown2.o)
    0x000001f8   0x00000000   Code   RO         2084    .ARM.Collect$$libshutdown$$00000004  c_w.l(libshutdown2.o)
    0x000001f8   0x00000000   Code   RO         1759    .ARM.Collect$$rtentry$$00000000  c_w.l(__rtentry.o)
    0x000001f8   0x00000000   Code   RO         1979    .ARM.Collect$$rtentry$$00000002  c_w.l(__rtentry2.o)
    0x000001f8   0x00000006   Code   RO         1991    .ARM.Collect$$rtentry$$00000004  c_w.l(__rtentry4.o)
    0x000001fe   0x00000000   Code   RO         1981    .ARM.Collect$$rtentry$$00000009  c_w.l(__rtentry2.o)
    0x000001fe   0x00000004   Code   RO         1982    .ARM.Collect$$rtentry$$0000000A  c_w.l(__rtentry2.o)
    0x00000202   0x00000000   Code   RO         1984    .ARM.Collect$$rtentry$$0000000C  c_w.l(__rtentry2.o)
    0x00000202   0x00000008   Code   RO         1985    .ARM.Collect$$rtentry$$0000000D  c_w.l(__rtentry2.o)
    0x0000020a   0x00000002   PAD
    0x0000020c   0x00000000   Code   RO         1999    .emb_text           c_w.l(maybetermalloc1.o)
    0x0000020c   0x00000024   Code   RO          170    .text               startup_LPC17xx.o
    0x00000230   0x0000005e   Code   RO         1438    .text               c_w.l(h1_alloc.o)
    0x0000028e   0x0000004e   Code   RO         1440    .text               c_w.l(h1_free.o)
    0x000002dc   0x0000000a   Code   RO         1500    .text               c_w.l(c89vfprintf.o)
    0x000002e6   0x00000014   Code   RO         1573    .text               c_w.l(setbuf.o)
    0x000002fa   0x00000002   Code   RO         2225    .text               c_w.l(use_no_semi.o)
    0x000002fc   0x00000004   Code   RO          169    .ARM.__at_0x02FC    startup_LPC17xx.o
    0x00000300   0x00000024   Code   RO         1498    .text               c_w.l(vsprintf.o)
    0x00000324   0x0000002c   Code   RO         1502    .text               c_w.l(__2sprintf.o)
    0x00000350   0x00000094   Code   RO         1526    .text               c_w.l(_printf_hex_int_ll_ptr.o)
    0x000003e4   0x00000188   Code   RO         1546    .text               c_w.l(__printf_flags_ss_wp.o)
    0x0000056c   0x0000003c   Code   RO         1553    .text               c_w.l(__0sscanf.o)
    0x000005a8   0x0000014c   Code   RO         1555    .text               c_w.l(_scanf_int.o)
    0x000006f4   0x00000064   Code   RO         1557    .text               c_w.l(fflush.o)
    0x00000758   0x000000ec   Code   RO         1571    .text               c_w.l(fopen.o)
    0x00000844   0x0000004c   Code   RO         1581    .text               c_w.l(fclose.o)
    0x00000890   0x0000002e   Code   RO         1596    .text               c_w.l(aeabi_atexit.o)
    0x000008be   0x0000003e   Code   RO         1599    .text               c_w.l(strlen.o)
    0x000008fc   0x00000096   Code   RO         1601    .text               c_w.l(strncmp.o)
    0x00000992   0x00000064   Code   RO         1603    .text               c_w.l(rt_memcpy_w.o)
    0x000009f6   0x0000004e   Code   RO         1605    .text               c_w.l(rt_memclr_w.o)
    0x00000a44   0x00000080   Code   RO         1609    .text               c_w.l(strcmpv7m.o)
    0x00000ac4   0x00000024   Code   RO         1616    .text               c_w.l(init_aeabi.o)
    0x00000ae8   0x00000008   Code   RO         1764    .text               c_w.l(rt_heap_descriptor.o)
    0x00000af0   0x00000008   Code   RO         1769    .text               c_w.l(rt_ddtor_pointer_addr.o)
    0x00000af8   0x00000004   Code   RO         1774    .text               c_w.l(hguard.o)
    0x00000afc   0x0000008a   Code   RO         1776    .text               c_w.l(init_alloc.o)
    0x00000b86   0x0000000e   Code   RO         1780    .text               c_w.l(h1_init.o)
    0x00000b94   0x0000004e   Code   RO         1794    .text               c_w.l(_printf_pad.o)
    0x00000be2   0x00000024   Code   RO         1796    .text               c_w.l(_printf_truncate.o)
    0x00000c06   0x00000052   Code   RO         1798    .text               c_w.l(_printf_str.o)
    0x00000c58   0x000000b2   Code   RO         1800    .text               c_w.l(_printf_intcommon.o)
    0x00000d0a   0x00000002   PAD
    0x00000d0c   0x00000078   Code   RO         1802    .text               c_w.l(_printf_dec.o)
    0x00000d84   0x00000028   Code   RO         1804    .text               c_w.l(_printf_charcount.o)
    0x00000dac   0x00000030   Code   RO         1806    .text               c_w.l(_printf_char_common.o)
    0x00000ddc   0x0000000a   Code   RO         1808    .text               c_w.l(_sputc.o)
    0x00000de6   0x00000002   PAD
    0x00000de8   0x00000024   Code   RO         1810    .text               c_w.l(_printf_char_file.o)
    0x00000e0c   0x000000bc   Code   RO         1812    .text               c_w.l(_printf_wctomb.o)
    0x00000ec8   0x0000007c   Code   RO         1815    .text               c_w.l(_printf_longlong_dec.o)
    0x00000f44   0x00000070   Code   RO         1821    .text               c_w.l(_printf_oct_int_ll.o)
    0x00000fb4   0x0000001c   Code   RO         1845    .text               c_w.l(_chval.o)
    0x00000fd0   0x0000002c   Code   RO         1851    .text               c_w.l(scanf_char.o)
    0x00000ffc   0x00000040   Code   RO         1853    .text               c_w.l(_sgetc.o)
    0x0000103c   0x00000008   Code   RO         1863    .text               c_w.l(ferror.o)
    0x00001044   0x000001d6   Code   RO         1867    .text               c_w.l(flsbuf.o)
    0x0000121a   0x00000002   PAD
    0x0000121c   0x000000f8   Code   RO         1869    .text               c_w.l(fseek.o)
    0x00001314   0x00000046   Code   RO         1871    .text               c_w.l(setvbuf.o)
    0x0000135a   0x00000002   PAD
    0x0000135c   0x000000f0   Code   RO         1873    .text               c_w.l(stdio.o)
    0x0000144c   0x00000138   Code   RO         1876    .text               c_w.l(initio.o)
    0x00001584   0x00000042   Code   RO         1884    .text               c_w.l(cxa_finalize.o)
    0x000015c6   0x0000000e   Code   RO         1887    .text               c_w.l(defsig_pvfn_outer.o)
    0x000015d4   0x00000034   Code   RO         2001    .text               c_w.l(h1_extend.o)
    0x00001608   0x0000008a   Code   RO         2005    .text               c_w.l(lludiv10.o)
    0x00001692   0x00000012   Code   RO         2007    .text               c_w.l(isspace.o)
    0x000016a4   0x0000041a   Code   RO         2009    .text               c_w.l(_printf_fp_dec.o)
    0x00001abe   0x00000002   PAD
    0x00001ac0   0x000002fc   Code   RO         2011    .text               c_w.l(_printf_fp_hex.o)
    0x00001dbc   0x0000002c   Code   RO         2016    .text               c_w.l(_printf_char.o)
    0x00001de8   0x0000002c   Code   RO         2020    .text               c_w.l(_printf_wchar.o)
    0x00001e14   0x00000374   Code   RO         2022    .text               c_w.l(_scanf.o)
    0x00002188   0x00000042   Code   RO         2032    .text               c_w.l(ftell.o)
    0x000021ca   0x00000040   Code   RO         2058    .text               c_w.l(_wcrtomb.o)
    0x0000220a   0x0000000a   Code   RO         2060    .text               c_w.l(defsig_exit.o)
    0x00002214   0x0000000e   Code   RO         2062    .text               c_w.l(defsig_rtred_outer.o)
    0x00002222   0x0000000e   Code   RO         2066    .text               c_w.l(defsig_rtmem_outer.o)
    0x00002230   0x00000030   Code   RO         2070    .text               c_w.l(defsig_pvfn_inner.o)
    0x00002260   0x00000050   Code   RO         2074    .text               c_w.l(heapauxa.o)
    0x000022b0   0x0000000c   Code   RO         2115    .text               c_w.l(sys_exit.o)
    0x000022bc   0x00000010   Code   RO         2117    .text               c_w.l(rt_ctype_table.o)
    0x000022cc   0x00000008   Code   RO         2119    .text               c_w.l(rt_locale.o)
    0x000022d4   0x00000008   Code   RO         2129    .text               c_w.l(rt_errno_addr.o)
    0x000022dc   0x00000080   Code   RO         2136    .text               c_w.l(_printf_fp_infnan.o)
    0x0000235c   0x000000dc   Code   RO         2138    .text               c_w.l(bigflt0.o)
    0x00002438   0x00000032   Code   RO         2172    .text               c_w.l(defsig_general.o)
    0x0000246a   0x00000002   PAD
    0x0000246c   0x00000034   Code   RO         2178    .text               c_w.l(defsig_rtred_inner.o)
    0x000024a0   0x00000050   Code   RO         2180    .text               c_w.l(defsig_rtmem_inner.o)
    0x000024f0   0x0000000e   Code   RO         2223    .text               c_w.l(sys_wrch.o)
    0x000024fe   0x00000000   Code   RO         2227    .text               c_w.l(indicate_semi.o)
    0x000024fe   0x0000003e   Code   RO         2141    CL$$btod_d2e        c_w.l(btod.o)
    0x0000253c   0x00000046   Code   RO         2143    CL$$btod_d2e_denorm_low  c_w.l(btod.o)
    0x00002582   0x00000060   Code   RO         2142    CL$$btod_d2e_norm_op1  c_w.l(btod.o)
    0x000025e2   0x00000338   Code   RO         2151    CL$$btod_div_common  c_w.l(btod.o)
    0x0000291a   0x000000c6   Code   RO         2148    CL$$btod_e2e        c_w.l(btod.o)
    0x000029e0   0x00000028   Code   RO         2145    CL$$btod_ediv       c_w.l(btod.o)
    0x00002a08   0x00000028   Code   RO         2144    CL$$btod_emul       c_w.l(btod.o)
    0x00002a30   0x00000244   Code   RO         2150    CL$$btod_mult_common  c_w.l(btod.o)
    0x00002c74   0x00000012   Code   RO           27    i.$Sub$$main        retarget.o
    0x00002c86   0x00000008   Code   RO          931    i.<Func1>           mbed.ar(SerialBase.o)
    0x00002c8e   0x00000002   PAD
    0x00002c90   0x000000a0   Code   RO          179    i.SystemInit        system_LPC17xx.o
    0x00002d30   0x00000050   Code   RO          223    i._ZN10DebounceIn9_callbackEv  main.o
    0x00002d80   0x00000020   Code   RO          229    i._ZN10DebounceInD1Ev  main.o
    0x00002da0   0x00000052   Code   RO          156    i._ZN4mbed10FileHandle4flenEv  retarget.o
    0x00002df2   0x00000002   Code   RO          160    i._ZN4mbed10FileHandle4lockEv  retarget.o
    0x00002df4   0x00000002   Code   RO          163    i._ZN4mbed10FileHandle6unlockEv  retarget.o
    0x00002df6   0x00000002   PAD
    0x00002df8   0x00000074   Code   RO           29    i._ZN4mbed10FileHandleD2Ev  retarget.o
    0x00002e6c   0x0000000e   Code   RO          933    i._ZN4mbed10SerialBase10_base_putcEi  mbed.ar(SerialBase.o)
    0x00002e7a   0x00000014   Code   RO          935    i._ZN4mbed10SerialBase12_irq_handlerEj9SerialIrq  mbed.ar(SerialBase.o)
    0x00002e8e   0x00000024   Code   RO          937    i._ZN4mbed10SerialBase4baudEi  mbed.ar(SerialBase.o)
    0x00002eb2   0x00000002   Code   RO          938    i._ZN4mbed10SerialBase4lockEv  mbed.ar(SerialBase.o)
    0x00002eb4   0x00000002   Code   RO          941    i._ZN4mbed10SerialBase6unlockEv  mbed.ar(SerialBase.o)
    0x00002eb6   0x00000002   PAD
    0x00002eb8   0x00000050   Code   RO          944    i._ZN4mbed10SerialBaseC1E7PinNameS1_  mbed.ar(SerialBase.o)
    0x00002f08   0x00000006   Code   RO         1101    i._ZN4mbed10TimerEvent3irqEj  mbed.ar(TimerEvent.o)
    0x00002f0e   0x00000010   Code   RO         1102    i._ZN4mbed10TimerEvent6insertEj  mbed.ar(TimerEvent.o)
    0x00002f1e   0x0000000a   Code   RO         1103    i._ZN4mbed10TimerEvent6removeEv  mbed.ar(TimerEvent.o)
    0x00002f28   0x00000028   Code   RO         1105    i._ZN4mbed10TimerEventC2Ev  mbed.ar(TimerEvent.o)
    0x00002f50   0x00000018   Code   RO         1107    i._ZN4mbed10TimerEventD2Ev  mbed.ar(TimerEvent.o)
    0x00002f68   0x0000002c   Code   RO          837    i._ZN4mbed11InterruptIn12_irq_handlerEj14gpio_irq_event  mbed.ar(InterruptIn.o)
    0x00002f94   0x0000004a   Code   RO          838    i._ZN4mbed11InterruptIn4fallENS_8CallbackIFvvEEE  mbed.ar(InterruptIn.o)
    0x00002fde   0x00000002   PAD
    0x00002fe0   0x00000040   Code   RO          840    i._ZN4mbed11InterruptIn4readEv  mbed.ar(InterruptIn.o)
    0x00003020   0x0000004a   Code   RO          841    i._ZN4mbed11InterruptIn4riseENS_8CallbackIFvvEEE  mbed.ar(InterruptIn.o)
    0x0000306a   0x00000002   PAD
    0x0000306c   0x00000048   Code   RO          842    i._ZN4mbed11InterruptInC1E7PinName  mbed.ar(InterruptIn.o)
    0x000030b4   0x00000018   Code   RO          844    i._ZN4mbed11InterruptInD1Ev  mbed.ar(InterruptIn.o)
    0x000030cc   0x0000002c   Code   RO          845    i._ZN4mbed11InterruptIncviEv  mbed.ar(InterruptIn.o)
    0x000030f8   0x00000006   Code   RO           30    i._ZN4mbed26mbed_set_unbuffered_streamEPSt6__FILE  retarget.o
    0x000030fe   0x00000002   Code   RO          879    i._ZN4mbed6Serial4lockEv  mbed.ar(Serial.o)
    0x00003100   0x00000002   Code   RO          882    i._ZN4mbed6Serial6unlockEv  mbed.ar(Serial.o)
    0x00003102   0x00000002   PAD
    0x00003104   0x00000024   Code   RO          883    i._ZN4mbed6SerialC1E7PinNameS1_PKc  mbed.ar(Serial.o)
    0x00003128   0x00000020   Code   RO          271    i._ZN4mbed6SerialD1Ev  main.o
    0x00003148   0x00000004   Code   RO         1021    i._ZN4mbed6Stream4flenEv  mbed.ar(Stream.o)
    0x0000314c   0x00000004   Code   RO         1027    i._ZN4mbed6Stream5closeEv  mbed.ar(Stream.o)
    0x00003150   0x00000004   Code   RO         1029    i._ZN4mbed6Stream5lseekEli  mbed.ar(Stream.o)
    0x00003154   0x0000003c   Code   RO         1031    i._ZN4mbed6Stream5writeEPKvj  mbed.ar(Stream.o)
    0x00003190   0x00000004   Code   RO         1032    i._ZN4mbed6Stream6isattyEv  mbed.ar(Stream.o)
    0x00003194   0x00000032   Code   RO         1033    i._ZN4mbed6Stream6printfEPKcz  mbed.ar(Stream.o)
    0x000031c6   0x00000002   PAD
    0x000031c8   0x00000040   Code   RO         1036    i._ZN4mbed6StreamC2EPKc  mbed.ar(Stream.o)
    0x00003208   0x00000020   Code   RO         1038    i._ZN4mbed6StreamD2Ev  mbed.ar(Stream.o)
    0x00003228   0x0000002a   Code   RO          996    i._ZN4mbed6Ticker5setupEj  mbed.ar(Ticker.o)
    0x00003252   0x0000001c   Code   RO          997    i._ZN4mbed6Ticker6detachEv  mbed.ar(Ticker.o)
    0x0000326e   0x00000024   Code   RO          998    i._ZN4mbed6Ticker7handlerEv  mbed.ar(Ticker.o)
    0x00003292   0x00000004   Code   RO         1326    i._ZN4mbed8FileBase11getPathTypeEv  mbed.ar(FileBase.o)
    0x00003296   0x00000002   PAD
    0x00003298   0x0000006c   Code   RO         1328    i._ZN4mbed8FileBase6lookupEPKcj  mbed.ar(FileBase.o)
    0x00003304   0x00000040   Code   RO         1330    i._ZN4mbed8FileBaseC1EPKcNS_8PathTypeE  mbed.ar(FileBase.o)
    0x00003344   0x00000048   Code   RO         1332    i._ZN4mbed8FileBaseD1Ev  mbed.ar(FileBase.o)
    0x0000338c   0x00000024   Code   RO         1361    i._ZN4mbed8FileLikeC2EPKc  mbed.ar(FileLike.o)
    0x000033b0   0x00000012   Code   RO         1363    i._ZN4mbed8FileLikeD2Ev  mbed.ar(FileLike.o)
    0x000033c2   0x00000018   Code   RO          736    i._ZN4mbed8FilePath10fileSystemEv  mbed.ar(FilePath.o)
    0x000033da   0x0000001c   Code   RO          738    i._ZN4mbed8FilePath4fileEv  mbed.ar(FilePath.o)
    0x000033f6   0x0000000a   Code   RO          739    i._ZN4mbed8FilePath6existsEv  mbed.ar(FilePath.o)
    0x00003400   0x00000018   Code   RO          740    i._ZN4mbed8FilePath6isFileEv  mbed.ar(FilePath.o)
    0x00003418   0x00000004   Code   RO          741    i._ZN4mbed8FilePath8fileNameEv  mbed.ar(FilePath.o)
    0x0000341c   0x00000040   Code   RO          742    i._ZN4mbed8FilePathC1EPKc  mbed.ar(FilePath.o)
    0x0000345c   0x00000144   Code   RO          262    i._ZN9PrintHead12update_motorEv  main.o
    0x000035a0   0x00000018   Code   RO          238    i._ZN9PrintHead19left_encoder_risingEv  main.o
    0x000035b8   0x00000018   Code   RO          244    i._ZN9PrintHead20left_encoder_fallingEv  main.o
    0x000035d0   0x00000018   Code   RO          250    i._ZN9PrintHead20right_encoder_risingEv  main.o
    0x000035e8   0x00000018   Code   RO          256    i._ZN9PrintHead21right_encoder_fallingEv  main.o
    0x00003600   0x0000002c   Code   RO          268    i._ZN9PrintHeadD1Ev  main.o
    0x0000362c   0x00000002   Code   RO          884    i._ZThn48_N4mbed6Serial4lockEv  mbed.ar(Serial.o)
    0x0000362e   0x00000006   Code   RO          886    i._ZThn48_N4mbed6Serial5_putcEi  mbed.ar(Serial.o)
    0x00003634   0x00000002   Code   RO          887    i._ZThn48_N4mbed6Serial6unlockEv  mbed.ar(Serial.o)
    0x00003636   0x00000028   Code   RO         2215    i.__ARM_fpclassify  m_ws.l(fpclassify.o)
    0x0000365e   0x00000002   PAD
    0x00003660   0x00000034   Code   RO            5    i.__NVIC_SetVector  cmsis_nvic.o
    0x00003694   0x00000024   Code   RO         1728    i.__aeabi_vec_ctor_nocookie_nodtor  cpprt_w.l(aeabi_vec_ctor_nocookie_nodtor.o)
    0x000036b8   0x00000006   Code   RO         1619    i.__cxa_pure_virtual  cpprt_w.l(pure_virt.o)
    0x000036be   0x00000002   PAD
    0x000036c0   0x000002e8   Code   RO          189    i.__sti___8_main_cpp_left_led  main.o
    0x000039a8   0x00000010   Code   RO          172    i.__user_setup_stackheap  sys.o
    0x000039b8   0x0000000e   Code   RO         1539    i._is_digit         c_w.l(__printf_wp.o)
    0x000039c6   0x00000002   PAD
    0x000039c8   0x0000002c   Code   RO           37    i._sys_close        retarget.o
    0x000039f4   0x00000028   Code   RO           40    i._sys_flen         retarget.o
    0x00003a1c   0x00000028   Code   RO           41    i._sys_istty        retarget.o
    0x00003a44   0x000001e4   Code   RO           42    i._sys_open         retarget.o
    0x00003c28   0x00000028   Code   RO           44    i._sys_seek         retarget.o
    0x00003c50   0x0000006c   Code   RO           45    i._sys_write        retarget.o
    0x00003cbc   0x0000008c   Code   RO         1179    i.core_util_critical_section_enter  mbed.ar(mbed_critical.o)
    0x00003d48   0x00000058   Code   RO         1180    i.core_util_critical_section_exit  mbed.ar(mbed_critical.o)
    0x00003da0   0x00000012   Code   RO         1141    i.error             mbed.ar(mbed_error.o)
    0x00003db2   0x00000002   PAD
    0x00003db4   0x0000002c   Code   RO           47    i.exit              retarget.o
    0x00003de0   0x0000001a   Code   RO         1566    i.fputc             c_w.l(fputc.o)
    0x00003dfa   0x00000002   PAD
    0x00003dfc   0x00000008   Code   RO         1422    i.get_us_ticker_data  mbed.ar(mbed_us_ticker_api.o)
    0x00003e04   0x00000054   Code   RO          640    i.gpio_dir          mbed.ar(gpio_api.o)
    0x00003e58   0x0000003a   Code   RO          641    i.gpio_init         mbed.ar(gpio_api.o)
    0x00003e92   0x00000028   Code   RO         1149    i.gpio_init_in      mbed.ar(mbed_gpio.o)
    0x00003eba   0x00000002   PAD
    0x00003ebc   0x00000048   Code   RO         1152    i.gpio_init_out     mbed.ar(mbed_gpio.o)
    0x00003f04   0x00000068   Code   RO         1153    i.gpio_init_out_ex  mbed.ar(mbed_gpio.o)
    0x00003f6c   0x00000010   Code   RO         1280    i.gpio_irq_free     mbed.ar(gpio_irq_api.o)
    0x00003f7c   0x000000a0   Code   RO         1281    i.gpio_irq_init     mbed.ar(gpio_irq_api.o)
    0x0000401c   0x000000c8   Code   RO         1282    i.gpio_irq_set      mbed.ar(gpio_irq_api.o)
    0x000040e4   0x00000006   Code   RO          642    i.gpio_mode         mbed.ar(gpio_api.o)
    0x000040ea   0x00000002   PAD
    0x000040ec   0x000000f0   Code   RO         1283    i.handle_interrupt_in  mbed.ar(gpio_irq_api.o)
    0x000041dc   0x00000214   Code   RO          190    i.main              main.o
    0x000043f0   0x00000054   Code   RO         1133    i.mbed_assert_internal  mbed.ar(mbed_assert.o)
    0x00004444   0x00000120   Code   RO           14    i.mbed_die          mbed_board.o
    0x00004564   0x00000058   Code   RO           15    i.mbed_error_printf  mbed_board.o
    0x000045bc   0x00000050   Code   RO           16    i.mbed_error_vfprintf  mbed_board.o
    0x0000460c   0x00000004   Code   RO         1204    i.mbed_interface_connected  mbed.ar(mbed_interface.o)
    0x00004610   0x00000002   Code   RO           48    i.mbed_main         retarget.o
    0x00004612   0x00000002   Code   RO           49    i.mbed_sdk_init     retarget.o
    0x00004614   0x0000005c   Code   RO         1298    i.pin_function      mbed.ar(pinmap.o)
    0x00004670   0x00000090   Code   RO         1299    i.pin_mode          mbed.ar(pinmap.o)
    0x00004700   0x00000022   Code   RO         1387    i.pinmap_find_peripheral  mbed.ar(mbed_pinmap_common.o)
    0x00004722   0x00000002   PAD
    0x00004724   0x0000003c   Code   RO         1389    i.pinmap_merge      mbed.ar(mbed_pinmap_common.o)
    0x00004760   0x0000005c   Code   RO         1390    i.pinmap_peripheral  mbed.ar(mbed_pinmap_common.o)
    0x000047bc   0x00000058   Code   RO         1391    i.pinmap_pinout     mbed.ar(mbed_pinmap_common.o)
    0x00004814   0x00000100   Code   RO          656    i.pwmout_init       mbed.ar(pwmout_api.o)
    0x00004914   0x0000004c   Code   RO          657    i.pwmout_period     mbed.ar(pwmout_api.o)
    0x00004960   0x00000050   Code   RO          664    i.pwmout_write      mbed.ar(pwmout_api.o)
    0x000049b0   0x00000010   Code   RO         1227    i.semihost_connected  mbed.ar(mbed_semihost_api.o)
    0x000049c0   0x0000000c   Code   RO         1230    i.semihost_exit     mbed.ar(mbed_semihost_api.o)
    0x000049cc   0x000001c4   Code   RO          684    i.serial_baud       mbed.ar(serial_api.o)
    0x00004b90   0x00000180   Code   RO          691    i.serial_init       mbed.ar(serial_api.o)
    0x00004d10   0x0000001c   Code   RO          692    i.serial_irq_handler  mbed.ar(serial_api.o)
    0x00004d2c   0x000000cc   Code   RO          694    i.serial_irq_set_internal  mbed.ar(serial_api.o)
    0x00004df8   0x00000068   Code   RO          696    i.serial_putc       mbed.ar(serial_api.o)
    0x00004e60   0x0000010c   Code   RO          698    i.serial_set_flow_control  mbed.ar(serial_api.o)
    0x00004f6c   0x00000048   Code   RO         1405    i.ticker_insert_event  mbed.ar(mbed_ticker_api.o)
    0x00004fb4   0x0000004e   Code   RO         1406    i.ticker_irq_handler  mbed.ar(mbed_ticker_api.o)
    0x00005002   0x00000006   Code   RO         1407    i.ticker_read       mbed.ar(mbed_ticker_api.o)
    0x00005008   0x00000044   Code   RO         1408    i.ticker_remove_event  mbed.ar(mbed_ticker_api.o)
    0x0000504c   0x00000012   Code   RO         1409    i.ticker_set_handler  mbed.ar(mbed_ticker_api.o)
    0x0000505e   0x00000002   PAD
    0x00005060   0x00000014   Code   RO          700    i.uart0_irq         mbed.ar(serial_api.o)
    0x00005074   0x00000014   Code   RO          701    i.uart1_irq         mbed.ar(serial_api.o)
    0x00005088   0x00000014   Code   RO          702    i.uart2_irq         mbed.ar(serial_api.o)
    0x0000509c   0x00000014   Code   RO          703    i.uart3_irq         mbed.ar(serial_api.o)
    0x000050b0   0x00000068   Code   RO          704    i.uart_irq          mbed.ar(serial_api.o)
    0x00005118   0x0000000c   Code   RO         1309    i.us_ticker_clear_interrupt  mbed.ar(us_ticker.o)
    0x00005124   0x00000010   Code   RO         1310    i.us_ticker_disable_interrupt  mbed.ar(us_ticker.o)
    0x00005134   0x00000064   Code   RO         1311    i.us_ticker_init    mbed.ar(us_ticker.o)
    0x00005198   0x0000000c   Code   RO         1423    i.us_ticker_irq_handler  mbed.ar(mbed_us_ticker_api.o)
    0x000051a4   0x00000064   Code   RO         1312    i.us_ticker_read    mbed.ar(us_ticker.o)
    0x00005208   0x00000014   Code   RO         1313    i.us_ticker_set_interrupt  mbed.ar(us_ticker.o)
    0x0000521c   0x0000001c   Code   RO         1267    i.wait_ms           mbed.ar(mbed_wait_api.o)
    0x00005238   0x00000018   Code   RO         1268    i.wait_us           mbed.ar(mbed_wait_api.o)
    0x00005250   0x0000002c   Code   RO         2166    locale$$code        c_w.l(lc_numeric_c.o)
    0x0000527c   0x0000002c   Code   RO         2239    locale$$code        c_w.l(lc_ctype_c.o)
    0x000052a8   0x0000002c   Code   RO         1353    t._ZN12SingletonPtrI13PlatformMutexEptEv  mbed.ar(FileBase.o)
    0x000052d4   0x00000014   Code   RO          217    t._ZN4mbed8CallbackIFvvEE12_methodthunkI10DebounceInEEvPvS5_  main.o
    0x000052e8   0x00000014   Code   RO          232    t._ZN4mbed8CallbackIFvvEE12_methodthunkI9PrintHeadEEvPvS5_  main.o
    0x000052fc   0x000000c4   Code   RO         1731    x$fpl$fadd          fz_ws.l(faddsub_clz.o)
    0x000053c0   0x00000184   Code   RO         1738    x$fpl$fdiv          fz_ws.l(fdiv.o)
    0x00005544   0x00000036   Code   RO         1741    x$fpl$ffix          fz_ws.l(ffix.o)
    0x0000557a   0x00000002   PAD
    0x0000557c   0x0000003e   Code   RO         1745    x$fpl$ffixu         fz_ws.l(ffixu.o)
    0x000055ba   0x00000002   PAD
    0x000055bc   0x00000030   Code   RO         1750    x$fpl$fflt          fz_ws.l(fflt_clz.o)
    0x000055ec   0x00000026   Code   RO         1749    x$fpl$ffltu         fz_ws.l(fflt_clz.o)
    0x00005612   0x00000002   PAD
    0x00005614   0x00000102   Code   RO         1755    x$fpl$fmul          fz_ws.l(fmul.o)
    0x00005716   0x0000008c   Code   RO         1960    x$fpl$fnaninf       fz_ws.l(fnaninf.o)
    0x000057a2   0x0000000a   Code   RO         1962    x$fpl$fretinf       fz_ws.l(fretinf.o)
    0x000057ac   0x000000ea   Code   RO         1733    x$fpl$fsub          fz_ws.l(faddsub_clz.o)
    0x00005896   0x00000004   Code   RO         1964    x$fpl$printf1       fz_ws.l(printf1.o)
    0x0000589a   0x00000004   Code   RO         1966    x$fpl$printf2       fz_ws.l(printf2.o)
    0x0000589e   0x00000000   Code   RO         1974    x$fpl$usenofp       fz_ws.l(usenofp.o)
    0x0000589e   0x00000017   Data   RO           94    .constdata          retarget.o
    0x000058b5   0x00000003   PAD
    0x000058b8   0x00000030   Data   RO          194    .constdata          main.o
    0x000058e8   0x000000b4   Data   RO          665    .constdata          mbed.ar(pwmout_api.o)
    0x0000599c   0x00000120   Data   RO          706    .constdata          mbed.ar(serial_api.o)
    0x00005abc   0x00000014   Data   RO         1424    .constdata          mbed.ar(mbed_us_ticker_api.o)
    0x00005ad0   0x00000008   Data   RO         1425    .constdata          mbed.ar(mbed_us_ticker_api.o)
    0x00005ad8   0x00000028   Data   RO         1527    .constdata          c_w.l(_printf_hex_int_ll_ptr.o)
    0x00005b00   0x00000011   Data   RO         1547    .constdata          c_w.l(__printf_flags_ss_wp.o)
    0x00005b11   0x00000003   PAD
    0x00005b14   0x00000008   Data   RO         1813    .constdata          c_w.l(_printf_wctomb.o)
    0x00005b1c   0x00000026   Data   RO         2012    .constdata          c_w.l(_printf_fp_hex.o)
    0x00005b42   0x00000002   PAD
    0x00005b44   0x00000094   Data   RO         2139    .constdata          c_w.l(bigflt0.o)
    0x00005bd8   0x00000034   Data   RO          153    .constdata__ZTVN4mbed10FileHandleE  retarget.o
    0x00005c0c   0x00000018   Data   RO          984    .constdata__ZTVN4mbed10SerialBaseE  mbed.ar(SerialBase.o)
    0x00005c24   0x00000014   Data   RO         1127    .constdata__ZTVN4mbed10TimerEventE  mbed.ar(TimerEvent.o)
    0x00005c38   0x00000010   Data   RO          873    .constdata__ZTVN4mbed11InterruptInE  mbed.ar(InterruptIn.o)
    0x00005c48   0x0000006c   Data   RO          910    .constdata__ZTVN4mbed6SerialE  mbed.ar(Serial.o)
    0x00005cb4   0x0000004c   Data   RO         1095    .constdata__ZTVN4mbed6StreamE  mbed.ar(Stream.o)
    0x00005d00   0x00000014   Data   RO         1009    .constdata__ZTVN4mbed6TickerE  mbed.ar(Ticker.o)
    0x00005d14   0x00000010   Data   RO         1352    .constdata__ZTVN4mbed8FileBaseE  mbed.ar(FileBase.o)
    0x00005d24   0x00000044   Data   RO         1380    .constdata__ZTVN4mbed8FileLikeE  mbed.ar(FileLike.o)
    0x00005d68   0x00000014   Data   RO          154    .constdata__ZZN12SingletonPtrI13PlatformMutexE3getEvEs  retarget.o
    0x00005d7c   0x00000045   Data   RO          155    .constdata__ZZN12SingletonPtrI13PlatformMutexE3getEvEs_0  retarget.o
    0x00005dc1   0x00000003   PAD
    0x00005dc4   0x0000006d   Data   RO           17    .conststring        mbed_board.o
    0x00005e31   0x00000003   PAD
    0x00005e34   0x0000005f   Data   RO          644    .conststring        mbed.ar(gpio_api.o)
    0x00005e93   0x00000001   PAD
    0x00005e94   0x00000061   Data   RO          666    .conststring        mbed.ar(pwmout_api.o)
    0x00005ef5   0x00000003   PAD
    0x00005ef8   0x00000061   Data   RO          707    .conststring        mbed.ar(serial_api.o)
    0x00005f59   0x00000003   PAD
    0x00005f5c   0x00000045   Data   RO         1181    .conststring        mbed.ar(mbed_critical.o)
    0x00005fa1   0x00000003   PAD
    0x00005fa4   0x0000005d   Data   RO         1300    .conststring        mbed.ar(pinmap.o)
    0x00006001   0x00000003   PAD
    0x00006004   0x00000020   Data   RO         2328    Region$$Table       anon$$obj.o
    0x00006024   0x0000001c   Data   RO         2165    locale$$data        c_w.l(lc_numeric_c.o)
    0x00006040   0x00000110   Data   RO         2238    locale$$data        c_w.l(lc_ctype_c.o)
    0x00006150   0x00000004   Data   RO          196    .init_array         main.o
    0x00006154   0x00000000   Data   RO         1614    .init_array         c_w.l(init_aeabi.o)


    Execution Region RW_IRAM1 (Base: 0x100000c8, Size: 0x000005c4, Max: 0x00007f38, ABSOLUTE)

    Base Addr    Size         Type   Attr      Idx    E Section Name        Object

    0x100000c8   0x00000008   Data   RW           97    .data               retarget.o
    0x100000d0   0x00000004   Data   RW          180    .data               system_LPC17xx.o
    0x100000d4   0x00000002   Data   RW          195    .data               main.o
    0x100000d6   0x00000002   PAD
    0x100000d8   0x00000020   Data   RW          667    .data               mbed.ar(pwmout_api.o)
    0x100000f8   0x00000010   Data   RW          708    .data               mbed.ar(serial_api.o)
    0x10000108   0x00000008   Data   RW         1182    .data               mbed.ar(mbed_critical.o)
    0x10000110   0x00000004   Data   RW         1285    .data               mbed.ar(gpio_irq_api.o)
    0x10000114   0x00000004   Data   RW         1314    .data               mbed.ar(us_ticker.o)
    0x10000118   0x0000000c   Data   RW         1340    .data               mbed.ar(FileBase.o)
    0x10000124   0x00000008   Data   RW         1426    .data               mbed.ar(mbed_us_ticker_api.o)
    0x1000012c   0x00000004   Data   RW         1578    .data               c_w.l(stdio_streams.o)
    0x10000130   0x00000004   Data   RW         1579    .data               c_w.l(stdio_streams.o)
    0x10000134   0x00000004   Data   RW         1580    .data               c_w.l(stdio_streams.o)
    0x10000138   0x00000004   Data   RW         2075    .data               c_w.l(heapauxa.o)
    0x1000013c   0x00000040   Zero   RW           93    .bss                retarget.o
    0x1000017c   0x00000254   Zero   RW          193    .bss                main.o
    0x100003d0   0x000000e0   Zero   RW          705    .bss                mbed.ar(serial_api.o)
    0x100004b0   0x000000c0   Zero   RW         1284    .bss                mbed.ar(gpio_irq_api.o)
    0x10000570   0x00000054   Zero   RW         1575    .bss                c_w.l(stdio_streams.o)
    0x100005c4   0x00000054   Zero   RW         1576    .bss                c_w.l(stdio_streams.o)
    0x10000618   0x00000054   Zero   RW         1577    .bss                c_w.l(stdio_streams.o)
    0x1000066c   0x00000004   Zero   RW         1765    .bss                c_w.l(rt_heap_descriptor.o)
    0x10000670   0x00000004   Zero   RW         1770    .bss                c_w.l(rt_ddtor_pointer_addr.o)
    0x10000674   0x00000014   Zero   RW         2120    .bss                c_w.l(rt_locale.o)
    0x10000688   0x00000004   Zero   RW         2130    .bss                c_w.l(rt_errno_addr.o)


    Execution Region RW_IRAM2 (Base: 0x2007c000, Size: 0x00000000, Max: 0x00004000, ABSOLUTE)

    **** No section assigned to this execution region ****


    Execution Region RW_IRAM3 (Base: 0x20080000, Size: 0x00000000, Max: 0x00004000, ABSOLUTE)

    **** No section assigned to this execution region ****


    Execution Region RW_IRAM4 (Base: 0x40038000, Size: 0x00000000, Max: 0x00000800, ABSOLUTE)

    **** No section assigned to this execution region ****


==============================================================================

Image component sizes


      Code (inc. data)   RO Data    RW Data    ZI Data      Debug   Object Name

        52          6          0          0          0         84   cmsis_nvic.o
      1924        250         52          2        596      55674   main.o
       456         70        109          0          0        260   mbed_board.o
      1030        108        164          8         64       1140   retarget.o
        40         12        196          0          0        228   startup_LPC17xx.o
        16          6          0          0          0         68   sys.o
       160         10          0          4          0         68   system_LPC17xx.o

    ----------------------------------------------------------------------
      3680        462        562         16        660      57522   Object Totals
         0          0         32          0          0          0   (incl. Generated)
         2          0          9          2          0          0   (incl. Padding)

    ----------------------------------------------------------------------

      Code (inc. data)   RO Data    RW Data    ZI Data      Debug   Library Member Name

        60          8          0          0          0         84   __0sscanf.o
        44          6          0          0          0         84   __2sprintf.o
         8          0          0          0          0         68   __main.o
       392          4         17          0          0         92   __printf_flags_ss_wp.o
        14          0          0          0          0         68   __printf_wp.o
         0          0          0          0          0          0   __rtentry.o
        12          0          0          0          0          0   __rtentry2.o
         6          0          0          0          0          0   __rtentry4.o
        52          8          0          0          0          0   __scatter.o
        26          0          0          0          0          0   __scatter_copy.o
        28          0          0          0          0          0   __scatter_zi.o
        28          0          0          0          0         68   _chval.o
         6          0          0          0          0          0   _printf_a.o
         6          0          0          0          0          0   _printf_c.o
        44          0          0          0          0        108   _printf_char.o
        48          6          0          0          0         96   _printf_char_common.o
        36          4          0          0          0         80   _printf_char_file.o
        40          0          0          0          0         68   _printf_charcount.o
         6          0          0          0          0          0   _printf_d.o
       120         16          0          0          0         92   _printf_dec.o
         6          0          0          0          0          0   _printf_e.o
         6          0          0          0          0          0   _printf_f.o
      1050          0          0          0          0        216   _printf_fp_dec.o
       764          8         38          0          0        100   _printf_fp_hex.o
       128         16          0          0          0         84   _printf_fp_infnan.o
         6          0          0          0          0          0   _printf_g.o
       148          4         40          0          0        160   _printf_hex_int_ll_ptr.o
         6          0          0          0          0          0   _printf_i.o
       178          0          0          0          0         88   _printf_intcommon.o
        10          0          0          0          0          0   _printf_l.o
         6          0          0          0          0          0   _printf_lc.o
        10          0          0          0          0          0   _printf_ll.o
         6          0          0          0          0          0   _printf_lld.o
         6          0          0          0          0          0   _printf_lli.o
         6          0          0          0          0          0   _printf_llo.o
         6          0          0          0          0          0   _printf_llu.o
         6          0          0          0          0          0   _printf_llx.o
       124         16          0          0          0         92   _printf_longlong_dec.o
         6          0          0          0          0          0   _printf_ls.o
         6          0          0          0          0          0   _printf_n.o
         6          0          0          0          0          0   _printf_o.o
       112         10          0          0          0        124   _printf_oct_int_ll.o
         6          0          0          0          0          0   _printf_p.o
        78          0          0          0          0        108   _printf_pad.o
         0          0          0          0          0          0   _printf_percent.o
         4          0          0          0          0          0   _printf_percent_end.o
         6          0          0          0          0          0   _printf_s.o
        82          0          0          0          0         80   _printf_str.o
        36          0          0          0          0         84   _printf_truncate.o
         6          0          0          0          0          0   _printf_u.o
        44          0          0          0          0        108   _printf_wchar.o
       188          6          8          0          0         92   _printf_wctomb.o
         6          0          0          0          0          0   _printf_x.o
       884          6          0          0          0        100   _scanf.o
       332          0          0          0          0         96   _scanf_int.o
        64          0          0          0          0         84   _sgetc.o
        10          0          0          0          0         68   _sputc.o
        64          0          0          0          0         92   _wcrtomb.o
        46          0          0          0          0         84   aeabi_atexit.o
       220          4        148          0          0         96   bigflt0.o
      1910        128          0          0          0        672   btod.o
        10          0          0          0          0         68   c89vfprintf.o
        66          0          0          0          0         84   cxa_finalize.o
        10          0          0          0          0         68   defsig_exit.o
        50          0          0          0          0         88   defsig_general.o
        48         34          0          0          0         76   defsig_pvfn_inner.o
        14          0          0          0          0         80   defsig_pvfn_outer.o
        80         58          0          0          0         76   defsig_rtmem_inner.o
        14          0          0          0          0         80   defsig_rtmem_outer.o
        52         38          0          0          0         76   defsig_rtred_inner.o
        14          0          0          0          0         80   defsig_rtred_outer.o
        76          0          0          0          0         88   fclose.o
         8          0          0          0          0         68   ferror.o
       100          4          0          0          0        120   fflush.o
       470          0          0          0          0         88   flsbuf.o
       236          4          0          0          0        128   fopen.o
        26          0          0          0          0         68   fputc.o
       248          6          0          0          0         84   fseek.o
        66          0          0          0          0         76   ftell.o
        94          0          0          0          0         80   h1_alloc.o
        52          0          0          0          0         68   h1_extend.o
        78          0          0          0          0         80   h1_free.o
        14          0          0          0          0         84   h1_init.o
        80          6          0          4          0         96   heapauxa.o
         4          0          0          0          0        136   hguard.o
         0          0          0          0          0          0   indicate_semi.o
        36         10          0          0          0         80   init_aeabi.o
       138          0          0          0          0        168   init_alloc.o
       312         46          0          0          0        112   initio.o
        18          0          0          0          0         76   isspace.o
        44         10        272          0          0         76   lc_ctype_c.o
        44         10         28          0          0         76   lc_numeric_c.o
         2          0          0          0          0          0   libinit.o
        46          0          0          0          0          0   libinit2.o
         0          0          0          0          0          0   libshutdown2.o
       138          0          0          0          0         80   lludiv10.o
         0          0          0          0          0          0   maybetermalloc1.o
        16          4          0          0          0         76   rt_ctype_table.o
         8          4          0          0          4         68   rt_ddtor_pointer_addr.o
         8          4          0          0          4         68   rt_errno_addr.o
         8          4          0          0          4         68   rt_heap_descriptor.o
         8          4          0          0         20         68   rt_locale.o
        78          0          0          0          0         80   rt_memclr_w.o
       100          0          0          0          0         80   rt_memcpy_w.o
        44          8          0          0          0         84   scanf_char.o
        20          0          0          0          0         68   setbuf.o
        70          0          0          0          0         80   setvbuf.o
       240          6          0          0          0        156   stdio.o
         0          0          0         12        252          0   stdio_streams.o
       128          0          0          0          0         68   strcmpv7m.o
        62          0          0          0          0         76   strlen.o
       150          0          0          0          0         80   strncmp.o
        12          4          0          0          0         68   sys_exit.o
        14          0          0          0          0         76   sys_wrch.o
         2          0          0          0          0         68   use_no_semi.o
        36          4          0          0          0         76   vsprintf.o
        36          0          0          0          0         84   aeabi_vec_ctor_nocookie_nodtor.o
         6          0          0          0          0         68   pure_virt.o
       430          8          0          0          0        168   faddsub_clz.o
       388         76          0          0          0         96   fdiv.o
        54          4          0          0          0         84   ffix.o
        62          4          0          0          0         84   ffixu.o
        86          0          0          0          0        136   fflt_clz.o
       258          4          0          0          0         84   fmul.o
       140          4          0          0          0         84   fnaninf.o
        10          0          0          0          0         68   fretinf.o
         4          0          0          0          0         68   printf1.o
         4          0          0          0          0         68   printf2.o
         0          0          0          0          0          0   usenofp.o
        40          0          0          0          0         68   fpclassify.o
       292         52         16         12          0        380   FileBase.o
        54         10         68          0          0        156   FileLike.o
       154          0          0          0          0        440   FilePath.o
       396         50         16          0          0        552   InterruptIn.o
        50          4        108          0          0        416   Serial.o
       162         14         24          0          0        516   SerialBase.o
       222         16         76          0          0        608   Stream.o
       106          0         20          0          0        248   Ticker.o
        96         12         20          0          0        356   TimerEvent.o
       148         30         95          0          0        228   gpio_api.o
       616         90          0          4        192        352   gpio_irq_api.o
        84         52          0          0          0         88   mbed_assert.o
       228         98         69          8          0        156   mbed_critical.o
        18          0          0          0          0         80   mbed_error.o
       216         36          0          0          0        268   mbed_gpio.o
         4          0          0          0          0         68   mbed_interface.o
       274         78          0          0          0        308   mbed_pinmap_common.o
        28          6          0          0          0        144   mbed_semihost_api.o
       242          0          0          0          0        420   mbed_ticker_api.o
        20         10         28          8          0        136   mbed_us_ticker_api.o
        52          0          0          0          0        160   mbed_wait_api.o
       236         48         93          0          0        160   pinmap.o
       412         72        277         32          0        252   pwmout_api.o
      1624        170        385         16        224        908   serial_api.o
       248         64          0          4          0        356   us_ticker.o

    ----------------------------------------------------------------------
     18810       1530       1864        100        700      16568   Library Totals
        54          0         18          0          0          0   (incl. Padding)

    ----------------------------------------------------------------------

      Code (inc. data)   RO Data    RW Data    ZI Data      Debug   Library Name

     11256        518        551         16        284       7652   c_w.l
        42          0          0          0          0        152   cpprt_w.l
      1436        100          0          0          0        940   fz_ws.l
        40          0          0          0          0         68   m_ws.l
      5982        912       1295         84        416       7756   mbed.ar

    ----------------------------------------------------------------------
     18810       1530       1864        100        700      16568   Library Totals

    ----------------------------------------------------------------------

==============================================================================


      Code (inc. data)   RO Data    RW Data    ZI Data      Debug   

     22490       1992       2426        116       1360      62230   Grand Totals
     22490       1992       2426        116       1360      62230   ELF Image Totals
     22490       1992       2426        116          0          0   ROM Totals

==============================================================================

    Total RO  Size (Code + RO Data)                24916 (  24.33kB)
    Total RW  Size (RW Data + ZI Data)              1476 (   1.44kB)
    Total ROM Size (Code + RO Data + RW Data)      25032 (  24.45kB)

==============================================================================

