Component: ARM Compiler 5.06 update 4 (build 422) Tool: armlink [4d35d2]

==============================================================================

Section Cross References

    cmsis_nvic.o(i.__NVIC_SetVector) refers to rt_memcpy_w.o(.text) for __aeabi_memcpy4
    mbed_board.o(i.mbed_die) refers to mbed_critical.o(i.core_util_critical_section_enter) for core_util_critical_section_enter
    mbed_board.o(i.mbed_die) refers to mbed_gpio.o(i.gpio_init_out) for gpio_init_out
    mbed_board.o(i.mbed_die) refers to mbed_assert.o(i.mbed_assert_internal) for mbed_assert_internal
    mbed_board.o(i.mbed_die) refers to mbed_wait_api.o(i.wait_ms) for wait_ms
    mbed_board.o(i.mbed_die) refers to mbed_board.o(.conststring) for .conststring
    mbed_board.o(i.mbed_error_printf) refers to mbed_critical.o(i.core_util_critical_section_enter) for core_util_critical_section_enter
    mbed_board.o(i.mbed_error_printf) refers to vsprintf.o(.text) for vsprintf
    mbed_board.o(i.mbed_error_printf) refers to serial_api.o(i.serial_init) for serial_init
    mbed_board.o(i.mbed_error_printf) refers to serial_api.o(i.serial_putc) for serial_putc
    mbed_board.o(i.mbed_error_printf) refers to mbed_critical.o(i.core_util_critical_section_exit) for core_util_critical_section_exit
    mbed_board.o(i.mbed_error_printf) refers to serial_api.o(.data) for stdio_uart_inited
    mbed_board.o(i.mbed_error_vfprintf) refers to mbed_critical.o(i.core_util_critical_section_enter) for core_util_critical_section_enter
    mbed_board.o(i.mbed_error_vfprintf) refers to vsprintf.o(.text) for vsprintf
    mbed_board.o(i.mbed_error_vfprintf) refers to serial_api.o(i.serial_init) for serial_init
    mbed_board.o(i.mbed_error_vfprintf) refers to serial_api.o(i.serial_putc) for serial_putc
    mbed_board.o(i.mbed_error_vfprintf) refers to mbed_critical.o(i.core_util_critical_section_exit) for core_util_critical_section_exit
    mbed_board.o(i.mbed_error_vfprintf) refers to serial_api.o(.data) for stdio_uart_inited
    retarget.o(i.$Sub$$main) refers to retarget.o(i.mbed_sdk_init) for mbed_sdk_init
    retarget.o(i.$Sub$$main) refers to retarget.o(i.mbed_main) for mbed_main
    retarget.o(i.$Sub$$main) refers to main.o(i.main) for $Super$$main
    retarget.o(i._ZN4mbed10FileHandleD0Ev) refers to mbed_assert.o(i.mbed_assert_internal) for mbed_assert_internal
    retarget.o(i._ZN4mbed10FileHandleD0Ev) refers to h1_free.o(.text) for free
    retarget.o(i._ZN4mbed10FileHandleD0Ev) refers to retarget.o(.constdata__ZTVN4mbed10FileHandleE) for vtable for mbed::FileHandle
    retarget.o(i._ZN4mbed10FileHandleD0Ev) refers to retarget.o(.data) for .data
    retarget.o(i._ZN4mbed10FileHandleD0Ev) refers to retarget.o(.constdata__ZZN12SingletonPtrI13PlatformMutexE3getEvEs_0) for SingletonPtr<PlatformMutex>::get()::string (instance 2)
    retarget.o(i._ZN4mbed10FileHandleD0Ev) refers to retarget.o(.constdata__ZZN12SingletonPtrI13PlatformMutexE3getEvEs) for SingletonPtr<PlatformMutex>::get()::string
    retarget.o(i._ZN4mbed10FileHandleD0Ev) refers to retarget.o(.bss) for .bss
    retarget.o(i._ZN4mbed10FileHandleD2Ev) refers to mbed_assert.o(i.mbed_assert_internal) for mbed_assert_internal
    retarget.o(i._ZN4mbed10FileHandleD2Ev) refers to retarget.o(.constdata__ZTVN4mbed10FileHandleE) for vtable for mbed::FileHandle
    retarget.o(i._ZN4mbed10FileHandleD2Ev) refers to retarget.o(.data) for .data
    retarget.o(i._ZN4mbed10FileHandleD2Ev) refers to retarget.o(.constdata__ZZN12SingletonPtrI13PlatformMutexE3getEvEs_0) for SingletonPtr<PlatformMutex>::get()::string (instance 2)
    retarget.o(i._ZN4mbed10FileHandleD2Ev) refers to retarget.o(.constdata__ZZN12SingletonPtrI13PlatformMutexE3getEvEs) for SingletonPtr<PlatformMutex>::get()::string
    retarget.o(i._ZN4mbed10FileHandleD2Ev) refers to retarget.o(.bss) for .bss
    retarget.o(i._ZN4mbed26mbed_set_unbuffered_streamEPSt6__FILE) refers to setbuf.o(.text) for setbuf
    retarget.o(i._ZN4mbed9mbed_getcEPSt6__FILE) refers to fgetc.o(i.fgetc) for fgetc
    retarget.o(i._ZN4mbed9mbed_getsEPciPSt6__FILE) refers to fgets.o(.text) for fgets
    retarget.o(i._ZdaPv) refers to h1_free.o(.text) for free
    retarget.o(i._ZdlPv) refers to h1_free.o(.text) for free
    retarget.o(i._Znaj) refers to h1_alloc.o(.text) for malloc
    retarget.o(i._Znaj) refers to mbed_error.o(i.error) for error
    retarget.o(i._Znwj) refers to h1_alloc.o(.text) for malloc
    retarget.o(i._Znwj) refers to mbed_error.o(i.error) for error
    retarget.o(i._sys_close) refers to retarget.o(.bss) for .bss
    retarget.o(i._sys_ensure) refers to retarget.o(.bss) for .bss
    retarget.o(i._sys_flen) refers to retarget.o(.bss) for .bss
    retarget.o(i._sys_istty) refers to retarget.o(.bss) for .bss
    retarget.o(i._sys_open) refers to _scanf_int.o(.text) for _scanf_int
    retarget.o(i._sys_open) refers to strcmpv7m.o(.text) for strcmp
    retarget.o(i._sys_open) refers to mbed_assert.o(i.mbed_assert_internal) for mbed_assert_internal
[...]
    _ftell_internal                          0x00002563   Thumb Code    66  ftell.o(.text)
    ftell                                    0x00002563   Thumb Code     0  ftell.o(.text)
    _flushlinebuffered                       0x000025a5   Thumb Code    50  flushlinebuffered.o(.text)
    _wcrtomb                                 0x000025dd   Thumb Code    64  _wcrtomb.o(.text)
    __sig_exit                               0x0000261d   Thumb Code    10  defsig_exit.o(.text)
    __rt_SIGRTRED                            0x00002627   Thumb Code    14  defsig_rtred_outer.o(.text)
    __rt_SIGRTMEM                            0x00002635   Thumb Code    14  defsig_rtmem_outer.o(.text)
    __rt_SIGPVFN_inner                       0x00002645   Thumb Code    14  defsig_pvfn_inner.o(.text)
    __rt_heap_escrow                         0x00002675   Thumb Code    22  heapauxa.o(.text)
    __rt_heap_expand                         0x0000268b   Thumb Code    52  heapauxa.o(.text)
    _sys_exit                                0x000026c5   Thumb Code     8  sys_exit.o(.text)
    __rt_locale                              0x000026d1   Thumb Code     8  rt_locale.o(.text)
    _printf_fp_infnan                        0x000026d9   Thumb Code   112  _printf_fp_infnan.o(.text)
    _btod_etento                             0x00002759   Thumb Code   216  bigflt0.o(.text)
    __default_signal_display                 0x00002835   Thumb Code    50  defsig_general.o(.text)
    __rt_SIGRTRED_inner                      0x00002869   Thumb Code    14  defsig_rtred_inner.o(.text)
    __rt_SIGRTMEM_inner                      0x0000289d   Thumb Code    22  defsig_rtmem_inner.o(.text)
    _ttywrch                                 0x000028ed   Thumb Code    14  sys_wrch.o(.text)
    __semihosting_library_function           0x000028fb   Thumb Code     0  indicate_semi.o(.text)
    _btod_d2e                                0x000028fb   Thumb Code    62  btod.o(CL$$btod_d2e)
    _d2e_denorm_low                          0x00002939   Thumb Code    70  btod.o(CL$$btod_d2e_denorm_low)
    _d2e_norm_op1                            0x0000297f   Thumb Code    96  btod.o(CL$$btod_d2e_norm_op1)
    __btod_div_common                        0x000029df   Thumb Code   696  btod.o(CL$$btod_div_common)
    _e2e                                     0x00002d17   Thumb Code   198  btod.o(CL$$btod_e2e)
    _btod_ediv                               0x00002ddd   Thumb Code    40  btod.o(CL$$btod_ediv)
    _btod_emul                               0x00002e05   Thumb Code    40  btod.o(CL$$btod_emul)
    __btod_mult_common                       0x00002e2d   Thumb Code   580  btod.o(CL$$btod_mult_common)
    main                                     0x00003071   Thumb Code    18  retarget.o(i.$Sub$$main)
    SystemInit                               0x0000308d   Thumb Code   150  system_LPC17xx.o(i.SystemInit)
    register_commands()                      0x0000312d   Thumb Code    76  main.o(i._Z17register_commandsv)
    serial_name_callback(char(*)[100], int)  0x000031a1   Thumb Code   126  main.o(i._Z20serial_name_callbackPA100_ci)
    serial_feedrate_callback(char(*)[100], int) 0x00003245   Thumb Code    70  main.o(i._Z24serial_feedrate_callbackPA100_ci)
    serial_position_callback(char(*)[100], int) 0x00003295   Thumb Code   132  main.o(i._Z24serial_position_callbackPA100_ci)
    serial_heartbeat_callback(char(*)[100], int) 0x00003325   Thumb Code    14  main.o(i._Z25serial_heartbeat_callbackPA100_ci)
    serial_positioning_mode_callback(char(*)[100], int) 0x00003335   Thumb Code   100  main.o(i._Z32serial_positioning_mode_callbackPA100_ci)
    SerialCommander::send_return(char(*)[100], int) 0x000033a5   Thumb Code    84  serialcommander.o(i._ZN15SerialCommander11send_returnEPA100_ci)
    SerialCommander::send_response(char*)    0x000033fd   Thumb Code    10  serialcommander.o(i._ZN15SerialCommander13send_responseEPc)
    SerialCommander::register_command(char*, int, void(*)(char(*)[100], int)) 0x00003411   Thumb Code    32  serialcommander.o(i._ZN15SerialCommander16register_commandEPciPFvPA100_ciE)
    SerialCommander::static_serial_irq()     0x00003431   Thumb Code     8  serialcommander.o(i._ZN15SerialCommander17static_serial_irqEv)
    SerialCommander::handle_serial_character() 0x0000343d   Thumb Code   324  serialcommander.o(i._ZN15SerialCommander23handle_serial_characterEv)
    SerialCommander::setup()                 0x00003581   Thumb Code    44  serialcommander.o(i._ZN15SerialCommander5setupEv)
    SerialCommander::instance()              0x000035b5   Thumb Code    36  serialcommander.o(i._ZN15SerialCommander8instanceEv)
    SerialCommander::send_ack()              0x000035e1   Thumb Code    10  serialcommander.o(i._ZN15SerialCommander8send_ackEv)
    SerialCommander::send_nack()             0x000035f5   Thumb Code    10  serialcommander.o(i._ZN15SerialCommander9send_nackEv)
    mbed::FileHandle::flen()                 0x0000360d   Thumb Code    82  retarget.o(i._ZN4mbed10FileHandle4flenEv)
    mbed::FileHandle::lock()                 0x0000365f   Thumb Code     2  retarget.o(i._ZN4mbed10FileHandle4lockEv)
    mbed::FileHandle::unlock()               0x00003661   Thumb Code     2  retarget.o(i._ZN4mbed10FileHandle6unlockEv)
    mbed::FileHandle::~FileHandle()          0x00003665   Thumb Code     0  retarget.o(i._ZN4mbed10FileHandleD2Ev)
    mbed::FileHandle::~FileHandle__sub_object() 0x00003665   Thumb Code    96  retarget.o(i._ZN4mbed10FileHandleD2Ev)
    mbed::SerialBase::_base_getc()           0x000036d9   Thumb Code     6  SerialBase.o(i._ZN4mbed10SerialBase10_base_getcEv)
    mbed::SerialBase::_base_putc(int)        0x000036df   Thumb Code    14  SerialBase.o(i._ZN4mbed10SerialBase10_base_putcEi)
    mbed::SerialBase::_irq_handler(unsigned, SerialIrq) 0x000036ed   Thumb Code    20  SerialBase.o(i._ZN4mbed10SerialBase12_irq_handlerEj9SerialIrq)
    mbed::SerialBase::baud(int)              0x00003701   Thumb Code    36  SerialBase.o(i._ZN4mbed10SerialBase4baudEi)
    mbed::SerialBase::lock()                 0x00003725   Thumb Code     2  SerialBase.o(i._ZN4mbed10SerialBase4lockEv)
    mbed::SerialBase::attach(mbed::Callback<void()>, mbed::SerialBase::IrqType) 0x00003727   Thumb Code    82  SerialBase.o(i._ZN4mbed10SerialBase6attachENS_8CallbackIFvvEEENS0_7IrqTypeE)
    mbed::SerialBase::unlock()               0x00003779   Thumb Code     2  SerialBase.o(i._ZN4mbed10SerialBase6unlockEv)
    mbed::SerialBase::readable()             0x0000377b   Thumb Code    32  SerialBase.o(i._ZN4mbed10SerialBase8readableEv)
    mbed::SerialBase::SerialBase(PinName, PinName) 0x0000379d   Thumb Code    66  SerialBase.o(i._ZN4mbed10SerialBaseC1E7PinNameS1_)
    mbed::SerialBase::SerialBase__sub_object(PinName, PinName) 0x0000379d   Thumb Code     0  SerialBase.o(i._ZN4mbed10SerialBaseC1E7PinNameS1_)
    mbed::TimerEvent::irq(unsigned)          0x000037ed   Thumb Code     6  TimerEvent.o(i._ZN4mbed10TimerEvent3irqEj)
    mbed::TimerEvent::insert(unsigned)       0x000037f3   Thumb Code    16  TimerEvent.o(i._ZN4mbed10TimerEvent6insertEj)
    mbed::TimerEvent::remove()               0x00003803   Thumb Code    10  TimerEvent.o(i._ZN4mbed10TimerEvent6removeEv)
    mbed::TimerEvent::TimerEvent__sub_object() 0x0000380d   Thumb Code    32  TimerEvent.o(i._ZN4mbed10TimerEventC2Ev)
    mbed::TimerEvent::~TimerEvent()          0x00003835   Thumb Code     0  TimerEvent.o(i._ZN4mbed10TimerEventD2Ev)
    mbed::TimerEvent::~TimerEvent__sub_object() 0x00003835   Thumb Code    20  TimerEvent.o(i._ZN4mbed10TimerEventD2Ev)
    mbed::InterruptIn::_irq_handler(unsigned, gpio_irq_event) 0x0000384d   Thumb Code    44  InterruptIn.o(i._ZN4mbed11InterruptIn12_irq_handlerEj14gpio_irq_event)
    mbed::InterruptIn::fall(mbed::Callback<void()>) 0x00003879   Thumb Code    74  InterruptIn.o(i._ZN4mbed11InterruptIn4fallENS_8CallbackIFvvEEE)
    mbed::InterruptIn::read()                0x000038c5   Thumb Code    36  InterruptIn.o(i._ZN4mbed11InterruptIn4readEv)
    mbed::InterruptIn::rise(mbed::Callback<void()>) 0x00003905   Thumb Code    74  InterruptIn.o(i._ZN4mbed11InterruptIn4riseENS_8CallbackIFvvEEE)
    mbed::InterruptIn::InterruptIn(PinName)  0x00003951   Thumb Code    62  InterruptIn.o(i._ZN4mbed11InterruptInC1E7PinName)
    mbed::InterruptIn::InterruptIn__sub_object(PinName) 0x00003951   Thumb Code     0  InterruptIn.o(i._ZN4mbed11InterruptInC1E7PinName)
    mbed::InterruptIn::~InterruptIn()        0x00003999   Thumb Code    20  InterruptIn.o(i._ZN4mbed11InterruptInD1Ev)
    mbed::InterruptIn::~InterruptIn__sub_object() 0x00003999   Thumb Code     0  InterruptIn.o(i._ZN4mbed11InterruptInD1Ev)
    mbed::InterruptIn::operator int()        0x000039b1   Thumb Code    36  InterruptIn.o(i._ZN4mbed11InterruptIncviEv)
    mbed::FileSystemLike::FileSystemLike__sub_object(const char*) 0x000039dd   Thumb Code    14  FileSystemLike.o(i._ZN4mbed14FileSystemLikeC2EPKc)
    mbed::FileSystemLike::~FileSystemLike()  0x000039f1   Thumb Code     0  FileSystemLike.o(i._ZN4mbed14FileSystemLikeD2Ev)
    mbed::FileSystemLike::~FileSystemLike__sub_object() 0x000039f1   Thumb Code     4  FileSystemLike.o(i._ZN4mbed14FileSystemLikeD2Ev)
    mbed::LocalFileHandle::flen()            0x000039f5   Thumb Code    32  LocalFileSystem.o(i._ZN4mbed15LocalFileHandle4flenEv)
    mbed::LocalFileHandle::lock()            0x00003a15   Thumb Code     2  LocalFileSystem.o(i._ZN4mbed15LocalFileHandle4lockEv)
    mbed::LocalFileHandle::read(void*, unsigned) 0x00003a17   Thumb Code    48  LocalFileSystem.o(i._ZN4mbed15LocalFileHandle4readEPvj)
    mbed::LocalFileHandle::close()           0x00003a47   Thumb Code    24  LocalFileSystem.o(i._ZN4mbed15LocalFileHandle5closeEv)
    mbed::LocalFileHandle::lseek(long, int)  0x00003a5f   Thumb Code    58  LocalFileSystem.o(i._ZN4mbed15LocalFileHandle5lseekEli)
    mbed::LocalFileHandle::write(const void*, unsigned) 0x00003a99   Thumb Code    48  LocalFileSystem.o(i._ZN4mbed15LocalFileHandle5writeEPKvj)
    mbed::LocalFileHandle::isatty()          0x00003ac9   Thumb Code    32  LocalFileSystem.o(i._ZN4mbed15LocalFileHandle6isattyEv)
    mbed::LocalFileHandle::unlock()          0x00003ae9   Thumb Code     2  LocalFileSystem.o(i._ZN4mbed15LocalFileHandle6unlockEv)
    mbed::LocalFileHandle::~LocalFileHandle__deallocating() 0x00003aed   Thumb Code    18  LocalFileSystem.o(i._ZN4mbed15LocalFileHandleD0Ev)
    mbed::LocalFileSystem::open(const char*, int) 0x00003b05   Thumb Code   124  LocalFileSystem.o(i._ZN4mbed15LocalFileSystem4openEPKci)
    mbed::LocalFileSystem::~LocalFileSystem() 0x00003b85   Thumb Code     4  main.o(i._ZN4mbed15LocalFileSystemD1Ev)
    mbed::LocalFileSystem::~LocalFileSystem__sub_object() 0x00003b85   Thumb Code     0  main.o(i._ZN4mbed15LocalFileSystemD1Ev)
    mbed::mbed_set_unbuffered_stream(std::__FILE*) 0x00003b89   Thumb Code     6  retarget.o(i._ZN4mbed26mbed_set_unbuffered_streamEPSt6__FILE)
    mbed::Serial::lock()                     0x00003b8f   Thumb Code     2  Serial.o(i._ZN4mbed6Serial4lockEv)
    mbed::Serial::unlock()                   0x00003b91   Thumb Code     2  Serial.o(i._ZN4mbed6Serial6unlockEv)
    mbed::Serial::Serial(PinName, PinName, const char*) 0x00003b95   Thumb Code    32  Serial.o(i._ZN4mbed6SerialC1E7PinNameS1_PKc)
    mbed::Serial::Serial__sub_object(PinName, PinName, const char*) 0x00003b95   Thumb Code     0  Serial.o(i._ZN4mbed6SerialC1E7PinNameS1_PKc)
    mbed::Stream::flen()                     0x00003bb9   Thumb Code     4  Stream.o(i._ZN4mbed6Stream4flenEv)
    mbed::Stream::getc()                     0x00003bbd   Thumb Code    38  Stream.o(i._ZN4mbed6Stream4getcEv)
    mbed::Stream::putc(int)                  0x00003be3   Thumb Code    42  Stream.o(i._ZN4mbed6Stream4putcEi)
    mbed::Stream::read(void*, unsigned)      0x00003c0d   Thumb Code    60  Stream.o(i._ZN4mbed6Stream4readEPvj)
    mbed::Stream::close()                    0x00003c49   Thumb Code     4  Stream.o(i._ZN4mbed6Stream5closeEv)
    mbed::Stream::lseek(long, int)           0x00003c4d   Thumb Code     4  Stream.o(i._ZN4mbed6Stream5lseekEli)
    mbed::Stream::write(const void*, unsigned) 0x00003c51   Thumb Code    60  Stream.o(i._ZN4mbed6Stream5writeEPKvj)
    mbed::Stream::isatty()                   0x00003c8d   Thumb Code     4  Stream.o(i._ZN4mbed6Stream6isattyEv)
    mbed::Stream::printf(const char*, ...)   0x00003c91   Thumb Code    50  Stream.o(i._ZN4mbed6Stream6printfEPKcz)
    mbed::Stream::Stream__sub_object(const char*) 0x00003cc5   Thumb Code    52  Stream.o(i._ZN4mbed6StreamC2EPKc)
    mbed::Ticker::setup(unsigned)            0x00003d05   Thumb Code    42  Ticker.o(i._ZN4mbed6Ticker5setupEj)
    mbed::Ticker::detach()                   0x00003d2f   Thumb Code    28  Ticker.o(i._ZN4mbed6Ticker6detachEv)
    mbed::Ticker::handler()                  0x00003d4b   Thumb Code    36  Ticker.o(i._ZN4mbed6Ticker7handlerEv)
    mbed::FileBase::getPathType()            0x00003d6f   Thumb Code     4  FileBase.o(i._ZN4mbed8FileBase11getPathTypeEv)
    mbed::FileBase::lookup(const char*, unsigned) 0x00003d75   Thumb Code    90  FileBase.o(i._ZN4mbed8FileBase6lookupEPKcj)
    mbed::FileBase::FileBase(const char*, mbed::PathType) 0x00003de1   Thumb Code    50  FileBase.o(i._ZN4mbed8FileBaseC1EPKcNS_8PathTypeE)
    mbed::FileBase::FileBase__sub_object(const char*, mbed::PathType) 0x00003de1   Thumb Code     0  FileBase.o(i._ZN4mbed8FileBaseC1EPKcNS_8PathTypeE)
    mbed::FileBase::~FileBase()              0x00003e21   Thumb Code    60  FileBase.o(i._ZN4mbed8FileBaseD1Ev)
    mbed::FileBase::~FileBase__sub_object()  0x00003e21   Thumb Code     0  FileBase.o(i._ZN4mbed8FileBaseD1Ev)
    mbed::FileLike::FileLike__sub_object(const char*) 0x00003e69   Thumb Code    26  FileLike.o(i._ZN4mbed8FileLikeC2EPKc)
    mbed::FilePath::fileSystem()             0x00003e8d   Thumb Code    24  FilePath.o(i._ZN4mbed8FilePath10fileSystemEv)
    mbed::FilePath::file()                   0x00003ea5   Thumb Code    28  FilePath.o(i._ZN4mbed8FilePath4fileEv)
    mbed::FilePath::exists()                 0x00003ec1   Thumb Code    10  FilePath.o(i._ZN4mbed8FilePath6existsEv)
    mbed::FilePath::isFile()                 0x00003ecb   Thumb Code    24  FilePath.o(i._ZN4mbed8FilePath6isFileEv)
    mbed::FilePath::fileName()               0x00003ee3   Thumb Code     4  FilePath.o(i._ZN4mbed8FilePath8fileNameEv)
    mbed::FilePath::FilePath(const char*)    0x00003ee7   Thumb Code    64  FilePath.o(i._ZN4mbed8FilePathC1EPKc)
    mbed::FilePath::FilePath__sub_object(const char*) 0x00003ee7   Thumb Code     0  FilePath.o(i._ZN4mbed8FilePathC1EPKc)
    mbed::mbed_getc(std::__FILE*)            0x00003f27   Thumb Code     4  retarget.o(i._ZN4mbed9mbed_getcEPSt6__FILE)
    PrintHead::update_motor()                0x00003f2d   Thumb Code   304  main.o(i._ZN9PrintHead12update_motorEv)
    PrintHead::left_encoder_rising()         0x000040b1   Thumb Code    24  main.o(i._ZN9PrintHead19left_encoder_risingEv)
    PrintHead::left_encoder_falling()        0x000040c9   Thumb Code    24  main.o(i._ZN9PrintHead20left_encoder_fallingEv)
    PrintHead::right_encoder_rising()        0x000040e1   Thumb Code    24  main.o(i._ZN9PrintHead20right_encoder_risingEv)
    PrintHead::right_encoder_falling()       0x000040f9   Thumb Code    24  main.o(i._ZN9PrintHead21right_encoder_fallingEv)
    PrintHead::PrintHead(PinName, PinName, PinName, PinName, PinName) 0x00004111   Thumb Code   332  main.o(i._ZN9PrintHeadC1E7PinNameS0_S0_S0_S0_)
    PrintHead::PrintHead__sub_object(PinName, PinName, PinName, PinName, PinName) 0x00004111   Thumb Code     0  main.o(i._ZN9PrintHeadC1E7PinNameS0_S0_S0_S0_)
    PrintHead::~PrintHead()                  0x00004275   Thumb Code    38  main.o(i._ZN9PrintHeadD1Ev)
    PrintHead::~PrintHead__sub_object()      0x00004275   Thumb Code     0  main.o(i._ZN9PrintHeadD1Ev)
    thunk{-48} to mbed::Serial::lock()       0x000042a1   Thumb Code     2  Serial.o(i._ZThn48_N4mbed6Serial4lockEv)
    thunk{-48} to mbed::Serial::_getc()      0x000042a3   Thumb Code     6  Serial.o(i._ZThn48_N4mbed6Serial5_getcEv)
    thunk{-48} to mbed::Serial::_putc(int)   0x000042a9   Thumb Code     6  Serial.o(i._ZThn48_N4mbed6Serial5_putcEi)
    thunk{-48} to mbed::Serial::unlock()     0x000042af   Thumb Code     2  Serial.o(i._ZThn48_N4mbed6Serial6unlockEv)
    operator delete (void*)                  0x000042b1   Thumb Code    10  retarget.o(i._ZdlPv)
    operator new(unsigned)                   0x000042bd   Thumb Code    20  retarget.o(i._Znwj)
    __ARM_fpclassify                         0x000042f1   Thumb Code    40  fpclassify.o(i.__ARM_fpclassify)
    __NVIC_SetVector                         0x00004319   Thumb Code    46  cmsis_nvic.o(i.__NVIC_SetVector)
    __aeabi_vec_ctor_nocookie_nodtor         0x0000434d   Thumb Code    36  aeabi_vec_ctor_nocookie_nodtor.o(i.__aeabi_vec_ctor_nocookie_nodtor)
    __cxa_pure_virtual                       0x00004371   Thumb Code     6  pure_virt.o(i.__cxa_pure_virtual)
    __user_setup_stackheap                   0x00004479   Thumb Code    10  sys.o(i.__user_setup_stackheap)
    _is_digit                                0x00004489   Thumb Code    14  __printf_wp.o(i._is_digit)
    _sys_close                               0x00004499   Thumb Code    40  retarget.o(i._sys_close)
    _sys_flen                                0x000044c5   Thumb Code    34  retarget.o(i._sys_flen)
    _sys_istty                               0x000044ed   Thumb Code    34  retarget.o(i._sys_istty)
    _sys_open                                0x00004515   Thumb Code   440  retarget.o(i._sys_open)
    _sys_read                                0x000046f9   Thumb Code    80  retarget.o(i._sys_read)
    _sys_seek                                0x00004759   Thumb Code    36  retarget.o(i._sys_seek)
    _sys_write                               0x00004781   Thumb Code    92  retarget.o(i._sys_write)
    core_util_critical_section_enter         0x000047ed   Thumb Code    70  mbed_critical.o(i.core_util_critical_section_enter)
    core_util_critical_section_exit          0x00004879   Thumb Code    60  mbed_critical.o(i.core_util_critical_section_exit)
    error                                    0x000048d1   Thumb Code    18  mbed_error.o(i.error)
    exit                                     0x000048e5   Thumb Code    36  retarget.o(i.exit)
    fgetc                                    0x00004911   Thumb Code    24  fgetc.o(i.fgetc)
    fputc                                    0x00004929   Thumb Code    26  fputc.o(i.fputc)
    get_us_ticker_data                       0x00004945   Thumb Code     4  mbed_us_ticker_api.o(i.get_us_ticker_data)
    gpio_dir                                 0x0000494d   Thumb Code    54  gpio_api.o(i.gpio_dir)
    gpio_init                                0x000049a1   Thumb Code    58  gpio_api.o(i.gpio_init)
    gpio_init_in                             0x000049db   Thumb Code    40  mbed_gpio.o(i.gpio_init_in)
    gpio_init_out                            0x00004a05   Thumb Code    64  mbed_gpio.o(i.gpio_init_out)
    gpio_init_out_ex                         0x00004a4d   Thumb Code    76  mbed_gpio.o(i.gpio_init_out_ex)
    gpio_irq_free                            0x00004ab5   Thumb Code    12  gpio_irq_api.o(i.gpio_irq_free)
    gpio_irq_init                            0x00004ac5   Thumb Code    92  gpio_irq_api.o(i.gpio_irq_init)
    gpio_irq_set                             0x00004b65   Thumb Code   196  gpio_irq_api.o(i.gpio_irq_set)
    gpio_mode                                0x00004c2d   Thumb Code     6  gpio_api.o(i.gpio_mode)
    $Super$$main                             0x00004d25   Thumb Code    80  main.o(i.main)
    mbed_assert_internal                     0x00004d9d   Thumb Code    32  mbed_assert.o(i.mbed_assert_internal)
    mbed_die                                 0x00004df1   Thumb Code   244  mbed_board.o(i.mbed_die)
    mbed_error_printf                        0x00004f11   Thumb Code    74  mbed_board.o(i.mbed_error_printf)
    mbed_error_vfprintf                      0x00004f69   Thumb Code    68  mbed_board.o(i.mbed_error_vfprintf)
    mbed_interface_connected                 0x00004fb9   Thumb Code     4  mbed_interface.o(i.mbed_interface_connected)
    mbed_main                                0x00004fbd   Thumb Code     2  retarget.o(i.mbed_main)
    mbed_sdk_init                            0x00004fbf   Thumb Code     2  retarget.o(i.mbed_sdk_init)
    pin_function                             0x00004fc1   Thumb Code    68  pinmap.o(i.pin_function)
    pin_mode                                 0x0000501d   Thumb Code   120  pinmap.o(i.pin_mode)
    pinmap_find_peripheral                   0x000050ad   Thumb Code    34  mbed_pinmap_common.o(i.pinmap_find_peripheral)
    pinmap_merge                             0x000050d1   Thumb Code    38  mbed_pinmap_common.o(i.pinmap_merge)
    pinmap_peripheral                        0x0000510d   Thumb Code    58  mbed_pinmap_common.o(i.pinmap_peripheral)
    pinmap_pinout                            0x00005169   Thumb Code    66  mbed_pinmap_common.o(i.pinmap_pinout)
    pwmout_init                              0x000051c1   Thumb Code   202  pwmout_api.o(i.pwmout_init)
    pwmout_period                            0x000052c1   Thumb Code    64  pwmout_api.o(i.pwmout_period)
    pwmout_write                             0x0000530d   Thumb Code    74  pwmout_api.o(i.pwmout_write)
    semihost_close                           0x0000535d   Thumb Code    12  mbed_semihost_api.o(i.semihost_close)
    semihost_connected                       0x00005369   Thumb Code    10  mbed_semihost_api.o(i.semihost_connected)
    semihost_exit                            0x00005379   Thumb Code    12  mbed_semihost_api.o(i.semihost_exit)
    semihost_flen                            0x00005385   Thumb Code    12  mbed_semihost_api.o(i.semihost_flen)
    semihost_istty                           0x00005391   Thumb Code    12  mbed_semihost_api.o(i.semihost_istty)
    semihost_open                            0x0000539d   Thumb Code    24  mbed_semihost_api.o(i.semihost_open)
    semihost_read                            0x000053b5   Thumb Code    18  mbed_semihost_api.o(i.semihost_read)
    semihost_seek                            0x000053c7   Thumb Code    16  mbed_semihost_api.o(i.semihost_seek)
    semihost_write                           0x000053d7   Thumb Code    28  mbed_semihost_api.o(i.semihost_write)
    serial_baud                              0x000053f5   Thumb Code   408  serial_api.o(i.serial_baud)
    serial_getc                              0x000055b9   Thumb Code    52  serial_api.o(i.serial_getc)
    serial_init                              0x000055f1   Thumb Code   344  serial_api.o(i.serial_init)
    serial_irq_handler                       0x00005771   Thumb Code    18  serial_api.o(i.serial_irq_handler)
    serial_irq_set                           0x0000578d   Thumb Code    24  serial_api.o(i.serial_irq_set)
    serial_putc                              0x00005875   Thumb Code   100  serial_api.o(i.serial_putc)
    serial_readable                          0x000058dd   Thumb Code    10  serial_api.o(i.serial_readable)
    serial_set_flow_control                  0x000058e9   Thumb Code   252  serial_api.o(i.serial_set_flow_control)
    ticker_insert_event                      0x000059f5   Thumb Code    72  mbed_ticker_api.o(i.ticker_insert_event)
    ticker_irq_handler                       0x00005a3d   Thumb Code    78  mbed_ticker_api.o(i.ticker_irq_handler)
    ticker_read                              0x00005a8b   Thumb Code     6  mbed_ticker_api.o(i.ticker_read)
    ticker_remove_event                      0x00005a91   Thumb Code    68  mbed_ticker_api.o(i.ticker_remove_event)
    ticker_set_handler                       0x00005ad5   Thumb Code    18  mbed_ticker_api.o(i.ticker_set_handler)
    uart0_irq                                0x00005ae9   Thumb Code    14  serial_api.o(i.uart0_irq)
    uart1_irq                                0x00005afd   Thumb Code    14  serial_api.o(i.uart1_irq)
    uart2_irq                                0x00005b11   Thumb Code    14  serial_api.o(i.uart2_irq)
    uart3_irq                                0x00005b25   Thumb Code    14  serial_api.o(i.uart3_irq)
    us_ticker_clear_interrupt                0x00005ba1   Thumb Code     8  us_ticker.o(i.us_ticker_clear_interrupt)
    us_ticker_disable_interrupt              0x00005bad   Thumb Code    12  us_ticker.o(i.us_ticker_disable_interrupt)
    us_ticker_init                           0x00005bbd   Thumb Code    76  us_ticker.o(i.us_ticker_init)
    us_ticker_irq_handler                    0x00005c21   Thumb Code     6  mbed_us_ticker_api.o(i.us_ticker_irq_handler)
    us_ticker_read                           0x00005c2d   Thumb Code    74  us_ticker.o(i.us_ticker_read)
    us_ticker_set_interrupt                  0x00005c91   Thumb Code    14  us_ticker.o(i.us_ticker_set_interrupt)
    wait_ms                                  0x00005ca5   Thumb Code    28  mbed_wait_api.o(i.wait_ms)
    _get_lc_ctype                            0x00005cc1   Thumb Code    44  lc_ctype_c.o(locale$$code)
    _get_lc_numeric                          0x00005ced   Thumb Code    44  lc_numeric_c.o(locale$$code)
    SingletonPtr<PlatformMutex>::operator ->() 0x00005d19   Thumb Code    36  FileBase.o(t._ZN12SingletonPtrI13PlatformMutexEptEv)
    void mbed::Callback<void()>::_methodthunk<PrintHead>(void*, void*) 0x00005d45   Thumb Code    20  main.o(t._ZN4mbed8CallbackIFvvEE12_methodthunkI9PrintHeadEEvPvS5_)
    mbed::Callback<void()>::_staticthunk(void*, void*) 0x00005d59   Thumb Code     4  serialcommander.o(t._ZN4mbed8CallbackIFvvEE12_staticthunkEPvS3_)
    __aeabi_fadd                             0x00005d5d   Thumb Code     0  faddsub_clz.o(x$fpl$fadd)
    _fadd                                    0x00005d5d   Thumb Code   196  faddsub_clz.o(x$fpl$fadd)
    __aeabi_fdiv                             0x00005e21   Thumb Code     0  fdiv.o(x$fpl$fdiv)
    _fdiv                                    0x00005e21   Thumb Code   384  fdiv.o(x$fpl$fdiv)
    __aeabi_f2iz                             0x00005fa5   Thumb Code     0  ffix.o(x$fpl$ffix)
    _ffix                                    0x00005fa5   Thumb Code    54  ffix.o(x$fpl$ffix)
    __aeabi_f2uiz                            0x00005fdd   Thumb Code     0  ffixu.o(x$fpl$ffixu)
    _ffixu                                   0x00005fdd   Thumb Code    62  ffixu.o(x$fpl$ffixu)
    __aeabi_i2f                              0x0000601d   Thumb Code     0  fflt_clz.o(x$fpl$fflt)
    _fflt                                    0x0000601d   Thumb Code    48  fflt_clz.o(x$fpl$fflt)
    __aeabi_ui2f                             0x0000604d   Thumb Code     0  fflt_clz.o(x$fpl$ffltu)
    _ffltu                                   0x0000604d   Thumb Code    38  fflt_clz.o(x$fpl$ffltu)
    __aeabi_fmul                             0x00006075   Thumb Code     0  fmul.o(x$fpl$fmul)
    _fmul                                    0x00006075   Thumb Code   258  fmul.o(x$fpl$fmul)
    __fpl_fnaninf                            0x00006177   Thumb Code   140  fnaninf.o(x$fpl$fnaninf)
    __fpl_fretinf                            0x00006203   Thumb Code    10  fretinf.o(x$fpl$fretinf)
    __aeabi_fsub                             0x0000620d   Thumb Code     0  faddsub_clz.o(x$fpl$fsub)
    _fsub                                    0x0000620d   Thumb Code   234  faddsub_clz.o(x$fpl$fsub)
    _printf_fp_dec                           0x000062f7   Thumb Code     4  printf1.o(x$fpl$printf1)
    _printf_fp_hex                           0x000062fb   Thumb Code     4  printf2.o(x$fpl$printf2)
    __I$use$fp                               0x000062fe   Number         0  usenofp.o(x$fpl$usenofp)
    __stdin_name                             0x000062fe   Data           7  retarget.o(.constdata)
    __stdout_name                            0x00006305   Data           8  retarget.o(.constdata)
    __stderr_name                            0x0000630d   Data           8  retarget.o(.constdata)
    vtable for mbed::FileHandle              0x00006630   Data          52  retarget.o(.constdata__ZTVN4mbed10FileHandleE)
    vtable for mbed::SerialBase              0x00006664   Data          24  SerialBase.o(.constdata__ZTVN4mbed10SerialBaseE)
    vtable for mbed::TimerEvent              0x0000667c   Data          20  TimerEvent.o(.constdata__ZTVN4mbed10TimerEventE)
    vtable for mbed::InterruptIn             0x00006690   Data          16  InterruptIn.o(.constdata__ZTVN4mbed11InterruptInE)
    vtable for mbed::FileSystemLike          0x000066a0   Data          36  FileSystemLike.o(.constdata__ZTVN4mbed14FileSystemLikeE)
    vtable for mbed::LocalFileHandle         0x000066c4   Data          52  LocalFileSystem.o(.constdata__ZTVN4mbed15LocalFileHandleE)
    vtable for mbed::LocalFileSystem         0x000066f8   Data          36  LocalFileSystem.o(.constdata__ZTVN4mbed15LocalFileSystemE)
    vtable for mbed::Serial                  0x0000671c   Data         108  Serial.o(.constdata__ZTVN4mbed6SerialE)
    vtable for mbed::Stream                  0x00006788   Data          76  Stream.o(.constdata__ZTVN4mbed6StreamE)
    vtable for mbed::Ticker                  0x000067d4   Data          20  Ticker.o(.constdata__ZTVN4mbed6TickerE)
    vtable for mbed::FileBase                0x000067e8   Data          16  FileBase.o(.constdata__ZTVN4mbed8FileBaseE)
    vtable for mbed::FileLike                0x000067f8   Data          68  FileLike.o(.constdata__ZTVN4mbed8FileLikeE)
    SingletonPtr<PlatformMutex>::get()::string 0x0000683c   Data          20  retarget.o(.constdata__ZZN12SingletonPtrI13PlatformMutexE3getEvEs)
    SingletonPtr<PlatformMutex>::get()::string (instance 2) 0x00006850   Data          69  retarget.o(.constdata__ZZN12SingletonPtrI13PlatformMutexE3getEvEs_0)
    Region$$Table$$Base                      0x00006ad8   Number         0  anon$$obj.o(Region$$Table)
    Region$$Table$$Limit                     0x00006af8   Number         0  anon$$obj.o(Region$$Table)
    __ctype                                  0x00006b05   Data           0  lc_ctype_c.o(locale$$data)
    SHT$$INIT_ARRAY$$Base                    0x00006c24   Number         0  main.o(.init_array)
    SHT$$INIT_ARRAY$$Limit                   0x00006c28   Number         0  init_aeabi.o(.init_array)
    SystemCoreClock                          0x100000d0   Data           4  system_LPC17xx.o(.data)
    current_positioning_mode                 0x100000d4   Data           1  main.o(.data)
    feedrate                                 0x100000d8   Data           4  main.o(.data)
    SerialCommander::shared_instance         0x100000dc   Data           4  serialcommander.o(.data)
    PWM_MATCH                                0x100000e4   Data          28  pwmout_api.o(.data)
    stdio_uart_inited                        0x10000100   Data           4  serial_api.o(.data)
    stdio_uart                               0x10000108   Data           8  serial_api.o(.data)
    us_ticker_inited                         0x1000011c   Data           4  us_ticker.o(.data)
    mbed::FileBase::_head                    0x10000120   Data           4  FileBase.o(.data)
    mbed::FileBase::_mutex                   0x10000124   Data           8  FileBase.o(.data)
    __aeabi_stdin                            0x10000134   Data           4  stdio_streams.o(.data)
    __aeabi_stdout                           0x10000138   Data           4  stdio_streams.o(.data)
    __aeabi_stderr                           0x1000013c   Data           4  stdio_streams.o(.data)
    left_led                                 0x10000184   Data          24  main.o(.bss)
    right_led                                0x1000019c   Data          24  main.o(.bss)
    test_led2                                0x100001b4   Data          24  main.o(.bss)
    test_led3                                0x100001cc   Data          24  main.o(.bss)
    local                                    0x100001e4   Data          16  main.o(.bss)
    y_head                                   0x100001f4   Data         284  main.o(.bss)
    x_head                                   0x10000310   Data         284  main.o(.bss)
    __stdin                                  0x100005cc   Data          84  stdio_streams.o(.bss)
    __stdout                                 0x10000620   Data          84  stdio_streams.o(.bss)
    __stderr                                 0x10000674   Data          84  stdio_streams.o(.bss)
    Image$$RW_IRAM1$$ZI$$Limit               0x100006e8   Number         0  anon$$obj.o ABSOLUTE



==============================================================================

Memory Map of the image

  Image Entry point : 0x000000c5

  Load Region LR_IROM1 (Base: 0x00000000, Size: 0x00006ca4, Max: 0x00080000, ABSOLUTE)

    Execution Region ER_IROM1 (Base: 0x00000000, Size: 0x00006c28, Max: 0x00080000, ABSOLUTE)

    Base Addr    Size         Type   Attr      Idx    E Section Name        Object

    0x00000000   0x000000c4   Data   RO          168    RESET               startup_LPC17xx.o
    0x000000c4   0x00000008   Code   RO         1960  * !!!main             c_w.l(__main.o)
    0x000000cc   0x00000034   Code   RO         2677    !!!scatter          c_w.l(__scatter.o)
    0x00000100   0x0000001a   Code   RO         2679    !!handler_copy      c_w.l(__scatter_copy.o)
    0x0000011a   0x00000002   PAD
    0x0000011c   0x0000001c   Code   RO         2681    !!handler_zi        c_w.l(__scatter_zi.o)
    0x00000138   0x00000000   Code   RO         1897    .ARM.Collect$$_printf_percent$$00000000  c_w.l(_printf_percent.o)
    0x00000138   0x00000006   Code   RO         2176    .ARM.Collect$$_printf_percent$$00000001  c_w.l(_printf_n.o)
    0x0000013e   0x00000006   Code   RO         1895    .ARM.Collect$$_printf_percent$$00000002  c_w.l(_printf_p.o)
    0x00000144   0x00000006   Code   RO         2181    .ARM.Collect$$_printf_percent$$00000003  c_w.l(_printf_f.o)
    0x0000014a   0x00000006   Code   RO         2182    .ARM.Collect$$_printf_percent$$00000004  c_w.l(_printf_e.o)
    0x00000150   0x00000006   Code   RO         2183    .ARM.Collect$$_printf_percent$$00000005  c_w.l(_printf_g.o)
    0x00000156   0x00000006   Code   RO         2184    .ARM.Collect$$_printf_percent$$00000006  c_w.l(_printf_a.o)
    0x0000015c   0x0000000a   Code   RO         2189    .ARM.Collect$$_printf_percent$$00000007  c_w.l(_printf_ll.o)
    0x00000166   0x00000006   Code   RO         1896    .ARM.Collect$$_printf_percent$$00000008  c_w.l(_printf_i.o)
    0x0000016c   0x00000006   Code   RO         2179    .ARM.Collect$$_printf_percent$$00000009  c_w.l(_printf_d.o)
    0x00000172   0x00000006   Code   RO         2180    .ARM.Collect$$_printf_percent$$0000000A  c_w.l(_printf_u.o)
    0x00000178   0x00000006   Code   RO         2178    .ARM.Collect$$_printf_percent$$0000000B  c_w.l(_printf_o.o)
    0x0000017e   0x00000006   Code   RO         2177    .ARM.Collect$$_printf_percent$$0000000C  c_w.l(_printf_x.o)
    0x00000184   0x00000006   Code   RO         2186    .ARM.Collect$$_printf_percent$$0000000D  c_w.l(_printf_lli.o)
    0x0000018a   0x00000006   Code   RO         2187    .ARM.Collect$$_printf_percent$$0000000E  c_w.l(_printf_lld.o)
    0x00000190   0x00000006   Code   RO         2188    .ARM.Collect$$_printf_percent$$0000000F  c_w.l(_printf_llu.o)
    0x00000196   0x00000006   Code   RO         2193    .ARM.Collect$$_printf_percent$$00000010  c_w.l(_printf_llo.o)
    0x0000019c   0x00000006   Code   RO         2194    .ARM.Collect$$_printf_percent$$00000011  c_w.l(_printf_llx.o)
    0x000001a2   0x0000000a   Code   RO         2190    .ARM.Collect$$_printf_percent$$00000012  c_w.l(_printf_l.o)
    0x000001ac   0x00000006   Code   RO         2175    .ARM.Collect$$_printf_percent$$00000013  c_w.l(_printf_c.o)
    0x000001b2   0x00000006   Code   RO         1894    .ARM.Collect$$_printf_percent$$00000014  c_w.l(_printf_s.o)
    0x000001b8   0x00000006   Code   RO         2191    .ARM.Collect$$_printf_percent$$00000015  c_w.l(_printf_lc.o)
    0x000001be   0x00000006   Code   RO         2192    .ARM.Collect$$_printf_percent$$00000016  c_w.l(_printf_ls.o)
    0x000001c4   0x00000004   Code   RO         2185    .ARM.Collect$$_printf_percent$$00000017  c_w.l(_printf_percent_end.o)
    0x000001c8   0x00000002   Code   RO         2543    .ARM.Collect$$libinit$$00000000  c_w.l(libinit.o)
    0x000001ca   0x00000000   Code   RO         2248    .ARM.Collect$$libinit$$00000002  c_w.l(libinit2.o)
    0x000001ca   0x00000000   Code   RO         2250    .ARM.Collect$$libinit$$00000004  c_w.l(libinit2.o)
    0x000001ca   0x00000008   Code   RO         2251    .ARM.Collect$$libinit$$00000005  c_w.l(libinit2.o)
    0x000001d2   0x00000000   Code   RO         2253    .ARM.Collect$$libinit$$0000000A  c_w.l(libinit2.o)
    0x000001d2   0x00000000   Code   RO         2255    .ARM.Collect$$libinit$$0000000C  c_w.l(libinit2.o)
    0x000001d2   0x00000000   Code   RO         2257    .ARM.Collect$$libinit$$0000000E  c_w.l(libinit2.o)
    0x000001d2   0x00000006   Code   RO         2258    .ARM.Collect$$libinit$$0000000F  c_w.l(libinit2.o)
    0x000001d8   0x00000000   Code   RO         2260    .ARM.Collect$$libinit$$00000011  c_w.l(libinit2.o)
    0x000001d8   0x0000000c   Code   RO         2261    .ARM.Collect$$libinit$$00000012  c_w.l(libinit2.o)
    0x000001e4   0x00000000   Code   RO         2262    .ARM.Collect$$libinit$$00000013  c_w.l(libinit2.o)
    0x000001e4   0x00000000   Code   RO         2264    .ARM.Collect$$libinit$$00000015  c_w.l(libinit2.o)
    0x000001e4   0x0000000a   Code   RO         2265    .ARM.Collect$$libinit$$00000016  c_w.l(libinit2.o)
    0x000001ee   0x00000000   Code   RO         2266    .ARM.Collect$$libinit$$00000017  c_w.l(libinit2.o)
    0x000001ee   0x00000000   Code   RO         2268    .ARM.Collect$$libinit$$00000019  c_w.l(libinit2.o)
    0x000001ee   0x00000000   Code   RO         2270    .ARM.Collect$$libinit$$0000001B  c_w.l(libinit2.o)
    0x000001ee   0x00000000   Code   RO         2272    .ARM.Collect$$libinit$$0000001D  c_w.l(libinit2.o)
    0x000001ee   0x00000000   Code   RO         2274    .ARM.Collect$$libinit$$0000001F  c_w.l(libinit2.o)
    0x000001ee   0x00000000   Code   RO         2276    .ARM.Collect$$libinit$$00000021  c_w.l(libinit2.o)
    0x000001ee   0x00000000   Code   RO         2278    .ARM.Collect$$libinit$$00000023  c_w.l(libinit2.o)
    0x000001ee   0x00000004   Code   RO         2279    .ARM.Collect$$libinit$$00000024  c_w.l(libinit2.o)
    0x000001f2   0x00000000   Code   RO         2280    .ARM.Collect$$libinit$$00000025  c_w.l(libinit2.o)
    0x000001f2   0x00000000   Code   RO         2284    .ARM.Collect$$libinit$$0000002C  c_w.l(libinit2.o)
    0x000001f2   0x00000000   Code   RO         2286    .ARM.Collect$$libinit$$0000002E  c_w.l(libinit2.o)
    0x000001f2   0x00000000   Code   RO         2288    .ARM.Collect$$libinit$$00000030  c_w.l(libinit2.o)
    0x000001f2   0x00000004   Code   RO         2289    .ARM.Collect$$libinit$$00000031  c_w.l(libinit2.o)
    0x000001f6   0x00000000   Code   RO         2290    .ARM.Collect$$libinit$$00000032  c_w.l(libinit2.o)
    0x000001f6   0x00000002   Code   RO         2291    .ARM.Collect$$libinit$$00000033  c_w.l(libinit2.o)
    0x000001f8   0x00000000   Code   RO         2436    .ARM.Collect$$libshutdown$$00000002  c_w.l(libshutdown2.o)
    0x000001f8   0x00000000   Code   RO         2438    .ARM.Collect$$libshutdown$$00000004  c_w.l(libshutdown2.o)
    0x000001f8   0x00000000   Code   RO         2108    .ARM.Collect$$rtentry$$00000000  c_w.l(__rtentry.o)
    0x000001f8   0x00000000   Code   RO         2331    .ARM.Collect$$rtentry$$00000002  c_w.l(__rtentry2.o)
    0x000001f8   0x00000006   Code   RO         2343    .ARM.Collect$$rtentry$$00000004  c_w.l(__rtentry4.o)
    0x000001fe   0x00000000   Code   RO         2333    .ARM.Collect$$rtentry$$00000009  c_w.l(__rtentry2.o)
    0x000001fe   0x00000004   Code   RO         2334    .ARM.Collect$$rtentry$$0000000A  c_w.l(__rtentry2.o)
    0x00000202   0x00000000   Code   RO         2336    .ARM.Collect$$rtentry$$0000000C  c_w.l(__rtentry2.o)
    0x00000202   0x00000008   Code   RO         2337    .ARM.Collect$$rtentry$$0000000D  c_w.l(__rtentry2.o)
    0x0000020a   0x00000002   PAD
    0x0000020c   0x00000000   Code   RO         2353    .emb_text           c_w.l(maybetermalloc1.o)
    0x0000020c   0x00000024   Code   RO          170    .text               startup_LPC17xx.o
    0x00000230   0x0000005e   Code   RO         1775    .text               c_w.l(h1_alloc.o)
    0x0000028e   0x0000004e   Code   RO         1777    .text               c_w.l(h1_free.o)
    0x000002dc   0x0000000a   Code   RO         1837    .text               c_w.l(c89vfprintf.o)
    0x000002e6   0x00000014   Code   RO         1839    .text               c_w.l(__2fprintf.o)
    0x000002fa   0x00000002   Code   RO         2575    .text               c_w.l(use_no_semi.o)
    0x000002fc   0x00000004   Code   RO          169    .ARM.__at_0x02FC    startup_LPC17xx.o
    0x00000300   0x00000024   Code   RO         1835    .text               c_w.l(vsprintf.o)
    0x00000324   0x0000002c   Code   RO         1841    .text               c_w.l(__2sprintf.o)
    0x00000350   0x00000052   Code   RO         1849    .text               c_w.l(_printf_str.o)
    0x000003a2   0x00000002   PAD
    0x000003a4   0x00000078   Code   RO         1851    .text               c_w.l(_printf_dec.o)
    0x0000041c   0x00000094   Code   RO         1871    .text               c_w.l(_printf_hex_int_ll_ptr.o)
    0x000004b0   0x00000188   Code   RO         1891    .text               c_w.l(__printf_flags_ss_wp.o)
    0x00000638   0x0000003c   Code   RO         1900    .text               c_w.l(__0sscanf.o)
    0x00000674   0x0000014c   Code   RO         1902    .text               c_w.l(_scanf_int.o)
    0x000007c0   0x0000001a   Code   RO         1904    .text               c_w.l(atoi.o)
    0x000007da   0x00000002   PAD
    0x000007dc   0x00000064   Code   RO         1906    .text               c_w.l(fflush.o)
    0x00000840   0x0000004a   Code   RO         1912    .text               c_w.l(fgets.o)
    0x0000088a   0x00000002   PAD
    0x0000088c   0x000000ec   Code   RO         1920    .text               c_w.l(fopen.o)
    0x00000978   0x00000014   Code   RO         1922    .text               c_w.l(setbuf.o)
    0x0000098c   0x0000004c   Code   RO         1930    .text               c_w.l(fclose.o)
    0x000009d8   0x0000002e   Code   RO         1945    .text               c_w.l(aeabi_atexit.o)
    0x00000a06   0x0000003e   Code   RO         1948    .text               c_w.l(strlen.o)
    0x00000a44   0x00000096   Code   RO         1950    .text               c_w.l(strncmp.o)
    0x00000ada   0x00000064   Code   RO         1952    .text               c_w.l(rt_memcpy_w.o)
    0x00000b3e   0x0000004e   Code   RO         1954    .text               c_w.l(rt_memclr_w.o)
    0x00000b8c   0x00000080   Code   RO         1958    .text               c_w.l(strcmpv7m.o)
    0x00000c0c   0x00000024   Code   RO         1965    .text               c_w.l(init_aeabi.o)
    0x00000c30   0x00000008   Code   RO         2113    .text               c_w.l(rt_heap_descriptor.o)
    0x00000c38   0x00000008   Code   RO         2118    .text               c_w.l(rt_ddtor_pointer_addr.o)
    0x00000c40   0x00000008   Code   RO         2123    .text               c_w.l(rt_errno_addr.o)
    0x00000c48   0x00000004   Code   RO         2128    .text               c_w.l(hguard.o)
    0x00000c4c   0x0000008a   Code   RO         2130    .text               c_w.l(init_alloc.o)
    0x00000cd6   0x0000000e   Code   RO         2134    .text               c_w.l(h1_init.o)
    0x00000ce4   0x0000004e   Code   RO         2148    .text               c_w.l(_printf_pad.o)
    0x00000d32   0x00000024   Code   RO         2150    .text               c_w.l(_printf_truncate.o)
    0x00000d56   0x000000b2   Code   RO         2152    .text               c_w.l(_printf_intcommon.o)
    0x00000e08   0x00000028   Code   RO         2154    .text               c_w.l(_printf_charcount.o)
    0x00000e30   0x00000030   Code   RO         2156    .text               c_w.l(_printf_char_common.o)
    0x00000e60   0x0000000a   Code   RO         2158    .text               c_w.l(_sputc.o)
    0x00000e6a   0x0000002c   Code   RO         2160    .text               c_w.l(_printf_char.o)
    0x00000e96   0x00000002   PAD
    0x00000e98   0x00000024   Code   RO         2162    .text               c_w.l(_printf_char_file.o)
    0x00000ebc   0x000000bc   Code   RO         2164    .text               c_w.l(_printf_wctomb.o)
    0x00000f78   0x0000007c   Code   RO         2167    .text               c_w.l(_printf_longlong_dec.o)
    0x00000ff4   0x00000070   Code   RO         2173    .text               c_w.l(_printf_oct_int_ll.o)
    0x00001064   0x0000001c   Code   RO         2195    .text               c_w.l(_chval.o)
    0x00001080   0x0000002c   Code   RO         2201    .text               c_w.l(scanf_char.o)
    0x000010ac   0x00000040   Code   RO         2203    .text               c_w.l(_sgetc.o)
    0x000010ec   0x00000070   Code   RO         2207    .text               c_w.l(strtol.o)
    0x0000115c   0x00000008   Code   RO         2215    .text               c_w.l(ferror.o)
    0x00001164   0x0000023a   Code   RO         2217    .text               c_w.l(filbuf.o)
    0x0000139e   0x000001d6   Code   RO         2219    .text               c_w.l(flsbuf.o)
    0x00001574   0x000000f8   Code   RO         2221    .text               c_w.l(fseek.o)
    0x0000166c   0x00000046   Code   RO         2223    .text               c_w.l(setvbuf.o)
    0x000016b2   0x00000002   PAD
    0x000016b4   0x000000f0   Code   RO         2225    .text               c_w.l(stdio.o)
    0x000017a4   0x00000138   Code   RO         2228    .text               c_w.l(initio.o)
    0x000018dc   0x00000042   Code   RO         2236    .text               c_w.l(cxa_finalize.o)
    0x0000191e   0x0000000e   Code   RO         2239    .text               c_w.l(defsig_pvfn_outer.o)
    0x0000192c   0x00000010   Code   RO         2345    .text               c_w.l(rt_ctype_table.o)
    0x0000193c   0x00000034   Code   RO         2355    .text               c_w.l(h1_extend.o)
    0x00001970   0x0000008a   Code   RO         2359    .text               c_w.l(lludiv10.o)
    0x000019fa   0x00000012   Code   RO         2361    .text               c_w.l(isspace.o)
    0x00001a0c   0x0000041a   Code   RO         2363    .text               c_w.l(_printf_fp_dec.o)
    0x00001e26   0x00000002   PAD
    0x00001e28   0x000002fc   Code   RO         2365    .text               c_w.l(_printf_fp_hex.o)
    0x00002124   0x0000002c   Code   RO         2372    .text               c_w.l(_printf_wchar.o)
    0x00002150   0x00000374   Code   RO         2374    .text               c_w.l(_scanf.o)
    0x000024c4   0x0000009e   Code   RO         2380    .text               c_w.l(_strtoul.o)
    0x00002562   0x00000042   Code   RO         2386    .text               c_w.l(ftell.o)
    0x000025a4   0x00000038   Code   RO         2394    .text               c_w.l(flushlinebuffered.o)
    0x000025dc   0x00000040   Code   RO         2412    .text               c_w.l(_wcrtomb.o)
    0x0000261c   0x0000000a   Code   RO         2414    .text               c_w.l(defsig_exit.o)
    0x00002626   0x0000000e   Code   RO         2416    .text               c_w.l(defsig_rtred_outer.o)
    0x00002634   0x0000000e   Code   RO         2420    .text               c_w.l(defsig_rtmem_outer.o)
    0x00002642   0x00000002   PAD
    0x00002644   0x00000030   Code   RO         2424    .text               c_w.l(defsig_pvfn_inner.o)
    0x00002674   0x00000050   Code   RO         2428    .text               c_w.l(heapauxa.o)
    0x000026c4   0x0000000c   Code   RO         2469    .text               c_w.l(sys_exit.o)
    0x000026d0   0x00000008   Code   RO         2471    .text               c_w.l(rt_locale.o)
    0x000026d8   0x00000080   Code   RO         2483    .text               c_w.l(_printf_fp_infnan.o)
    0x00002758   0x000000dc   Code   RO         2485    .text               c_w.l(bigflt0.o)
    0x00002834   0x00000032   Code   RO         2522    .text               c_w.l(defsig_general.o)
    0x00002866   0x00000002   PAD
    0x00002868   0x00000034   Code   RO         2528    .text               c_w.l(defsig_rtred_inner.o)
    0x0000289c   0x00000050   Code   RO         2530    .text               c_w.l(defsig_rtmem_inner.o)
    0x000028ec   0x0000000e   Code   RO         2573    .text               c_w.l(sys_wrch.o)
    0x000028fa   0x00000000   Code   RO         2577    .text               c_w.l(indicate_semi.o)
    0x000028fa   0x0000003e   Code   RO         2488    CL$$btod_d2e        c_w.l(btod.o)
    0x00002938   0x00000046   Code   RO         2490    CL$$btod_d2e_denorm_low  c_w.l(btod.o)
    0x0000297e   0x00000060   Code   RO         2489    CL$$btod_d2e_norm_op1  c_w.l(btod.o)
    0x000029de   0x00000338   Code   RO         2498    CL$$btod_div_common  c_w.l(btod.o)
    0x00002d16   0x000000c6   Code   RO         2495    CL$$btod_e2e        c_w.l(btod.o)
    0x00002ddc   0x00000028   Code   RO         2492    CL$$btod_ediv       c_w.l(btod.o)
    0x00002e04   0x00000028   Code   RO         2491    CL$$btod_emul       c_w.l(btod.o)
    0x00002e2c   0x00000244   Code   RO         2497    CL$$btod_mult_common  c_w.l(btod.o)
    0x00003070   0x00000012   Code   RO           27    i.$Sub$$main        retarget.o
    0x00003082   0x00000008   Code   RO         1253    i.<Func1>           mbed.ar(SerialBase.o)
    0x0000308a   0x00000002   PAD
    0x0000308c   0x000000a0   Code   RO          179    i.SystemInit        system_LPC17xx.o
    0x0000312c   0x00000074   Code   RO          189    i._Z17register_commandsv  main.o
    0x000031a0   0x000000a4   Code   RO          190    i._Z20serial_name_callbackPA100_ci  main.o
    0x00003244   0x00000050   Code   RO          191    i._Z24serial_feedrate_callbackPA100_ci  main.o
    0x00003294   0x00000090   Code   RO          192    i._Z24serial_position_callbackPA100_ci  main.o
    0x00003324   0x0000000e   Code   RO          193    i._Z25serial_heartbeat_callbackPA100_ci  main.o
    0x00003332   0x00000002   PAD
    0x00003334   0x00000070   Code   RO          194    i._Z32serial_positioning_mode_callbackPA100_ci  main.o
    0x000033a4   0x00000058   Code   RO          661    i._ZN15SerialCommander11send_returnEPA100_ci  serialcommander.o
    0x000033fc   0x00000014   Code   RO          663    i._ZN15SerialCommander13send_responseEPc  serialcommander.o
    0x00003410   0x00000020   Code   RO          665    i._ZN15SerialCommander16register_commandEPciPFvPA100_ciE  serialcommander.o
    0x00003430   0x0000000c   Code   RO          666    i._ZN15SerialCommander17static_serial_irqEv  serialcommander.o
    0x0000343c   0x00000144   Code   RO          668    i._ZN15SerialCommander23handle_serial_characterEv  serialcommander.o
    0x00003580   0x00000034   Code   RO          669    i._ZN15SerialCommander5setupEv  serialcommander.o
    0x000035b4   0x0000002c   Code   RO          670    i._ZN15SerialCommander8instanceEv  serialcommander.o
    0x000035e0   0x00000014   Code   RO          671    i._ZN15SerialCommander8send_ackEv  serialcommander.o
    0x000035f4   0x00000018   Code   RO          672    i._ZN15SerialCommander9send_nackEv  serialcommander.o
    0x0000360c   0x00000052   Code   RO          156    i._ZN4mbed10FileHandle4flenEv  retarget.o
    0x0000365e   0x00000002   Code   RO          160    i._ZN4mbed10FileHandle4lockEv  retarget.o
    0x00003660   0x00000002   Code   RO          163    i._ZN4mbed10FileHandle6unlockEv  retarget.o
    0x00003662   0x00000002   PAD
    0x00003664   0x00000074   Code   RO           29    i._ZN4mbed10FileHandleD2Ev  retarget.o
    0x000036d8   0x00000006   Code   RO         1254    i._ZN4mbed10SerialBase10_base_getcEv  mbed.ar(SerialBase.o)
    0x000036de   0x0000000e   Code   RO         1255    i._ZN4mbed10SerialBase10_base_putcEi  mbed.ar(SerialBase.o)
    0x000036ec   0x00000014   Code   RO         1257    i._ZN4mbed10SerialBase12_irq_handlerEj9SerialIrq  mbed.ar(SerialBase.o)
    0x00003700   0x00000024   Code   RO         1259    i._ZN4mbed10SerialBase4baudEi  mbed.ar(SerialBase.o)
    0x00003724   0x00000002   Code   RO         1260    i._ZN4mbed10SerialBase4lockEv  mbed.ar(SerialBase.o)
    0x00003726   0x00000052   Code   RO         1261    i._ZN4mbed10SerialBase6attachENS_8CallbackIFvvEEENS0_7IrqTypeE  mbed.ar(SerialBase.o)
    0x00003778   0x00000002   Code   RO         1263    i._ZN4mbed10SerialBase6unlockEv  mbed.ar(SerialBase.o)
    0x0000377a   0x00000020   Code   RO         1264    i._ZN4mbed10SerialBase8readableEv  mbed.ar(SerialBase.o)
    0x0000379a   0x00000002   PAD
    0x0000379c   0x00000050   Code   RO         1266    i._ZN4mbed10SerialBaseC1E7PinNameS1_  mbed.ar(SerialBase.o)
    0x000037ec   0x00000006   Code   RO         1423    i._ZN4mbed10TimerEvent3irqEj  mbed.ar(TimerEvent.o)
    0x000037f2   0x00000010   Code   RO         1424    i._ZN4mbed10TimerEvent6insertEj  mbed.ar(TimerEvent.o)
    0x00003802   0x0000000a   Code   RO         1425    i._ZN4mbed10TimerEvent6removeEv  mbed.ar(TimerEvent.o)
    0x0000380c   0x00000028   Code   RO         1427    i._ZN4mbed10TimerEventC2Ev  mbed.ar(TimerEvent.o)
    0x00003834   0x00000018   Code   RO         1429    i._ZN4mbed10TimerEventD2Ev  mbed.ar(TimerEvent.o)
    0x0000384c   0x0000002c   Code   RO         1044    i._ZN4mbed11InterruptIn12_irq_handlerEj14gpio_irq_event  mbed.ar(InterruptIn.o)
    0x00003878   0x0000004a   Code   RO         1045    i._ZN4mbed11InterruptIn4fallENS_8CallbackIFvvEEE  mbed.ar(InterruptIn.o)
    0x000038c2   0x00000002   PAD
    0x000038c4   0x00000040   Code   RO         1047    i._ZN4mbed11InterruptIn4readEv  mbed.ar(InterruptIn.o)
    0x00003904   0x0000004a   Code   RO         1048    i._ZN4mbed11InterruptIn4riseENS_8CallbackIFvvEEE  mbed.ar(InterruptIn.o)
    0x0000394e   0x00000002   PAD
    0x00003950   0x00000048   Code   RO         1049    i._ZN4mbed11InterruptInC1E7PinName  mbed.ar(InterruptIn.o)
    0x00003998   0x00000018   Code   RO         1051    i._ZN4mbed11InterruptInD1Ev  mbed.ar(InterruptIn.o)
    0x000039b0   0x0000002c   Code   RO         1052    i._ZN4mbed11InterruptIncviEv  mbed.ar(InterruptIn.o)
    0x000039dc   0x00000014   Code   RO          971    i._ZN4mbed14FileSystemLikeC2EPKc  mbed.ar(FileSystemLike.o)
    0x000039f0   0x00000004   Code   RO          973    i._ZN4mbed14FileSystemLikeD2Ev  mbed.ar(FileSystemLike.o)
    0x000039f4   0x00000020   Code   RO         1086    i._ZN4mbed15LocalFileHandle4flenEv  mbed.ar(LocalFileSystem.o)
    0x00003a14   0x00000002   Code   RO         1087    i._ZN4mbed15LocalFileHandle4lockEv  mbed.ar(LocalFileSystem.o)
    0x00003a16   0x00000030   Code   RO         1088    i._ZN4mbed15LocalFileHandle4readEPvj  mbed.ar(LocalFileSystem.o)
    0x00003a46   0x00000018   Code   RO         1089    i._ZN4mbed15LocalFileHandle5closeEv  mbed.ar(LocalFileSystem.o)
    0x00003a5e   0x0000003a   Code   RO         1091    i._ZN4mbed15LocalFileHandle5lseekEli  mbed.ar(LocalFileSystem.o)
    0x00003a98   0x00000030   Code   RO         1092    i._ZN4mbed15LocalFileHandle5writeEPKvj  mbed.ar(LocalFileSystem.o)
    0x00003ac8   0x00000020   Code   RO         1093    i._ZN4mbed15LocalFileHandle6isattyEv  mbed.ar(LocalFileSystem.o)
    0x00003ae8   0x00000002   Code   RO         1094    i._ZN4mbed15LocalFileHandle6unlockEv  mbed.ar(LocalFileSystem.o)
    0x00003aea   0x00000002   PAD
    0x00003aec   0x00000018   Code   RO         1149    i._ZN4mbed15LocalFileHandleD0Ev  mbed.ar(LocalFileSystem.o)
    0x00003b04   0x00000080   Code   RO         1096    i._ZN4mbed15LocalFileSystem4openEPKci  mbed.ar(LocalFileSystem.o)
    0x00003b84   0x00000004   Code   RO          297    i._ZN4mbed15LocalFileSystemD1Ev  main.o
    0x00003b88   0x00000006   Code   RO           30    i._ZN4mbed26mbed_set_unbuffered_streamEPSt6__FILE  retarget.o
    0x00003b8e   0x00000002   Code   RO         1198    i._ZN4mbed6Serial4lockEv  mbed.ar(Serial.o)
    0x00003b90   0x00000002   Code   RO         1201    i._ZN4mbed6Serial6unlockEv  mbed.ar(Serial.o)
    0x00003b92   0x00000002   PAD
    0x00003b94   0x00000024   Code   RO         1202    i._ZN4mbed6SerialC1E7PinNameS1_PKc  mbed.ar(Serial.o)
    0x00003bb8   0x00000004   Code   RO         1343    i._ZN4mbed6Stream4flenEv  mbed.ar(Stream.o)
    0x00003bbc   0x00000026   Code   RO         1344    i._ZN4mbed6Stream4getcEv  mbed.ar(Stream.o)
    0x00003be2   0x0000002a   Code   RO         1346    i._ZN4mbed6Stream4putcEi  mbed.ar(Stream.o)
    0x00003c0c   0x0000003c   Code   RO         1348    i._ZN4mbed6Stream4readEPvj  mbed.ar(Stream.o)
    0x00003c48   0x00000004   Code   RO         1349    i._ZN4mbed6Stream5closeEv  mbed.ar(Stream.o)
    0x00003c4c   0x00000004   Code   RO         1351    i._ZN4mbed6Stream5lseekEli  mbed.ar(Stream.o)
    0x00003c50   0x0000003c   Code   RO         1353    i._ZN4mbed6Stream5writeEPKvj  mbed.ar(Stream.o)
    0x00003c8c   0x00000004   Code   RO         1354    i._ZN4mbed6Stream6isattyEv  mbed.ar(Stream.o)
    0x00003c90   0x00000032   Code   RO         1355    i._ZN4mbed6Stream6printfEPKcz  mbed.ar(Stream.o)
    0x00003cc2   0x00000002   PAD
    0x00003cc4   0x00000040   Code   RO         1358    i._ZN4mbed6StreamC2EPKc  mbed.ar(Stream.o)
    0x00003d04   0x0000002a   Code   RO         1318    i._ZN4mbed6Ticker5setupEj  mbed.ar(Ticker.o)
    0x00003d2e   0x0000001c   Code   RO         1319    i._ZN4mbed6Ticker6detachEv  mbed.ar(Ticker.o)
    0x00003d4a   0x00000024   Code   RO         1320    i._ZN4mbed6Ticker7handlerEv  mbed.ar(Ticker.o)
    0x00003d6e   0x00000004   Code   RO         1663    i._ZN4mbed8FileBase11getPathTypeEv  mbed.ar(FileBase.o)
    0x00003d72   0x00000002   PAD
    0x00003d74   0x0000006c   Code   RO         1665    i._ZN4mbed8FileBase6lookupEPKcj  mbed.ar(FileBase.o)
    0x00003de0   0x00000040   Code   RO         1667    i._ZN4mbed8FileBaseC1EPKcNS_8PathTypeE  mbed.ar(FileBase.o)
    0x00003e20   0x00000048   Code   RO         1669    i._ZN4mbed8FileBaseD1Ev  mbed.ar(FileBase.o)
    0x00003e68   0x00000024   Code   RO         1698    i._ZN4mbed8FileLikeC2EPKc  mbed.ar(FileLike.o)
    0x00003e8c   0x00000018   Code   RO          943    i._ZN4mbed8FilePath10fileSystemEv  mbed.ar(FilePath.o)
    0x00003ea4   0x0000001c   Code   RO          945    i._ZN4mbed8FilePath4fileEv  mbed.ar(FilePath.o)
    0x00003ec0   0x0000000a   Code   RO          946    i._ZN4mbed8FilePath6existsEv  mbed.ar(FilePath.o)
    0x00003eca   0x00000018   Code   RO          947    i._ZN4mbed8FilePath6isFileEv  mbed.ar(FilePath.o)
    0x00003ee2   0x00000004   Code   RO          948    i._ZN4mbed8FilePath8fileNameEv  mbed.ar(FilePath.o)
    0x00003ee6   0x00000040   Code   RO          949    i._ZN4mbed8FilePathC1EPKc  mbed.ar(FilePath.o)
    0x00003f26   0x00000004   Code   RO           31    i._ZN4mbed9mbed_getcEPSt6__FILE  retarget.o
    0x00003f2a   0x00000002   PAD
    0x00003f2c   0x00000184   Code   RO          288    i._ZN9PrintHead12update_motorEv  main.o
    0x000040b0   0x00000018   Code   RO          264    i._ZN9PrintHead19left_encoder_risingEv  main.o
    0x000040c8   0x00000018   Code   RO          270    i._ZN9PrintHead20left_encoder_fallingEv  main.o
    0x000040e0   0x00000018   Code   RO          276    i._ZN9PrintHead20right_encoder_risingEv  main.o
    0x000040f8   0x00000018   Code   RO          282    i._ZN9PrintHead21right_encoder_fallingEv  main.o
    0x00004110   0x00000164   Code   RO          258    i._ZN9PrintHeadC1E7PinNameS0_S0_S0_S0_  main.o
    0x00004274   0x0000002c   Code   RO          294    i._ZN9PrintHeadD1Ev  main.o
    0x000042a0   0x00000002   Code   RO         1203    i._ZThn48_N4mbed6Serial4lockEv  mbed.ar(Serial.o)
    0x000042a2   0x00000006   Code   RO         1204    i._ZThn48_N4mbed6Serial5_getcEv  mbed.ar(Serial.o)
    0x000042a8   0x00000006   Code   RO         1205    i._ZThn48_N4mbed6Serial5_putcEi  mbed.ar(Serial.o)
    0x000042ae   0x00000002   Code   RO         1206    i._ZThn48_N4mbed6Serial6unlockEv  mbed.ar(Serial.o)
    0x000042b0   0x0000000a   Code   RO           34    i._ZdlPv            retarget.o
    0x000042ba   0x00000002   PAD
    0x000042bc   0x00000034   Code   RO           36    i._Znwj             retarget.o
    0x000042f0   0x00000028   Code   RO         2565    i.__ARM_fpclassify  m_ws.l(fpclassify.o)
    0x00004318   0x00000034   Code   RO            5    i.__NVIC_SetVector  cmsis_nvic.o
    0x0000434c   0x00000024   Code   RO         2077    i.__aeabi_vec_ctor_nocookie_nodtor  cpprt_w.l(aeabi_vec_ctor_nocookie_nodtor.o)
    0x00004370   0x00000006   Code   RO         1968    i.__cxa_pure_virtual  cpprt_w.l(pure_virt.o)
    0x00004376   0x00000002   PAD
    0x00004378   0x00000100   Code   RO          195    i.__sti___8_main_cpp_left_led  main.o
    0x00004478   0x00000010   Code   RO          172    i.__user_setup_stackheap  sys.o
    0x00004488   0x0000000e   Code   RO         1884    i._is_digit         c_w.l(__printf_wp.o)
    0x00004496   0x00000002   PAD
    0x00004498   0x0000002c   Code   RO           37    i._sys_close        retarget.o
    0x000044c4   0x00000028   Code   RO           40    i._sys_flen         retarget.o
    0x000044ec   0x00000028   Code   RO           41    i._sys_istty        retarget.o
    0x00004514   0x000001e4   Code   RO           42    i._sys_open         retarget.o
    0x000046f8   0x00000060   Code   RO           43    i._sys_read         retarget.o
    0x00004758   0x00000028   Code   RO           44    i._sys_seek         retarget.o
    0x00004780   0x0000006c   Code   RO           45    i._sys_write        retarget.o
    0x000047ec   0x0000008c   Code   RO         1501    i.core_util_critical_section_enter  mbed.ar(mbed_critical.o)
    0x00004878   0x00000058   Code   RO         1502    i.core_util_critical_section_exit  mbed.ar(mbed_critical.o)
    0x000048d0   0x00000012   Code   RO         1463    i.error             mbed.ar(mbed_error.o)
    0x000048e2   0x00000002   PAD
    0x000048e4   0x0000002c   Code   RO           47    i.exit              retarget.o
    0x00004910   0x00000018   Code   RO         1909    i.fgetc             c_w.l(fgetc.o)
    0x00004928   0x0000001a   Code   RO         1915    i.fputc             c_w.l(fputc.o)
    0x00004942   0x00000002   PAD
    0x00004944   0x00000008   Code   RO         1759    i.get_us_ticker_data  mbed.ar(mbed_us_ticker_api.o)
    0x0000494c   0x00000054   Code   RO         1600    i.gpio_dir          mbed.ar(gpio_api.o)
    0x000049a0   0x0000003a   Code   RO         1601    i.gpio_init         mbed.ar(gpio_api.o)
    0x000049da   0x00000028   Code   RO         1471    i.gpio_init_in      mbed.ar(mbed_gpio.o)
    0x00004a02   0x00000002   PAD
    0x00004a04   0x00000048   Code   RO         1474    i.gpio_init_out     mbed.ar(mbed_gpio.o)
    0x00004a4c   0x00000068   Code   RO         1475    i.gpio_init_out_ex  mbed.ar(mbed_gpio.o)
    0x00004ab4   0x00000010   Code   RO         1617    i.gpio_irq_free     mbed.ar(gpio_irq_api.o)
    0x00004ac4   0x000000a0   Code   RO         1618    i.gpio_irq_init     mbed.ar(gpio_irq_api.o)
    0x00004b64   0x000000c8   Code   RO         1619    i.gpio_irq_set      mbed.ar(gpio_irq_api.o)
    0x00004c2c   0x00000006   Code   RO         1602    i.gpio_mode         mbed.ar(gpio_api.o)
    0x00004c32   0x00000002   PAD
    0x00004c34   0x000000f0   Code   RO         1620    i.handle_interrupt_in  mbed.ar(gpio_irq_api.o)
    0x00004d24   0x00000078   Code   RO          196    i.main              main.o
    0x00004d9c   0x00000054   Code   RO         1455    i.mbed_assert_internal  mbed.ar(mbed_assert.o)
    0x00004df0   0x00000120   Code   RO           14    i.mbed_die          mbed_board.o
    0x00004f10   0x00000058   Code   RO           15    i.mbed_error_printf  mbed_board.o
    0x00004f68   0x00000050   Code   RO           16    i.mbed_error_vfprintf  mbed_board.o
    0x00004fb8   0x00000004   Code   RO         1526    i.mbed_interface_connected  mbed.ar(mbed_interface.o)
    0x00004fbc   0x00000002   Code   RO           48    i.mbed_main         retarget.o
    0x00004fbe   0x00000002   Code   RO           49    i.mbed_sdk_init     retarget.o
    0x00004fc0   0x0000005c   Code   RO         1635    i.pin_function      mbed.ar(pinmap.o)
    0x0000501c   0x00000090   Code   RO         1636    i.pin_mode          mbed.ar(pinmap.o)
    0x000050ac   0x00000022   Code   RO         1724    i.pinmap_find_peripheral  mbed.ar(mbed_pinmap_common.o)
    0x000050ce   0x00000002   PAD
    0x000050d0   0x0000003c   Code   RO         1726    i.pinmap_merge      mbed.ar(mbed_pinmap_common.o)
    0x0000510c   0x0000005c   Code   RO         1727    i.pinmap_peripheral  mbed.ar(mbed_pinmap_common.o)
    0x00005168   0x00000058   Code   RO         1728    i.pinmap_pinout     mbed.ar(mbed_pinmap_common.o)
    0x000051c0   0x00000100   Code   RO          863    i.pwmout_init       mbed.ar(pwmout_api.o)
    0x000052c0   0x0000004c   Code   RO          864    i.pwmout_period     mbed.ar(pwmout_api.o)
    0x0000530c   0x00000050   Code   RO          871    i.pwmout_write      mbed.ar(pwmout_api.o)
    0x0000535c   0x0000000c   Code   RO         1548    i.semihost_close    mbed.ar(mbed_semihost_api.o)
    0x00005368   0x00000010   Code   RO         1549    i.semihost_connected  mbed.ar(mbed_semihost_api.o)
    0x00005378   0x0000000c   Code   RO         1552    i.semihost_exit     mbed.ar(mbed_semihost_api.o)
    0x00005384   0x0000000c   Code   RO         1553    i.semihost_flen     mbed.ar(mbed_semihost_api.o)
    0x00005390   0x0000000c   Code   RO         1554    i.semihost_istty    mbed.ar(mbed_semihost_api.o)
    0x0000539c   0x00000018   Code   RO         1555    i.semihost_open     mbed.ar(mbed_semihost_api.o)
    0x000053b4   0x00000012   Code   RO         1557    i.semihost_read     mbed.ar(mbed_semihost_api.o)
    0x000053c6   0x00000010   Code   RO         1561    i.semihost_seek     mbed.ar(mbed_semihost_api.o)
    0x000053d6   0x0000001c   Code   RO         1564    i.semihost_write    mbed.ar(mbed_semihost_api.o)
    0x000053f2   0x00000002   PAD
    0x000053f4   0x000001c4   Code   RO          891    i.serial_baud       mbed.ar(serial_api.o)
    0x000055b8   0x00000038   Code   RO          897    i.serial_getc       mbed.ar(serial_api.o)
    0x000055f0   0x00000180   Code   RO          898    i.serial_init       mbed.ar(serial_api.o)
    0x00005770   0x0000001c   Code   RO          899    i.serial_irq_handler  mbed.ar(serial_api.o)
    0x0000578c   0x0000001c   Code   RO          900    i.serial_irq_set    mbed.ar(serial_api.o)
    0x000057a8   0x000000cc   Code   RO          901    i.serial_irq_set_internal  mbed.ar(serial_api.o)
    0x00005874   0x00000068   Code   RO          903    i.serial_putc       mbed.ar(serial_api.o)
    0x000058dc   0x0000000a   Code   RO          904    i.serial_readable   mbed.ar(serial_api.o)
    0x000058e6   0x00000002   PAD
    0x000058e8   0x0000010c   Code   RO          905    i.serial_set_flow_control  mbed.ar(serial_api.o)
    0x000059f4   0x00000048   Code   RO         1742    i.ticker_insert_event  mbed.ar(mbed_ticker_api.o)
    0x00005a3c   0x0000004e   Code   RO         1743    i.ticker_irq_handler  mbed.ar(mbed_ticker_api.o)
    0x00005a8a   0x00000006   Code   RO         1744    i.ticker_read       mbed.ar(mbed_ticker_api.o)
    0x00005a90   0x00000044   Code   RO         1745    i.ticker_remove_event  mbed.ar(mbed_ticker_api.o)
    0x00005ad4   0x00000012   Code   RO         1746    i.ticker_set_handler  mbed.ar(mbed_ticker_api.o)
    0x00005ae6   0x00000002   PAD
    0x00005ae8   0x00000014   Code   RO          907    i.uart0_irq         mbed.ar(serial_api.o)
    0x00005afc   0x00000014   Code   RO          908    i.uart1_irq         mbed.ar(serial_api.o)
    0x00005b10   0x00000014   Code   RO          909    i.uart2_irq         mbed.ar(serial_api.o)
    0x00005b24   0x00000014   Code   RO          910    i.uart3_irq         mbed.ar(serial_api.o)
    0x00005b38   0x00000068   Code   RO          911    i.uart_irq          mbed.ar(serial_api.o)
    0x00005ba0   0x0000000c   Code   RO         1646    i.us_ticker_clear_interrupt  mbed.ar(us_ticker.o)
    0x00005bac   0x00000010   Code   RO         1647    i.us_ticker_disable_interrupt  mbed.ar(us_ticker.o)
    0x00005bbc   0x00000064   Code   RO         1648    i.us_ticker_init    mbed.ar(us_ticker.o)
    0x00005c20   0x0000000c   Code   RO         1760    i.us_ticker_irq_handler  mbed.ar(mbed_us_ticker_api.o)
    0x00005c2c   0x00000064   Code   RO         1649    i.us_ticker_read    mbed.ar(us_ticker.o)
    0x00005c90   0x00000014   Code   RO         1650    i.us_ticker_set_interrupt  mbed.ar(us_ticker.o)
    0x00005ca4   0x0000001c   Code   RO         1589    i.wait_ms           mbed.ar(mbed_wait_api.o)
    0x00005cc0   0x0000002c   Code   RO         2513    locale$$code        c_w.l(lc_ctype_c.o)
    0x00005cec   0x0000002c   Code   RO         2516    locale$$code        c_w.l(lc_numeric_c.o)
    0x00005d18   0x0000002c   Code   RO         1690    t._ZN12SingletonPtrI13PlatformMutexEptEv  mbed.ar(FileBase.o)
    0x00005d44   0x00000014   Code   RO          300    t._ZN4mbed8CallbackIFvvEE12_methodthunkI9PrintHeadEEvPvS5_  main.o
    0x00005d58   0x00000004   Code   RO          753    t._ZN4mbed8CallbackIFvvEE12_staticthunkEPvS3_  serialcommander.o
    0x00005d5c   0x000000c4   Code   RO         2080    x$fpl$fadd          fz_ws.l(faddsub_clz.o)
    0x00005e20   0x00000184   Code   RO         2087    x$fpl$fdiv          fz_ws.l(fdiv.o)
    0x00005fa4   0x00000036   Code   RO         2090    x$fpl$ffix          fz_ws.l(ffix.o)
    0x00005fda   0x00000002   PAD
    0x00005fdc   0x0000003e   Code   RO         2094    x$fpl$ffixu         fz_ws.l(ffixu.o)
    0x0000601a   0x00000002   PAD
    0x0000601c   0x00000030   Code   RO         2099    x$fpl$fflt          fz_ws.l(fflt_clz.o)
    0x0000604c   0x00000026   Code   RO         2098    x$fpl$ffltu         fz_ws.l(fflt_clz.o)
    0x00006072   0x00000002   PAD
    0x00006074   0x00000102   Code   RO         2104    x$fpl$fmul          fz_ws.l(fmul.o)
    0x00006176   0x0000008c   Code   RO         2312    x$fpl$fnaninf       fz_ws.l(fnaninf.o)
    0x00006202   0x0000000a   Code   RO         2314    x$fpl$fretinf       fz_ws.l(fretinf.o)
    0x0000620c   0x000000ea   Code   RO         2082    x$fpl$fsub          fz_ws.l(faddsub_clz.o)
    0x000062f6   0x00000004   Code   RO         2316    x$fpl$printf1       fz_ws.l(printf1.o)
    0x000062fa   0x00000004   Code   RO         2318    x$fpl$printf2       fz_ws.l(printf2.o)
    0x000062fe   0x00000000   Code   RO         2326    x$fpl$usenofp       fz_ws.l(usenofp.o)
    0x000062fe   0x00000017   Data   RO           94    .constdata          retarget.o
    0x00006315   0x00000003   PAD
    0x00006318   0x00000028   Data   RO          206    .constdata          main.o
    0x00006340   0x000000b4   Data   RO          872    .constdata          mbed.ar(pwmout_api.o)
    0x000063f4   0x00000120   Data   RO          913    .constdata          mbed.ar(serial_api.o)
    0x00006514   0x00000014   Data   RO         1761    .constdata          mbed.ar(mbed_us_ticker_api.o)
    0x00006528   0x00000008   Data   RO         1762    .constdata          mbed.ar(mbed_us_ticker_api.o)
    0x00006530   0x00000028   Data   RO         1872    .constdata          c_w.l(_printf_hex_int_ll_ptr.o)
    0x00006558   0x00000011   Data   RO         1892    .constdata          c_w.l(__printf_flags_ss_wp.o)
    0x00006569   0x00000003   PAD
    0x0000656c   0x00000008   Data   RO         2165    .constdata          c_w.l(_printf_wctomb.o)
    0x00006574   0x00000026   Data   RO         2366    .constdata          c_w.l(_printf_fp_hex.o)
    0x0000659a   0x00000002   PAD
    0x0000659c   0x00000094   Data   RO         2486    .constdata          c_w.l(bigflt0.o)
    0x00006630   0x00000034   Data   RO          153    .constdata__ZTVN4mbed10FileHandleE  retarget.o
    0x00006664   0x00000018   Data   RO         1306    .constdata__ZTVN4mbed10SerialBaseE  mbed.ar(SerialBase.o)
    0x0000667c   0x00000014   Data   RO         1449    .constdata__ZTVN4mbed10TimerEventE  mbed.ar(TimerEvent.o)
    0x00006690   0x00000010   Data   RO         1080    .constdata__ZTVN4mbed11InterruptInE  mbed.ar(InterruptIn.o)
    0x000066a0   0x00000024   Data   RO          986    .constdata__ZTVN4mbed14FileSystemLikeE  mbed.ar(FileSystemLike.o)
    0x000066c4   0x00000034   Data   RO         1144    .constdata__ZTVN4mbed15LocalFileHandleE  mbed.ar(LocalFileSystem.o)
    0x000066f8   0x00000024   Data   RO         1142    .constdata__ZTVN4mbed15LocalFileSystemE  mbed.ar(LocalFileSystem.o)
    0x0000671c   0x0000006c   Data   RO         1229    .constdata__ZTVN4mbed6SerialE  mbed.ar(Serial.o)
    0x00006788   0x0000004c   Data   RO         1417    .constdata__ZTVN4mbed6StreamE  mbed.ar(Stream.o)
    0x000067d4   0x00000014   Data   RO         1331    .constdata__ZTVN4mbed6TickerE  mbed.ar(Ticker.o)
    0x000067e8   0x00000010   Data   RO         1689    .constdata__ZTVN4mbed8FileBaseE  mbed.ar(FileBase.o)
    0x000067f8   0x00000044   Data   RO         1717    .constdata__ZTVN4mbed8FileLikeE  mbed.ar(FileLike.o)
    0x0000683c   0x00000014   Data   RO          154    .constdata__ZZN12SingletonPtrI13PlatformMutexE3getEvEs  retarget.o
    0x00006850   0x00000045   Data   RO          155    .constdata__ZZN12SingletonPtrI13PlatformMutexE3getEvEs_0  retarget.o
    0x00006895   0x00000003   PAD
    0x00006898   0x0000006d   Data   RO           17    .conststring        mbed_board.o
    0x00006905   0x00000003   PAD
    0x00006908   0x00000061   Data   RO          873    .conststring        mbed.ar(pwmout_api.o)
    0x00006969   0x00000003   PAD
    0x0000696c   0x00000061   Data   RO          914    .conststring        mbed.ar(serial_api.o)
    0x000069cd   0x00000003   PAD
    0x000069d0   0x00000045   Data   RO         1503    .conststring        mbed.ar(mbed_critical.o)
    0x00006a15   0x00000003   PAD
    0x00006a18   0x0000005f   Data   RO         1604    .conststring        mbed.ar(gpio_api.o)
    0x00006a77   0x00000001   PAD
    0x00006a78   0x0000005d   Data   RO         1637    .conststring        mbed.ar(pinmap.o)
    0x00006ad5   0x00000003   PAD
    0x00006ad8   0x00000020   Data   RO         2675    Region$$Table       anon$$obj.o
    0x00006af8   0x00000110   Data   RO         2512    locale$$data        c_w.l(lc_ctype_c.o)
    0x00006c08   0x0000001c   Data   RO         2515    locale$$data        c_w.l(lc_numeric_c.o)
    0x00006c24   0x00000004   Data   RO          208    .init_array         main.o
    0x00006c28   0x00000000   Data   RO         1963    .init_array         c_w.l(init_aeabi.o)


    Execution Region RW_IRAM1 (Base: 0x100000c8, Size: 0x00000620, Max: 0x00007f38, ABSOLUTE)

    Base Addr    Size         Type   Attr      Idx    E Section Name        Object

    0x100000c8   0x00000008   Data   RW           97    .data               retarget.o
    0x100000d0   0x00000004   Data   RW          180    .data               system_LPC17xx.o
    0x100000d4   0x00000008   Data   RW          207    .data               main.o
    0x100000dc   0x00000004   Data   RW          687    .data               serialcommander.o
    0x100000e0   0x00000020   Data   RW          874    .data               mbed.ar(pwmout_api.o)
    0x10000100   0x00000010   Data   RW          915    .data               mbed.ar(serial_api.o)
    0x10000110   0x00000008   Data   RW         1504    .data               mbed.ar(mbed_critical.o)
    0x10000118   0x00000004   Data   RW         1622    .data               mbed.ar(gpio_irq_api.o)
    0x1000011c   0x00000004   Data   RW         1651    .data               mbed.ar(us_ticker.o)
    0x10000120   0x0000000c   Data   RW         1677    .data               mbed.ar(FileBase.o)
    0x1000012c   0x00000008   Data   RW         1763    .data               mbed.ar(mbed_us_ticker_api.o)
    0x10000134   0x00000004   Data   RW         1927    .data               c_w.l(stdio_streams.o)
    0x10000138   0x00000004   Data   RW         1928    .data               c_w.l(stdio_streams.o)
    0x1000013c   0x00000004   Data   RW         1929    .data               c_w.l(stdio_streams.o)
    0x10000140   0x00000004   Data   RW         2429    .data               c_w.l(heapauxa.o)
    0x10000144   0x00000040   Zero   RW           93    .bss                retarget.o
    0x10000184   0x000002a8   Zero   RW          205    .bss                main.o
    0x1000042c   0x000000e0   Zero   RW          912    .bss                mbed.ar(serial_api.o)
    0x1000050c   0x000000c0   Zero   RW         1621    .bss                mbed.ar(gpio_irq_api.o)
    0x100005cc   0x00000054   Zero   RW         1924    .bss                c_w.l(stdio_streams.o)
    0x10000620   0x00000054   Zero   RW         1925    .bss                c_w.l(stdio_streams.o)
    0x10000674   0x00000054   Zero   RW         1926    .bss                c_w.l(stdio_streams.o)
    0x100006c8   0x00000004   Zero   RW         2114    .bss                c_w.l(rt_heap_descriptor.o)
    0x100006cc   0x00000004   Zero   RW         2119    .bss                c_w.l(rt_ddtor_pointer_addr.o)
    0x100006d0   0x00000004   Zero   RW         2124    .bss                c_w.l(rt_errno_addr.o)
    0x100006d4   0x00000014   Zero   RW         2472    .bss                c_w.l(rt_locale.o)


    Execution Region RW_IRAM2 (Base: 0x2007c000, Size: 0x00000000, Max: 0x00004000, ABSOLUTE)

    **** No section assigned to this execution region ****


    Execution Region RW_IRAM3 (Base: 0x20080000, Size: 0x00000000, Max: 0x00004000, ABSOLUTE)

    **** No section assigned to this execution region ****


    Execution Region RW_IRAM4 (Base: 0x40038000, Size: 0x00000000, Max: 0x00000800, ABSOLUTE)

    **** No section assigned to this execution region ****


==============================================================================

Image component sizes


      Code (inc. data)   RO Data    RW Data    ZI Data      Debug   Object Name

        52          6          0          0          0         84   cmsis_nvic.o
      1914        354         44          8        680      63530   main.o
       456         70        109          0          0        260   mbed_board.o
      1192        156        164          8         64       1432   retarget.o
       620         58          0          4          0      16308   serialcommander.o
        40         12        196          0          0        228   startup_LPC17xx.o
        16          6          0          0          0         68   sys.o
       160         10          0          4          0         68   system_LPC17xx.o

    ----------------------------------------------------------------------
      4458        672        554         24        744      81978   Object Totals
         0          0         32          0          0          0   (incl. Generated)
         8          0          9          0          0          0   (incl. Padding)

    ----------------------------------------------------------------------

      Code (inc. data)   RO Data    RW Data    ZI Data      Debug   Library Member Name

        60          8          0          0          0         84   __0sscanf.o
        20          0          0          0          0         84   __2fprintf.o
        44          6          0          0          0         84   __2sprintf.o
         8          0          0          0          0         68   __main.o
       392          4         17          0          0         92   __printf_flags_ss_wp.o
        14          0          0          0          0         68   __printf_wp.o
         0          0          0          0          0          0   __rtentry.o
        12          0          0          0          0          0   __rtentry2.o
         6          0          0          0          0          0   __rtentry4.o
        52          8          0          0          0          0   __scatter.o
        26          0          0          0          0          0   __scatter_copy.o
        28          0          0          0          0          0   __scatter_zi.o
        28          0          0          0          0         68   _chval.o
         6          0          0          0          0          0   _printf_a.o
         6          0          0          0          0          0   _printf_c.o
        44          0          0          0          0        108   _printf_char.o
        48          6          0          0          0         96   _printf_char_common.o
        36          4          0          0          0         80   _printf_char_file.o
        40          0          0          0          0         68   _printf_charcount.o
         6          0          0          0          0          0   _printf_d.o
       120         16          0          0          0         92   _printf_dec.o
         6          0          0          0          0          0   _printf_e.o
         6          0          0          0          0          0   _printf_f.o
      1050          0          0          0          0        216   _printf_fp_dec.o
       764          8         38          0          0        100   _printf_fp_hex.o
       128         16          0          0          0         84   _printf_fp_infnan.o
         6          0          0          0          0          0   _printf_g.o
       148          4         40          0          0        160   _printf_hex_int_ll_ptr.o
         6          0          0          0          0          0   _printf_i.o
       178          0          0          0          0         88   _printf_intcommon.o
        10          0          0          0          0          0   _printf_l.o
         6          0          0          0          0          0   _printf_lc.o
        10          0          0          0          0          0   _printf_ll.o
         6          0          0          0          0          0   _printf_lld.o
         6          0          0          0          0          0   _printf_lli.o
         6          0          0          0          0          0   _printf_llo.o
         6          0          0          0          0          0   _printf_llu.o
         6          0          0          0          0          0   _printf_llx.o
       124         16          0          0          0         92   _printf_longlong_dec.o
         6          0          0          0          0          0   _printf_ls.o
         6          0          0          0          0          0   _printf_n.o
         6          0          0          0          0          0   _printf_o.o
       112         10          0          0          0        124   _printf_oct_int_ll.o
         6          0          0          0          0          0   _printf_p.o
        78          0          0          0          0        108   _printf_pad.o
         0          0          0          0          0          0   _printf_percent.o
         4          0          0          0          0          0   _printf_percent_end.o
         6          0          0          0          0          0   _printf_s.o
        82          0          0          0          0         80   _printf_str.o
        36          0          0          0          0         84   _printf_truncate.o
         6          0          0          0          0          0   _printf_u.o
        44          0          0          0          0        108   _printf_wchar.o
       188          6          8          0          0         92   _printf_wctomb.o
         6          0          0          0          0          0   _printf_x.o
       884          6          0          0          0        100   _scanf.o
       332          0          0          0          0         96   _scanf_int.o
        64          0          0          0          0         84   _sgetc.o
        10          0          0          0          0         68   _sputc.o
       158          0          0          0          0         92   _strtoul.o
        64          0          0          0          0         92   _wcrtomb.o
        46          0          0          0          0         84   aeabi_atexit.o
        26          0          0          0          0         80   atoi.o
       220          4        148          0          0         96   bigflt0.o
      1910        128          0          0          0        672   btod.o
        10          0          0          0          0         68   c89vfprintf.o
        66          0          0          0          0         84   cxa_finalize.o
        10          0          0          0          0         68   defsig_exit.o
        50          0          0          0          0         88   defsig_general.o
        48         34          0          0          0         76   defsig_pvfn_inner.o
        14          0          0          0          0         80   defsig_pvfn_outer.o
        80         58          0          0          0         76   defsig_rtmem_inner.o
        14          0          0          0          0         80   defsig_rtmem_outer.o
        52         38          0          0          0         76   defsig_rtred_inner.o
        14          0          0          0          0         80   defsig_rtred_outer.o
        76          0          0          0          0         88   fclose.o
         8          0          0          0          0         68   ferror.o
       100          4          0          0          0        120   fflush.o
        24          0          0          0          0         68   fgetc.o
        74          0          0          0          0         84   fgets.o
       570          0          0          0          0        132   filbuf.o
       470          0          0          0          0         88   flsbuf.o
        56          6          0          0          0         80   flushlinebuffered.o
       236          4          0          0          0        128   fopen.o
        26          0          0          0          0         68   fputc.o
       248          6          0          0          0         84   fseek.o
        66          0          0          0          0         76   ftell.o
        94          0          0          0          0         80   h1_alloc.o
        52          0          0          0          0         68   h1_extend.o
        78          0          0          0          0         80   h1_free.o
        14          0          0          0          0         84   h1_init.o
        80          6          0          4          0         96   heapauxa.o
         4          0          0          0          0        136   hguard.o
         0          0          0          0          0          0   indicate_semi.o
        36         10          0          0          0         80   init_aeabi.o
       138          0          0          0          0        168   init_alloc.o
       312         46          0          0          0        112   initio.o
        18          0          0          0          0         76   isspace.o
        44         10        272          0          0         76   lc_ctype_c.o
        44         10         28          0          0         76   lc_numeric_c.o
         2          0          0          0          0          0   libinit.o
        46          0          0          0          0          0   libinit2.o
         0          0          0          0          0          0   libshutdown2.o
       138          0          0          0          0         80   lludiv10.o
         0          0          0          0          0          0   maybetermalloc1.o
        16          4          0          0          0         76   rt_ctype_table.o
         8          4          0          0          4         68   rt_ddtor_pointer_addr.o
         8          4          0          0          4         68   rt_errno_addr.o
         8          4          0          0          4         68   rt_heap_descriptor.o
         8          4          0          0         20         68   rt_locale.o
        78          0          0          0          0         80   rt_memclr_w.o
       100          0          0          0          0         80   rt_memcpy_w.o
        44          8          0          0          0         84   scanf_char.o
        20          0          0          0          0         68   setbuf.o
        70          0          0          0          0         80   setvbuf.o
       240          6          0          0          0        156   stdio.o
         0          0          0         12        252          0   stdio_streams.o
       128          0          0          0          0         68   strcmpv7m.o
        62          0          0          0          0         76   strlen.o
       150          0          0          0          0         80   strncmp.o
       112          0          0          0          0         88   strtol.o
        12          4          0          0          0         68   sys_exit.o
        14          0          0          0          0         76   sys_wrch.o
         2          0          0          0          0         68   use_no_semi.o
        36          4          0          0          0         76   vsprintf.o
        36          0          0          0          0         84   aeabi_vec_ctor_nocookie_nodtor.o
         6          0          0          0          0         68   pure_virt.o
       430          8          0          0          0        168   faddsub_clz.o
       388         76          0          0          0         96   fdiv.o
        54          4          0          0          0         84   ffix.o
        62          4          0          0          0         84   ffixu.o
        86          0          0          0          0        136   fflt_clz.o
       258          4          0          0          0         84   fmul.o
       140          4          0          0          0         84   fnaninf.o
        10          0          0          0          0         68   fretinf.o
         4          0          0          0          0         68   printf1.o
         4          0          0          0          0         68   printf2.o
         0          0          0          0          0          0   usenofp.o
        40          0          0          0          0         68   fpclassify.o
       292         52         16         12          0        380   FileBase.o
        36         10         68          0          0         76   FileLike.o
       154          0          0          0          0        440   FilePath.o
        24          6         36          0          0        144   FileSystemLike.o
       396         50         16          0          0        552   InterruptIn.o
       398         10         88          0          0        772   LocalFileSystem.o
        56          4        108          0          0        484   Serial.o
       282         14         24          0          0        752   SerialBase.o
       330         12         76          0          0        772   Stream.o
       106          0         20          0          0        248   Ticker.o
        96         12         20          0          0        356   TimerEvent.o
       148         30         95          0          0        228   gpio_api.o
       616         90          0          4        192        352   gpio_irq_api.o
        84         52          0          0          0         88   mbed_assert.o
       228         98         69          8          0        156   mbed_critical.o
        18          0          0          0          0         80   mbed_error.o
       216         36          0          0          0        268   mbed_gpio.o
         4          0          0          0          0         68   mbed_interface.o
       274         78          0          0          0        308   mbed_pinmap_common.o
       150          6          0          0          0        696   mbed_semihost_api.o
       242          0          0          0          0        420   mbed_ticker_api.o
        20         10         28          8          0        136   mbed_us_ticker_api.o
        28          0          0          0          0         80   mbed_wait_api.o
       236         48         93          0          0        160   pinmap.o
       412         72        277         32          0        252   pwmout_api.o
      1718        178        385         16        224       1112   serial_api.o
       248         64          0          4          0        356   us_ticker.o

    ----------------------------------------------------------------------
     20688       1556       1988        100        700      19256   Library Totals
        62          0         18          0          0          0   (incl. Padding)

    ----------------------------------------------------------------------

      Code (inc. data)   RO Data    RW Data    ZI Data      Debug   Library Name

     12296        524        551         16        284       8360   c_w.l
        42          0          0          0          0        152   cpprt_w.l
      1436        100          0          0          0        940   fz_ws.l
        40          0          0          0          0         68   m_ws.l
      6812        932       1419         84        416       9736   mbed.ar

    ----------------------------------------------------------------------
     20688       1556       1988        100        700      19256   Library Totals

    ----------------------------------------------------------------------

==============================================================================


      Code (inc. data)   RO Data    RW Data    ZI Data      Debug   

     25146       2228       2542        124       1444      86670   Grand Totals
     25146       2228       2542        124       1444      86670   ELF Image Totals
     25146       2228       2542        124          0          0   ROM Totals

==============================================================================

    Total RO  Size (Code + RO Data)                27688 (  27.04kB)
    Total RW  Size (RW Data + ZI Data)              1568 (   1.53kB)
    Total ROM Size (Code + RO Data + RW Data)      27812 (  27.16kB)

==============================================================================

