Component: ARM Compiler 5.06 update 4 (build 422) Tool: armlink [4d35d2]

==============================================================================

Section Cross References

    cmsis_nvic.o(i.__NVIC_SetVector) refers to rt_memcpy_w.o(.text) for __aeabi_memcpy4
    mbed_board.o(i.mbed_die) refers to mbed_critical.o(i.core_util_critical_section_enter) for core_util_critical_section_enter
    mbed_board.o(i.mbed_die) refers to mbed_gpio.o(i.gpio_init_out) for gpio_init_out
    mbed_board.o(i.mbed_die) refers to mbed_assert.o(i.mbed_assert_internal) for mbed_assert_internal
    mbed_board.o(i.mbed_die) refers to mbed_wait_api.o(i.wait_ms) for wait_ms
    mbed_board.o(i.mbed_die) refers to mbed_board.o(.conststring) for .conststring
    mbed_board.o(i.mbed_error_printf) refers to mbed_critical.o(i.core_util_critical_section_enter) for core_util_critical_section_enter
    mbed_board.o(i.mbed_error_printf) refers to vsprintf.o(.text) for vsprintf
    mbed_board.o(i.mbed_error_printf) refers to serial_api.o(i.serial_init) for serial_init
    mbed_board.o(i.mbed_error_printf) refers to serial_api.o(i.serial_putc) for serial_putc
    mbed_board.o(i.mbed_error_printf) refers to mbed_critical.o(i.core_util_critical_section_exit) for core_util_critical_section_exit
    mbed_board.o(i.mbed_error_printf) refers to serial_api.o(.data) for stdio_uart_inited
    mbed_board.o(i.mbed_error_vfprintf) refers to mbed_critical.o(i.core_util_critical_section_enter) for core_util_critical_section_enter
    mbed_board.o(i.mbed_error_vfprintf) refers to vsprintf.o(.text) for vsprintf
    mbed_board.o(i.mbed_error_vfprintf) refers to serial_api.o(i.serial_init) for serial_init
    mbed_board.o(i.mbed_error_vfprintf) refers to serial_api.o(i.serial_putc) for serial_putc
    mbed_board.o(i.mbed_error_vfprintf) refers to mbed_critical.o(i.core_util_critical_section_exit) for core_util_critical_section_exit
    mbed_board.o(i.mbed_error_vfprintf) refers to serial_api.o(.data) for stdio_uart_inited
    retarget.o(i.$Sub$$main) refers to retarget.o(i.mbed_sdk_init) for mbed_sdk_init
    retarget.o(i.$Sub$$main) refers to retarget.o(i.mbed_main) for mbed_main
    retarget.o(i.$Sub$$main) refers to main.o(i.main) for $Super$$main
    retarget.o(i._ZN4mbed10FileHandleD0Ev) refers to mbed_assert.o(i.mbed_assert_internal) for mbed_assert_internal
    retarget.o(i._ZN4mbed10FileHandleD0Ev) refers to h1_free.o(.text) for free
    retarget.o(i._ZN4mbed10FileHandleD0Ev) refers to retarget.o(.constdata__ZTVN4mbed10FileHandleE) for vtable for mbed::FileHandle
    retarget.o(i._ZN4mbed10FileHandleD0Ev) refers to retarget.o(.data) for .data
    retarget.o(i._ZN4mbed10FileHandleD0Ev) refers to retarget.o(.constdata__ZZN12SingletonPtrI13PlatformMutexE3getEvEs_0) for SingletonPtr<PlatformMutex>::get()::string (instance 2)
    retarget.o(i._ZN4mbed10FileHandleD0Ev) refers to retarget.o(.constdata__ZZN12SingletonPtrI13PlatformMutexE3getEvEs) for SingletonPtr<PlatformMutex>::get()::string
    retarget.o(i._ZN4mbed10FileHandleD0Ev) refers to retarget.o(.bss) for .bss
    retarget.o(i._ZN4mbed10FileHandleD2Ev) refers to mbed_assert.o(i.mbed_assert_internal) for mbed_assert_internal
    retarget.o(i._ZN4mbed10FileHandleD2Ev) refers to retarget.o(.constdata__ZTVN4mbed10FileHandleE) for vtable for mbed::FileHandle
    retarget.o(i._ZN4mbed10FileHandleD2Ev) refers to retarget.o(.data) for .data
    retarget.o(i._ZN4mbed10FileHandleD2Ev) refers to retarget.o(.constdata__ZZN12SingletonPtrI13PlatformMutexE3getEvEs_0) for SingletonPtr<PlatformMutex>::get()::string (instance 2)
    retarget.o(i._ZN4mbed10FileHandleD2Ev) refers to retarget.o(.constdata__ZZN12SingletonPtrI13PlatformMutexE3getEvEs) for SingletonPtr<PlatformMutex>::get()::string
    retarget.o(i._ZN4mbed10FileHandleD2Ev) refers to retarget.o(.bss) for .bss
    retarget.o(i._ZN4mbed26mbed_set_unbuffered_streamEPSt6__FILE) refers to setbuf.o(.text) for setbuf
    retarget.o(i._ZN4mbed9mbed_getcEPSt6__FILE) refers to fgetc.o(i.fgetc) for fgetc
    retarget.o(i._ZN4mbed9mbed_getsEPciPSt6__FILE) refers to fgets.o(.text) for fgets
    retarget.o(i._ZdaPv) refers to h1_free.o(.text) for free
    retarget.o(i._ZdlPv) refers to h1_free.o(.text) for free
    retarget.o(i._Znaj) refers to h1_alloc.o(.text) for malloc
    retarget.o(i._Znaj) refers to mbed_error.o(i.error) for error
    retarget.o(i._Znwj) refers to h1_alloc.o(.text) for malloc
    retarget.o(i._Znwj) refers to mbed_error.o(i.error) for error
    retarget.o(i._sys_close) refers to retarget.o(.bss) for .bss
    retarget.o(i._sys_ensure) refers to retarget.o(.bss) for .bss
    retarget.o(i._sys_flen) refers to retarget.o(.bss) for .bss
    retarget.o(i._sys_istty) refers to retarget.o(.bss) for .bss
    retarget.o(i._sys_open) refers to _scanf_int.o(.text) for _scanf_int
    retarget.o(i._sys_open) refers to strcmpv7m.o(.text) for strcmp
    retarget.o(i._sys_open) refers to mbed_assert.o(i.mbed_assert_internal) for mbed_assert_internal
[...]
    initiate_move(int, int)                  0x00003145   Thumb Code   118  main.o(i._Z13initiate_moveii)
    register_commands()                      0x000031c9   Thumb Code   104  main.o(i._Z17register_commandsv)
    serial_move_callback(char(*)[100], int)  0x00003269   Thumb Code    82  main.o(i._Z20serial_move_callbackPA100_ci)
    serial_name_callback(char(*)[100], int)  0x000032c9   Thumb Code   126  main.o(i._Z20serial_name_callbackPA100_ci)
    serial_feedrate_callback(char(*)[100], int) 0x0000336d   Thumb Code    70  main.o(i._Z24serial_feedrate_callbackPA100_ci)
    serial_position_callback(char(*)[100], int) 0x000033bd   Thumb Code   164  main.o(i._Z24serial_position_callbackPA100_ci)
    serial_heartbeat_callback(char(*)[100], int) 0x0000346d   Thumb Code    14  main.o(i._Z25serial_heartbeat_callbackPA100_ci)
    serial_relative_move_callback(char(*)[100], int) 0x0000347d   Thumb Code    84  main.o(i._Z29serial_relative_move_callbackPA100_ci)
    serial_positioning_mode_callback(char(*)[100], int) 0x000034dd   Thumb Code   100  main.o(i._Z32serial_positioning_mode_callbackPA100_ci)
    move_tick()                              0x0000354d   Thumb Code    68  main.o(i._Z9move_tickv)
    SerialCommander::send_return(char(*)[100], int) 0x00003599   Thumb Code    84  serialcommander.o(i._ZN15SerialCommander11send_returnEPA100_ci)
    SerialCommander::send_response(char*)    0x000035f1   Thumb Code    10  serialcommander.o(i._ZN15SerialCommander13send_responseEPc)
    SerialCommander::register_command(char*, int, void(*)(char(*)[100], int)) 0x00003605   Thumb Code    32  serialcommander.o(i._ZN15SerialCommander16register_commandEPciPFvPA100_ciE)
    SerialCommander::static_serial_irq()     0x00003625   Thumb Code     8  serialcommander.o(i._ZN15SerialCommander17static_serial_irqEv)
    SerialCommander::handle_serial_character() 0x00003631   Thumb Code   324  serialcommander.o(i._ZN15SerialCommander23handle_serial_characterEv)
    SerialCommander::setup()                 0x00003775   Thumb Code    44  serialcommander.o(i._ZN15SerialCommander5setupEv)
    SerialCommander::instance()              0x000037a9   Thumb Code    36  serialcommander.o(i._ZN15SerialCommander8instanceEv)
    SerialCommander::send_ack()              0x000037d5   Thumb Code    10  serialcommander.o(i._ZN15SerialCommander8send_ackEv)
    SerialCommander::send_nack()             0x000037e9   Thumb Code    10  serialcommander.o(i._ZN15SerialCommander9send_nackEv)
    mbed::FileHandle::flen()                 0x00003801   Thumb Code    82  retarget.o(i._ZN4mbed10FileHandle4flenEv)
    mbed::FileHandle::lock()                 0x00003853   Thumb Code     2  retarget.o(i._ZN4mbed10FileHandle4lockEv)
    mbed::FileHandle::unlock()               0x00003855   Thumb Code     2  retarget.o(i._ZN4mbed10FileHandle6unlockEv)
    mbed::FileHandle::~FileHandle()          0x00003859   Thumb Code     0  retarget.o(i._ZN4mbed10FileHandleD2Ev)
    mbed::FileHandle::~FileHandle__sub_object() 0x00003859   Thumb Code    96  retarget.o(i._ZN4mbed10FileHandleD2Ev)
    mbed::SerialBase::_base_getc()           0x000038cd   Thumb Code     6  SerialBase.o(i._ZN4mbed10SerialBase10_base_getcEv)
    mbed::SerialBase::_base_putc(int)        0x000038d3   Thumb Code    14  SerialBase.o(i._ZN4mbed10SerialBase10_base_putcEi)
    mbed::SerialBase::_irq_handler(unsigned, SerialIrq) 0x000038e1   Thumb Code    20  SerialBase.o(i._ZN4mbed10SerialBase12_irq_handlerEj9SerialIrq)
    mbed::SerialBase::baud(int)              0x000038f5   Thumb Code    36  SerialBase.o(i._ZN4mbed10SerialBase4baudEi)
    mbed::SerialBase::lock()                 0x00003919   Thumb Code     2  SerialBase.o(i._ZN4mbed10SerialBase4lockEv)
    mbed::SerialBase::attach(mbed::Callback<void()>, mbed::SerialBase::IrqType) 0x0000391b   Thumb Code    82  SerialBase.o(i._ZN4mbed10SerialBase6attachENS_8CallbackIFvvEEENS0_7IrqTypeE)
    mbed::SerialBase::unlock()               0x0000396d   Thumb Code     2  SerialBase.o(i._ZN4mbed10SerialBase6unlockEv)
    mbed::SerialBase::readable()             0x0000396f   Thumb Code    32  SerialBase.o(i._ZN4mbed10SerialBase8readableEv)
    mbed::SerialBase::SerialBase(PinName, PinName) 0x00003991   Thumb Code    66  SerialBase.o(i._ZN4mbed10SerialBaseC1E7PinNameS1_)
    mbed::SerialBase::SerialBase__sub_object(PinName, PinName) 0x00003991   Thumb Code     0  SerialBase.o(i._ZN4mbed10SerialBaseC1E7PinNameS1_)
    mbed::TimerEvent::irq(unsigned)          0x000039e1   Thumb Code     6  TimerEvent.o(i._ZN4mbed10TimerEvent3irqEj)
    mbed::TimerEvent::insert(unsigned)       0x000039e7   Thumb Code    16  TimerEvent.o(i._ZN4mbed10TimerEvent6insertEj)
    mbed::TimerEvent::remove()               0x000039f7   Thumb Code    10  TimerEvent.o(i._ZN4mbed10TimerEvent6removeEv)
    mbed::TimerEvent::TimerEvent__sub_object() 0x00003a01   Thumb Code    32  TimerEvent.o(i._ZN4mbed10TimerEventC2Ev)
    mbed::TimerEvent::~TimerEvent()          0x00003a29   Thumb Code     0  TimerEvent.o(i._ZN4mbed10TimerEventD2Ev)
    mbed::TimerEvent::~TimerEvent__sub_object() 0x00003a29   Thumb Code    20  TimerEvent.o(i._ZN4mbed10TimerEventD2Ev)
    mbed::InterruptIn::_irq_handler(unsigned, gpio_irq_event) 0x00003a41   Thumb Code    44  InterruptIn.o(i._ZN4mbed11InterruptIn12_irq_handlerEj14gpio_irq_event)
    mbed::InterruptIn::fall(mbed::Callback<void()>) 0x00003a6d   Thumb Code    74  InterruptIn.o(i._ZN4mbed11InterruptIn4fallENS_8CallbackIFvvEEE)
    mbed::InterruptIn::read()                0x00003ab9   Thumb Code    36  InterruptIn.o(i._ZN4mbed11InterruptIn4readEv)
    mbed::InterruptIn::rise(mbed::Callback<void()>) 0x00003af9   Thumb Code    74  InterruptIn.o(i._ZN4mbed11InterruptIn4riseENS_8CallbackIFvvEEE)
    mbed::InterruptIn::InterruptIn(PinName)  0x00003b45   Thumb Code    62  InterruptIn.o(i._ZN4mbed11InterruptInC1E7PinName)
    mbed::InterruptIn::InterruptIn__sub_object(PinName) 0x00003b45   Thumb Code     0  InterruptIn.o(i._ZN4mbed11InterruptInC1E7PinName)
    mbed::InterruptIn::~InterruptIn()        0x00003b8d   Thumb Code    20  InterruptIn.o(i._ZN4mbed11InterruptInD1Ev)
    mbed::InterruptIn::~InterruptIn__sub_object() 0x00003b8d   Thumb Code     0  InterruptIn.o(i._ZN4mbed11InterruptInD1Ev)
    mbed::InterruptIn::operator int()        0x00003ba5   Thumb Code    36  InterruptIn.o(i._ZN4mbed11InterruptIncviEv)
    mbed::FileSystemLike::FileSystemLike__sub_object(const char*) 0x00003bd1   Thumb Code    14  FileSystemLike.o(i._ZN4mbed14FileSystemLikeC2EPKc)
    mbed::FileSystemLike::~FileSystemLike()  0x00003be5   Thumb Code     0  FileSystemLike.o(i._ZN4mbed14FileSystemLikeD2Ev)
    mbed::FileSystemLike::~FileSystemLike__sub_object() 0x00003be5   Thumb Code     4  FileSystemLike.o(i._ZN4mbed14FileSystemLikeD2Ev)
    mbed::LocalFileHandle::flen()            0x00003be9   Thumb Code    32  LocalFileSystem.o(i._ZN4mbed15LocalFileHandle4flenEv)
    mbed::LocalFileHandle::lock()            0x00003c09   Thumb Code     2  LocalFileSystem.o(i._ZN4mbed15LocalFileHandle4lockEv)
    mbed::LocalFileHandle::read(void*, unsigned) 0x00003c0b   Thumb Code    48  LocalFileSystem.o(i._ZN4mbed15LocalFileHandle4readEPvj)
    mbed::LocalFileHandle::close()           0x00003c3b   Thumb Code    24  LocalFileSystem.o(i._ZN4mbed15LocalFileHandle5closeEv)
    mbed::LocalFileHandle::lseek(long, int)  0x00003c53   Thumb Code    58  LocalFileSystem.o(i._ZN4mbed15LocalFileHandle5lseekEli)
    mbed::LocalFileHandle::write(const void*, unsigned) 0x00003c8d   Thumb Code    48  LocalFileSystem.o(i._ZN4mbed15LocalFileHandle5writeEPKvj)
    mbed::LocalFileHandle::isatty()          0x00003cbd   Thumb Code    32  LocalFileSystem.o(i._ZN4mbed15LocalFileHandle6isattyEv)
    mbed::LocalFileHandle::unlock()          0x00003cdd   Thumb Code     2  LocalFileSystem.o(i._ZN4mbed15LocalFileHandle6unlockEv)
    mbed::LocalFileHandle::~LocalFileHandle__deallocating() 0x00003ce1   Thumb Code    18  LocalFileSystem.o(i._ZN4mbed15LocalFileHandleD0Ev)
    mbed::LocalFileSystem::open(const char*, int) 0x00003cf9   Thumb Code   124  LocalFileSystem.o(i._ZN4mbed15LocalFileSystem4openEPKci)
    mbed::LocalFileSystem::~LocalFileSystem() 0x00003d79   Thumb Code     4  main.o(i._ZN4mbed15LocalFileSystemD1Ev)
    mbed::LocalFileSystem::~LocalFileSystem__sub_object() 0x00003d79   Thumb Code     0  main.o(i._ZN4mbed15LocalFileSystemD1Ev)
    mbed::mbed_set_unbuffered_stream(std::__FILE*) 0x00003d7d   Thumb Code     6  retarget.o(i._ZN4mbed26mbed_set_unbuffered_streamEPSt6__FILE)
    mbed::Serial::lock()                     0x00003d83   Thumb Code     2  Serial.o(i._ZN4mbed6Serial4lockEv)
    mbed::Serial::unlock()                   0x00003d85   Thumb Code     2  Serial.o(i._ZN4mbed6Serial6unlockEv)
    mbed::Serial::Serial(PinName, PinName, const char*) 0x00003d89   Thumb Code    32  Serial.o(i._ZN4mbed6SerialC1E7PinNameS1_PKc)
    mbed::Serial::Serial__sub_object(PinName, PinName, const char*) 0x00003d89   Thumb Code     0  Serial.o(i._ZN4mbed6SerialC1E7PinNameS1_PKc)
    mbed::Stream::flen()                     0x00003dad   Thumb Code     4  Stream.o(i._ZN4mbed6Stream4flenEv)
    mbed::Stream::getc()                     0x00003db1   Thumb Code    38  Stream.o(i._ZN4mbed6Stream4getcEv)
    mbed::Stream::putc(int)                  0x00003dd7   Thumb Code    42  Stream.o(i._ZN4mbed6Stream4putcEi)
    mbed::Stream::read(void*, unsigned)      0x00003e01   Thumb Code    60  Stream.o(i._ZN4mbed6Stream4readEPvj)
    mbed::Stream::close()                    0x00003e3d   Thumb Code     4  Stream.o(i._ZN4mbed6Stream5closeEv)
    mbed::Stream::lseek(long, int)           0x00003e41   Thumb Code     4  Stream.o(i._ZN4mbed6Stream5lseekEli)
    mbed::Stream::write(const void*, unsigned) 0x00003e45   Thumb Code    60  Stream.o(i._ZN4mbed6Stream5writeEPKvj)
    mbed::Stream::isatty()                   0x00003e81   Thumb Code     4  Stream.o(i._ZN4mbed6Stream6isattyEv)
    mbed::Stream::printf(const char*, ...)   0x00003e85   Thumb Code    50  Stream.o(i._ZN4mbed6Stream6printfEPKcz)
    mbed::Stream::Stream__sub_object(const char*) 0x00003eb9   Thumb Code    52  Stream.o(i._ZN4mbed6StreamC2EPKc)
    mbed::Ticker::setup(unsigned)            0x00003ef9   Thumb Code    42  Ticker.o(i._ZN4mbed6Ticker5setupEj)
    mbed::Ticker::detach()                   0x00003f23   Thumb Code    28  Ticker.o(i._ZN4mbed6Ticker6detachEv)
    mbed::Ticker::handler()                  0x00003f3f   Thumb Code    36  Ticker.o(i._ZN4mbed6Ticker7handlerEv)
    mbed::Ticker::~Ticker()                  0x00003f65   Thumb Code    24  main.o(i._ZN4mbed6TickerD1Ev)
    mbed::Ticker::~Ticker__sub_object()      0x00003f65   Thumb Code     0  main.o(i._ZN4mbed6TickerD1Ev)
    mbed::FileBase::getPathType()            0x00003f81   Thumb Code     4  FileBase.o(i._ZN4mbed8FileBase11getPathTypeEv)
    mbed::FileBase::lookup(const char*, unsigned) 0x00003f85   Thumb Code    90  FileBase.o(i._ZN4mbed8FileBase6lookupEPKcj)
    mbed::FileBase::FileBase(const char*, mbed::PathType) 0x00003ff1   Thumb Code    50  FileBase.o(i._ZN4mbed8FileBaseC1EPKcNS_8PathTypeE)
    mbed::FileBase::FileBase__sub_object(const char*, mbed::PathType) 0x00003ff1   Thumb Code     0  FileBase.o(i._ZN4mbed8FileBaseC1EPKcNS_8PathTypeE)
    mbed::FileBase::~FileBase()              0x00004031   Thumb Code    60  FileBase.o(i._ZN4mbed8FileBaseD1Ev)
    mbed::FileBase::~FileBase__sub_object()  0x00004031   Thumb Code     0  FileBase.o(i._ZN4mbed8FileBaseD1Ev)
    mbed::FileLike::FileLike__sub_object(const char*) 0x00004079   Thumb Code    26  FileLike.o(i._ZN4mbed8FileLikeC2EPKc)
    mbed::FilePath::fileSystem()             0x0000409d   Thumb Code    24  FilePath.o(i._ZN4mbed8FilePath10fileSystemEv)
    mbed::FilePath::file()                   0x000040b5   Thumb Code    28  FilePath.o(i._ZN4mbed8FilePath4fileEv)
    mbed::FilePath::exists()                 0x000040d1   Thumb Code    10  FilePath.o(i._ZN4mbed8FilePath6existsEv)
    mbed::FilePath::isFile()                 0x000040db   Thumb Code    24  FilePath.o(i._ZN4mbed8FilePath6isFileEv)
    mbed::FilePath::fileName()               0x000040f3   Thumb Code     4  FilePath.o(i._ZN4mbed8FilePath8fileNameEv)
    mbed::FilePath::FilePath(const char*)    0x000040f7   Thumb Code    64  FilePath.o(i._ZN4mbed8FilePathC1EPKc)
    mbed::FilePath::FilePath__sub_object(const char*) 0x000040f7   Thumb Code     0  FilePath.o(i._ZN4mbed8FilePathC1EPKc)
    mbed::mbed_getc(std::__FILE*)            0x00004137   Thumb Code     4  retarget.o(i._ZN4mbed9mbed_getcEPSt6__FILE)
    PrintHead::update_motor()                0x0000413d   Thumb Code   316  main.o(i._ZN9PrintHead12update_motorEv)
    PrintHead::left_encoder_rising()         0x000042cd   Thumb Code    24  main.o(i._ZN9PrintHead19left_encoder_risingEv)
    PrintHead::left_encoder_falling()        0x000042e5   Thumb Code    24  main.o(i._ZN9PrintHead20left_encoder_fallingEv)
    PrintHead::right_encoder_rising()        0x000042fd   Thumb Code    24  main.o(i._ZN9PrintHead20right_encoder_risingEv)
    PrintHead::right_encoder_falling()       0x00004315   Thumb Code    24  main.o(i._ZN9PrintHead21right_encoder_fallingEv)
    PrintHead::PrintHead(PinName, PinName, PinName, PinName, PinName) 0x0000432d   Thumb Code   332  main.o(i._ZN9PrintHeadC1E7PinNameS0_S0_S0_S0_)
    PrintHead::PrintHead__sub_object(PinName, PinName, PinName, PinName, PinName) 0x0000432d   Thumb Code     0  main.o(i._ZN9PrintHeadC1E7PinNameS0_S0_S0_S0_)
    PrintHead::~PrintHead()                  0x00004491   Thumb Code    38  main.o(i._ZN9PrintHeadD1Ev)
    PrintHead::~PrintHead__sub_object()      0x00004491   Thumb Code     0  main.o(i._ZN9PrintHeadD1Ev)
    thunk{-48} to mbed::Serial::lock()       0x000044bd   Thumb Code     2  Serial.o(i._ZThn48_N4mbed6Serial4lockEv)
    thunk{-48} to mbed::Serial::_getc()      0x000044bf   Thumb Code     6  Serial.o(i._ZThn48_N4mbed6Serial5_getcEv)
    thunk{-48} to mbed::Serial::_putc(int)   0x000044c5   Thumb Code     6  Serial.o(i._ZThn48_N4mbed6Serial5_putcEi)
    thunk{-48} to mbed::Serial::unlock()     0x000044cb   Thumb Code     2  Serial.o(i._ZThn48_N4mbed6Serial6unlockEv)
    operator delete (void*)                  0x000044cd   Thumb Code    10  retarget.o(i._ZdlPv)
    operator new(unsigned)                   0x000044d9   Thumb Code    20  retarget.o(i._Znwj)
    __ARM_fpclassify                         0x0000450d   Thumb Code    40  fpclassify.o(i.__ARM_fpclassify)
    __NVIC_SetVector                         0x00004535   Thumb Code    46  cmsis_nvic.o(i.__NVIC_SetVector)
    __aeabi_vec_ctor_nocookie_nodtor         0x00004569   Thumb Code    36  aeabi_vec_ctor_nocookie_nodtor.o(i.__aeabi_vec_ctor_nocookie_nodtor)
    __cxa_pure_virtual                       0x0000458d   Thumb Code     6  pure_virt.o(i.__cxa_pure_virtual)
    __user_setup_stackheap                   0x000046bd   Thumb Code    10  sys.o(i.__user_setup_stackheap)
    _is_digit                                0x000046cd   Thumb Code    14  __printf_wp.o(i._is_digit)
    _sys_close                               0x000046dd   Thumb Code    40  retarget.o(i._sys_close)
    _sys_flen                                0x00004709   Thumb Code    34  retarget.o(i._sys_flen)
    _sys_istty                               0x00004731   Thumb Code    34  retarget.o(i._sys_istty)
    _sys_open                                0x00004759   Thumb Code   440  retarget.o(i._sys_open)
    _sys_read                                0x0000493d   Thumb Code    80  retarget.o(i._sys_read)
    _sys_seek                                0x0000499d   Thumb Code    36  retarget.o(i._sys_seek)
    _sys_write                               0x000049c5   Thumb Code    92  retarget.o(i._sys_write)
    core_util_critical_section_enter         0x00004a31   Thumb Code    70  mbed_critical.o(i.core_util_critical_section_enter)
    core_util_critical_section_exit          0x00004abd   Thumb Code    60  mbed_critical.o(i.core_util_critical_section_exit)
    error                                    0x00004b15   Thumb Code    18  mbed_error.o(i.error)
    exit                                     0x00004b29   Thumb Code    36  retarget.o(i.exit)
    fgetc                                    0x00004b55   Thumb Code    24  fgetc.o(i.fgetc)
    fputc                                    0x00004b6d   Thumb Code    26  fputc.o(i.fputc)
    get_us_ticker_data                       0x00004b89   Thumb Code     4  mbed_us_ticker_api.o(i.get_us_ticker_data)
    gpio_dir                                 0x00004b91   Thumb Code    54  gpio_api.o(i.gpio_dir)
    gpio_init                                0x00004be5   Thumb Code    58  gpio_api.o(i.gpio_init)
    gpio_init_in                             0x00004c1f   Thumb Code    40  mbed_gpio.o(i.gpio_init_in)
    gpio_init_out                            0x00004c49   Thumb Code    64  mbed_gpio.o(i.gpio_init_out)
    gpio_init_out_ex                         0x00004c91   Thumb Code    76  mbed_gpio.o(i.gpio_init_out_ex)
    gpio_irq_free                            0x00004cf9   Thumb Code    12  gpio_irq_api.o(i.gpio_irq_free)
    gpio_irq_init                            0x00004d09   Thumb Code    92  gpio_irq_api.o(i.gpio_irq_init)
    gpio_irq_set                             0x00004da9   Thumb Code   196  gpio_irq_api.o(i.gpio_irq_set)
    gpio_mode                                0x00004e71   Thumb Code     6  gpio_api.o(i.gpio_mode)
    $Super$$main                             0x00004f69   Thumb Code   188  main.o(i.main)
    mbed_assert_internal                     0x00005081   Thumb Code    32  mbed_assert.o(i.mbed_assert_internal)
    mbed_die                                 0x000050d5   Thumb Code   244  mbed_board.o(i.mbed_die)
    mbed_error_printf                        0x000051f5   Thumb Code    74  mbed_board.o(i.mbed_error_printf)
    mbed_error_vfprintf                      0x0000524d   Thumb Code    68  mbed_board.o(i.mbed_error_vfprintf)
    mbed_interface_connected                 0x0000529d   Thumb Code     4  mbed_interface.o(i.mbed_interface_connected)
    mbed_main                                0x000052a1   Thumb Code     2  retarget.o(i.mbed_main)
    mbed_sdk_init                            0x000052a3   Thumb Code     2  retarget.o(i.mbed_sdk_init)
    pin_function                             0x000052a5   Thumb Code    68  pinmap.o(i.pin_function)
    pin_mode                                 0x00005301   Thumb Code   120  pinmap.o(i.pin_mode)
    pinmap_find_peripheral                   0x00005391   Thumb Code    34  mbed_pinmap_common.o(i.pinmap_find_peripheral)
    pinmap_merge                             0x000053b5   Thumb Code    38  mbed_pinmap_common.o(i.pinmap_merge)
    pinmap_peripheral                        0x000053f1   Thumb Code    58  mbed_pinmap_common.o(i.pinmap_peripheral)
    pinmap_pinout                            0x0000544d   Thumb Code    66  mbed_pinmap_common.o(i.pinmap_pinout)
    pwmout_init                              0x000054a5   Thumb Code   202  pwmout_api.o(i.pwmout_init)
    pwmout_period                            0x000055a5   Thumb Code    64  pwmout_api.o(i.pwmout_period)
    pwmout_write                             0x000055f1   Thumb Code    74  pwmout_api.o(i.pwmout_write)
    semihost_close                           0x00005641   Thumb Code    12  mbed_semihost_api.o(i.semihost_close)
    semihost_connected                       0x0000564d   Thumb Code    10  mbed_semihost_api.o(i.semihost_connected)
    semihost_exit                            0x0000565d   Thumb Code    12  mbed_semihost_api.o(i.semihost_exit)
    semihost_flen                            0x00005669   Thumb Code    12  mbed_semihost_api.o(i.semihost_flen)
    semihost_istty                           0x00005675   Thumb Code    12  mbed_semihost_api.o(i.semihost_istty)
    semihost_open                            0x00005681   Thumb Code    24  mbed_semihost_api.o(i.semihost_open)
    semihost_read                            0x00005699   Thumb Code    18  mbed_semihost_api.o(i.semihost_read)
    semihost_seek                            0x000056ab   Thumb Code    16  mbed_semihost_api.o(i.semihost_seek)
    semihost_write                           0x000056bb   Thumb Code    28  mbed_semihost_api.o(i.semihost_write)
    serial_baud                              0x000056d9   Thumb Code   408  serial_api.o(i.serial_baud)
    serial_getc                              0x0000589d   Thumb Code    52  serial_api.o(i.serial_getc)
    serial_init                              0x000058d5   Thumb Code   344  serial_api.o(i.serial_init)
    serial_irq_handler                       0x00005a55   Thumb Code    18  serial_api.o(i.serial_irq_handler)
    serial_irq_set                           0x00005a71   Thumb Code    24  serial_api.o(i.serial_irq_set)
    serial_putc                              0x00005b59   Thumb Code   100  serial_api.o(i.serial_putc)
    serial_readable                          0x00005bc1   Thumb Code    10  serial_api.o(i.serial_readable)
    serial_set_flow_control                  0x00005bcd   Thumb Code   252  serial_api.o(i.serial_set_flow_control)
    sqrtf                                    0x00005cd9   Thumb Code    44  sqrtf.o(i.sqrtf)
    ticker_insert_event                      0x00005d05   Thumb Code    72  mbed_ticker_api.o(i.ticker_insert_event)
    ticker_irq_handler                       0x00005d4d   Thumb Code    78  mbed_ticker_api.o(i.ticker_irq_handler)
    ticker_read                              0x00005d9b   Thumb Code     6  mbed_ticker_api.o(i.ticker_read)
    ticker_remove_event                      0x00005da1   Thumb Code    68  mbed_ticker_api.o(i.ticker_remove_event)
    ticker_set_handler                       0x00005de5   Thumb Code    18  mbed_ticker_api.o(i.ticker_set_handler)
    uart0_irq                                0x00005df9   Thumb Code    14  serial_api.o(i.uart0_irq)
    uart1_irq                                0x00005e0d   Thumb Code    14  serial_api.o(i.uart1_irq)
    uart2_irq                                0x00005e21   Thumb Code    14  serial_api.o(i.uart2_irq)
    uart3_irq                                0x00005e35   Thumb Code    14  serial_api.o(i.uart3_irq)
    us_ticker_clear_interrupt                0x00005eb1   Thumb Code     8  us_ticker.o(i.us_ticker_clear_interrupt)
    us_ticker_disable_interrupt              0x00005ebd   Thumb Code    12  us_ticker.o(i.us_ticker_disable_interrupt)
    us_ticker_init                           0x00005ecd   Thumb Code    76  us_ticker.o(i.us_ticker_init)
    us_ticker_irq_handler                    0x00005f31   Thumb Code     6  mbed_us_ticker_api.o(i.us_ticker_irq_handler)
    us_ticker_read                           0x00005f3d   Thumb Code    74  us_ticker.o(i.us_ticker_read)
    us_ticker_set_interrupt                  0x00005fa1   Thumb Code    14  us_ticker.o(i.us_ticker_set_interrupt)
    wait_ms                                  0x00005fb5   Thumb Code    28  mbed_wait_api.o(i.wait_ms)
    _get_lc_ctype                            0x00005fd1   Thumb Code    44  lc_ctype_c.o(locale$$code)
    _get_lc_numeric                          0x00005ffd   Thumb Code    44  lc_numeric_c.o(locale$$code)
    SingletonPtr<PlatformMutex>::operator ->() 0x00006029   Thumb Code    36  FileBase.o(t._ZN12SingletonPtrI13PlatformMutexEptEv)
    void mbed::Callback<void()>::_methodthunk<PrintHead>(void*, void*) 0x00006055   Thumb Code    20  main.o(t._ZN4mbed8CallbackIFvvEE12_methodthunkI9PrintHeadEEvPvS5_)
    mbed::Callback<void()>::_staticthunk(void*, void*) 0x00006069   Thumb Code     4  main.o(t._ZN4mbed8CallbackIFvvEE12_staticthunkEPvS3_)
    __aeabi_fadd                             0x0000606d   Thumb Code     0  faddsub_clz.o(x$fpl$fadd)
    _fadd                                    0x0000606d   Thumb Code   196  faddsub_clz.o(x$fpl$fadd)
    __aeabi_fdiv                             0x00006131   Thumb Code     0  fdiv.o(x$fpl$fdiv)
    _fdiv                                    0x00006131   Thumb Code   384  fdiv.o(x$fpl$fdiv)
    __aeabi_f2iz                             0x000062b5   Thumb Code     0  ffix.o(x$fpl$ffix)
    _ffix                                    0x000062b5   Thumb Code    54  ffix.o(x$fpl$ffix)
    __aeabi_f2uiz                            0x000062ed   Thumb Code     0  ffixu.o(x$fpl$ffixu)
    _ffixu                                   0x000062ed   Thumb Code    62  ffixu.o(x$fpl$ffixu)
    __aeabi_i2f                              0x0000632d   Thumb Code     0  fflt_clz.o(x$fpl$fflt)
    _fflt                                    0x0000632d   Thumb Code    48  fflt_clz.o(x$fpl$fflt)
    __aeabi_ui2f                             0x0000635d   Thumb Code     0  fflt_clz.o(x$fpl$ffltu)
    _ffltu                                   0x0000635d   Thumb Code    38  fflt_clz.o(x$fpl$ffltu)
    __aeabi_fmul                             0x00006385   Thumb Code     0  fmul.o(x$fpl$fmul)
    _fmul                                    0x00006385   Thumb Code   258  fmul.o(x$fpl$fmul)
    __fpl_fnaninf                            0x00006487   Thumb Code   140  fnaninf.o(x$fpl$fnaninf)
    __fpl_fretinf                            0x00006513   Thumb Code    10  fretinf.o(x$fpl$fretinf)
    __aeabi_frsub                            0x0000651d   Thumb Code     0  faddsub_clz.o(x$fpl$frsb)
    _frsb                                    0x0000651d   Thumb Code    20  faddsub_clz.o(x$fpl$frsb)
    _fsqrt                                   0x00006531   Thumb Code   272  fsqrt.o(x$fpl$fsqrt)
    __aeabi_fsub                             0x00006641   Thumb Code     0  faddsub_clz.o(x$fpl$fsub)
    _fsub                                    0x00006641   Thumb Code   234  faddsub_clz.o(x$fpl$fsub)
    _printf_fp_dec                           0x0000672b   Thumb Code     4  printf1.o(x$fpl$printf1)
    _printf_fp_hex                           0x0000672f   Thumb Code     4  printf2.o(x$fpl$printf2)
    __I$use$fp                               0x00006732   Number         0  usenofp.o(x$fpl$usenofp)
    __stdin_name                             0x00006732   Data           7  retarget.o(.constdata)
    __stdout_name                            0x00006739   Data           8  retarget.o(.constdata)
    __stderr_name                            0x00006741   Data           8  retarget.o(.constdata)
    vtable for mbed::FileHandle              0x00006a64   Data          52  retarget.o(.constdata__ZTVN4mbed10FileHandleE)
    vtable for mbed::SerialBase              0x00006a98   Data          24  SerialBase.o(.constdata__ZTVN4mbed10SerialBaseE)
    vtable for mbed::TimerEvent              0x00006ab0   Data          20  TimerEvent.o(.constdata__ZTVN4mbed10TimerEventE)
    vtable for mbed::InterruptIn             0x00006ac4   Data          16  InterruptIn.o(.constdata__ZTVN4mbed11InterruptInE)
    vtable for mbed::FileSystemLike          0x00006ad4   Data          36  FileSystemLike.o(.constdata__ZTVN4mbed14FileSystemLikeE)
    vtable for mbed::LocalFileHandle         0x00006af8   Data          52  LocalFileSystem.o(.constdata__ZTVN4mbed15LocalFileHandleE)
    vtable for mbed::LocalFileSystem         0x00006b2c   Data          36  LocalFileSystem.o(.constdata__ZTVN4mbed15LocalFileSystemE)
    vtable for mbed::Serial                  0x00006b50   Data         108  Serial.o(.constdata__ZTVN4mbed6SerialE)
    vtable for mbed::Stream                  0x00006bbc   Data          76  Stream.o(.constdata__ZTVN4mbed6StreamE)
    vtable for mbed::Ticker                  0x00006c08   Data          20  Ticker.o(.constdata__ZTVN4mbed6TickerE)
    vtable for mbed::FileBase                0x00006c1c   Data          16  FileBase.o(.constdata__ZTVN4mbed8FileBaseE)
    vtable for mbed::FileLike                0x00006c2c   Data          68  FileLike.o(.constdata__ZTVN4mbed8FileLikeE)
    SingletonPtr<PlatformMutex>::get()::string 0x00006c70   Data          20  retarget.o(.constdata__ZZN12SingletonPtrI13PlatformMutexE3getEvEs)
    SingletonPtr<PlatformMutex>::get()::string (instance 2) 0x00006c84   Data          69  retarget.o(.constdata__ZZN12SingletonPtrI13PlatformMutexE3getEvEs_0)
    Region$$Table$$Base                      0x00006f0c   Number         0  anon$$obj.o(Region$$Table)
    Region$$Table$$Limit                     0x00006f2c   Number         0  anon$$obj.o(Region$$Table)
    __ctype                                  0x00006f39   Data           0  lc_ctype_c.o(locale$$data)
    SHT$$INIT_ARRAY$$Base                    0x00007058   Number         0  main.o(.init_array)
    SHT$$INIT_ARRAY$$Limit                   0x0000705c   Number         0  init_aeabi.o(.init_array)
    SystemCoreClock                          0x100000d0   Data           4  system_LPC17xx.o(.data)
    current_positioning_mode                 0x100000d4   Data           1  main.o(.data)
    should_move                              0x100000d5   Data           1  main.o(.data)
    traversing                               0x100000d6   Data           1  main.o(.data)
    feedrate                                 0x100000d8   Data           4  main.o(.data)
    update_rate                              0x100000dc   Data           4  main.o(.data)
    d_x_tick                                 0x100000e0   Data           4  main.o(.data)
    d_y_tick                                 0x100000e4   Data           4  main.o(.data)
    traverse_timer_total_ticks               0x100000e8   Data           4  main.o(.data)
    traverse_timer_current_tick              0x100000ec   Data           4  main.o(.data)
    SerialCommander::shared_instance         0x100000f0   Data           4  serialcommander.o(.data)
    PWM_MATCH                                0x100000f8   Data          28  pwmout_api.o(.data)
    stdio_uart_inited                        0x10000114   Data           4  serial_api.o(.data)
    stdio_uart                               0x1000011c   Data           8  serial_api.o(.data)
    us_ticker_inited                         0x10000130   Data           4  us_ticker.o(.data)
    mbed::FileBase::_head                    0x10000134   Data           4  FileBase.o(.data)
    mbed::FileBase::_mutex                   0x10000138   Data           8  FileBase.o(.data)
    __aeabi_stdin                            0x10000148   Data           4  stdio_streams.o(.data)
    __aeabi_stdout                           0x1000014c   Data           4  stdio_streams.o(.data)
    __aeabi_stderr                           0x10000150   Data           4  stdio_streams.o(.data)
    left_led                                 0x10000198   Data          24  main.o(.bss)
    right_led                                0x100001b0   Data          24  main.o(.bss)
    test_led2                                0x100001c8   Data          24  main.o(.bss)
    test_led3                                0x100001e0   Data          24  main.o(.bss)
    local                                    0x100001f8   Data          16  main.o(.bss)
    y_head                                   0x10000208   Data         284  main.o(.bss)
    x_head                                   0x10000324   Data         284  main.o(.bss)
    move_ticker                              0x10000440   Data          40  main.o(.bss)
    __stdin                                  0x10000608   Data          84  stdio_streams.o(.bss)
    __stdout                                 0x1000065c   Data          84  stdio_streams.o(.bss)
    __stderr                                 0x100006b0   Data          84  stdio_streams.o(.bss)
    Image$$RW_IRAM1$$ZI$$Limit               0x10000724   Number         0  anon$$obj.o ABSOLUTE



==============================================================================

Memory Map of the image

  Image Entry point : 0x000000c5

  Load Region LR_IROM1 (Base: 0x00000000, Size: 0x000070ec, Max: 0x00080000, ABSOLUTE)

    Execution Region ER_IROM1 (Base: 0x00000000, Size: 0x0000705c, Max: 0x00080000, ABSOLUTE)

    Base Addr    Size         Type   Attr      Idx    E Section Name        Object

    0x00000000   0x000000c4   Data   RO          168    RESET               startup_LPC17xx.o
    0x000000c4   0x00000008   Code   RO         1995  * !!!main             c_w.l(__main.o)
    0x000000cc   0x00000034   Code   RO         2722    !!!scatter          c_w.l(__scatter.o)
    0x00000100   0x0000001a   Code   RO         2724    !!handler_copy      c_w.l(__scatter_copy.o)
    0x0000011a   0x00000002   PAD
    0x0000011c   0x0000001c   Code   RO         2726    !!handler_zi        c_w.l(__scatter_zi.o)
    0x00000138   0x00000000   Code   RO         1932    .ARM.Collect$$_printf_percent$$00000000  c_w.l(_printf_percent.o)
    0x00000138   0x00000006   Code   RO         2221    .ARM.Collect$$_printf_percent$$00000001  c_w.l(_printf_n.o)
    0x0000013e   0x00000006   Code   RO         1930    .ARM.Collect$$_printf_percent$$00000002  c_w.l(_printf_p.o)
    0x00000144   0x00000006   Code   RO         2226    .ARM.Collect$$_printf_percent$$00000003  c_w.l(_printf_f.o)
    0x0000014a   0x00000006   Code   RO         2227    .ARM.Collect$$_printf_percent$$00000004  c_w.l(_printf_e.o)
    0x00000150   0x00000006   Code   RO         2228    .ARM.Collect$$_printf_percent$$00000005  c_w.l(_printf_g.o)
    0x00000156   0x00000006   Code   RO         2229    .ARM.Collect$$_printf_percent$$00000006  c_w.l(_printf_a.o)
    0x0000015c   0x0000000a   Code   RO         2234    .ARM.Collect$$_printf_percent$$00000007  c_w.l(_printf_ll.o)
    0x00000166   0x00000006   Code   RO         1931    .ARM.Collect$$_printf_percent$$00000008  c_w.l(_printf_i.o)
    0x0000016c   0x00000006   Code   RO         2224    .ARM.Collect$$_printf_percent$$00000009  c_w.l(_printf_d.o)
    0x00000172   0x00000006   Code   RO         2225    .ARM.Collect$$_printf_percent$$0000000A  c_w.l(_printf_u.o)
    0x00000178   0x00000006   Code   RO         2223    .ARM.Collect$$_printf_percent$$0000000B  c_w.l(_printf_o.o)
    0x0000017e   0x00000006   Code   RO         2222    .ARM.Collect$$_printf_percent$$0000000C  c_w.l(_printf_x.o)
    0x00000184   0x00000006   Code   RO         2231    .ARM.Collect$$_printf_percent$$0000000D  c_w.l(_printf_lli.o)
    0x0000018a   0x00000006   Code   RO         2232    .ARM.Collect$$_printf_percent$$0000000E  c_w.l(_printf_lld.o)
    0x00000190   0x00000006   Code   RO         2233    .ARM.Collect$$_printf_percent$$0000000F  c_w.l(_printf_llu.o)
    0x00000196   0x00000006   Code   RO         2238    .ARM.Collect$$_printf_percent$$00000010  c_w.l(_printf_llo.o)
    0x0000019c   0x00000006   Code   RO         2239    .ARM.Collect$$_printf_percent$$00000011  c_w.l(_printf_llx.o)
    0x000001a2   0x0000000a   Code   RO         2235    .ARM.Collect$$_printf_percent$$00000012  c_w.l(_printf_l.o)
    0x000001ac   0x00000006   Code   RO         2220    .ARM.Collect$$_printf_percent$$00000013  c_w.l(_printf_c.o)
    0x000001b2   0x00000006   Code   RO         1929    .ARM.Collect$$_printf_percent$$00000014  c_w.l(_printf_s.o)
    0x000001b8   0x00000006   Code   RO         2236    .ARM.Collect$$_printf_percent$$00000015  c_w.l(_printf_lc.o)
    0x000001be   0x00000006   Code   RO         2237    .ARM.Collect$$_printf_percent$$00000016  c_w.l(_printf_ls.o)
    0x000001c4   0x00000004   Code   RO         2230    .ARM.Collect$$_printf_percent$$00000017  c_w.l(_printf_percent_end.o)
    0x000001c8   0x00000002   Code   RO         2590    .ARM.Collect$$libinit$$00000000  c_w.l(libinit.o)
    0x000001ca   0x00000000   Code   RO         2293    .ARM.Collect$$libinit$$00000002  c_w.l(libinit2.o)
    0x000001ca   0x00000000   Code   RO         2295    .ARM.Collect$$libinit$$00000004  c_w.l(libinit2.o)
    0x000001ca   0x00000008   Code   RO         2296    .ARM.Collect$$libinit$$00000005  c_w.l(libinit2.o)
    0x000001d2   0x00000000   Code   RO         2298    .ARM.Collect$$libinit$$0000000A  c_w.l(libinit2.o)
    0x000001d2   0x00000000   Code   RO         2300    .ARM.Collect$$libinit$$0000000C  c_w.l(libinit2.o)
    0x000001d2   0x00000000   Code   RO         2302    .ARM.Collect$$libinit$$0000000E  c_w.l(libinit2.o)
    0x000001d2   0x00000006   Code   RO         2303    .ARM.Collect$$libinit$$0000000F  c_w.l(libinit2.o)
    0x000001d8   0x00000000   Code   RO         2305    .ARM.Collect$$libinit$$00000011  c_w.l(libinit2.o)
    0x000001d8   0x0000000c   Code   RO         2306    .ARM.Collect$$libinit$$00000012  c_w.l(libinit2.o)
    0x000001e4   0x00000000   Code   RO         2307    .ARM.Collect$$libinit$$00000013  c_w.l(libinit2.o)
    0x000001e4   0x00000000   Code   RO         2309    .ARM.Collect$$libinit$$00000015  c_w.l(libinit2.o)
    0x000001e4   0x0000000a   Code   RO         2310    .ARM.Collect$$libinit$$00000016  c_w.l(libinit2.o)
    0x000001ee   0x00000000   Code   RO         2311    .ARM.Collect$$libinit$$00000017  c_w.l(libinit2.o)
    0x000001ee   0x00000000   Code   RO         2313    .ARM.Collect$$libinit$$00000019  c_w.l(libinit2.o)
    0x000001ee   0x00000000   Code   RO         2315    .ARM.Collect$$libinit$$0000001B  c_w.l(libinit2.o)
    0x000001ee   0x00000000   Code   RO         2317    .ARM.Collect$$libinit$$0000001D  c_w.l(libinit2.o)
    0x000001ee   0x00000000   Code   RO         2319    .ARM.Collect$$libinit$$0000001F  c_w.l(libinit2.o)
    0x000001ee   0x00000000   Code   RO         2321    .ARM.Collect$$libinit$$00000021  c_w.l(libinit2.o)
    0x000001ee   0x00000000   Code   RO         2323    .ARM.Collect$$libinit$$00000023  c_w.l(libinit2.o)
    0x000001ee   0x00000004   Code   RO         2324    .ARM.Collect$$libinit$$00000024  c_w.l(libinit2.o)
    0x000001f2   0x00000000   Code   RO         2325    .ARM.Collect$$libinit$$00000025  c_w.l(libinit2.o)
    0x000001f2   0x00000000   Code   RO         2329    .ARM.Collect$$libinit$$0000002C  c_w.l(libinit2.o)
    0x000001f2   0x00000000   Code   RO         2331    .ARM.Collect$$libinit$$0000002E  c_w.l(libinit2.o)
    0x000001f2   0x00000000   Code   RO         2333    .ARM.Collect$$libinit$$00000030  c_w.l(libinit2.o)
    0x000001f2   0x00000004   Code   RO         2334    .ARM.Collect$$libinit$$00000031  c_w.l(libinit2.o)
    0x000001f6   0x00000000   Code   RO         2335    .ARM.Collect$$libinit$$00000032  c_w.l(libinit2.o)
    0x000001f6   0x00000002   Code   RO         2336    .ARM.Collect$$libinit$$00000033  c_w.l(libinit2.o)
    0x000001f8   0x00000000   Code   RO         2483    .ARM.Collect$$libshutdown$$00000002  c_w.l(libshutdown2.o)
    0x000001f8   0x00000000   Code   RO         2485    .ARM.Collect$$libshutdown$$00000004  c_w.l(libshutdown2.o)
    0x000001f8   0x00000000   Code   RO         2151    .ARM.Collect$$rtentry$$00000000  c_w.l(__rtentry.o)
    0x000001f8   0x00000000   Code   RO         2378    .ARM.Collect$$rtentry$$00000002  c_w.l(__rtentry2.o)
    0x000001f8   0x00000006   Code   RO         2390    .ARM.Collect$$rtentry$$00000004  c_w.l(__rtentry4.o)
    0x000001fe   0x00000000   Code   RO         2380    .ARM.Collect$$rtentry$$00000009  c_w.l(__rtentry2.o)
    0x000001fe   0x00000004   Code   RO         2381    .ARM.Collect$$rtentry$$0000000A  c_w.l(__rtentry2.o)
    0x00000202   0x00000000   Code   RO         2383    .ARM.Collect$$rtentry$$0000000C  c_w.l(__rtentry2.o)
    0x00000202   0x00000008   Code   RO         2384    .ARM.Collect$$rtentry$$0000000D  c_w.l(__rtentry2.o)
    0x0000020a   0x00000002   PAD
    0x0000020c   0x00000000   Code   RO         2400    .emb_text           c_w.l(maybetermalloc1.o)
    0x0000020c   0x00000024   Code   RO          170    .text               startup_LPC17xx.o
    0x00000230   0x0000005e   Code   RO         1810    .text               c_w.l(h1_alloc.o)
    0x0000028e   0x0000004e   Code   RO         1812    .text               c_w.l(h1_free.o)
    0x000002dc   0x0000000a   Code   RO         1872    .text               c_w.l(c89vfprintf.o)
    0x000002e6   0x00000014   Code   RO         1874    .text               c_w.l(__2fprintf.o)
    0x000002fa   0x00000002   Code   RO         2622    .text               c_w.l(use_no_semi.o)
    0x000002fc   0x00000004   Code   RO          169    .ARM.__at_0x02FC    startup_LPC17xx.o
    0x00000300   0x00000024   Code   RO         1870    .text               c_w.l(vsprintf.o)
    0x00000324   0x0000002c   Code   RO         1876    .text               c_w.l(__2sprintf.o)
    0x00000350   0x00000052   Code   RO         1884    .text               c_w.l(_printf_str.o)
    0x000003a2   0x00000002   PAD
    0x000003a4   0x00000078   Code   RO         1886    .text               c_w.l(_printf_dec.o)
    0x0000041c   0x00000094   Code   RO         1906    .text               c_w.l(_printf_hex_int_ll_ptr.o)
    0x000004b0   0x00000188   Code   RO         1926    .text               c_w.l(__printf_flags_ss_wp.o)
    0x00000638   0x0000003c   Code   RO         1935    .text               c_w.l(__0sscanf.o)
    0x00000674   0x0000014c   Code   RO         1937    .text               c_w.l(_scanf_int.o)
    0x000007c0   0x0000001a   Code   RO         1939    .text               c_w.l(atoi.o)
    0x000007da   0x00000002   PAD
    0x000007dc   0x00000064   Code   RO         1941    .text               c_w.l(fflush.o)
    0x00000840   0x0000004a   Code   RO         1947    .text               c_w.l(fgets.o)
    0x0000088a   0x00000002   PAD
    0x0000088c   0x000000ec   Code   RO         1955    .text               c_w.l(fopen.o)
    0x00000978   0x00000014   Code   RO         1957    .text               c_w.l(setbuf.o)
    0x0000098c   0x0000004c   Code   RO         1965    .text               c_w.l(fclose.o)
    0x000009d8   0x0000002e   Code   RO         1980    .text               c_w.l(aeabi_atexit.o)
    0x00000a06   0x0000003e   Code   RO         1983    .text               c_w.l(strlen.o)
    0x00000a44   0x00000096   Code   RO         1985    .text               c_w.l(strncmp.o)
    0x00000ada   0x00000064   Code   RO         1987    .text               c_w.l(rt_memcpy_w.o)
    0x00000b3e   0x0000004e   Code   RO         1989    .text               c_w.l(rt_memclr_w.o)
    0x00000b8c   0x00000080   Code   RO         1993    .text               c_w.l(strcmpv7m.o)
    0x00000c0c   0x00000024   Code   RO         2000    .text               c_w.l(init_aeabi.o)
    0x00000c30   0x00000008   Code   RO         2156    .text               c_w.l(rt_heap_descriptor.o)
    0x00000c38   0x00000008   Code   RO         2161    .text               c_w.l(rt_ddtor_pointer_addr.o)
    0x00000c40   0x00000008   Code   RO         2166    .text               c_w.l(rt_errno_addr.o)
    0x00000c48   0x00000004   Code   RO         2171    .text               c_w.l(hguard.o)
    0x00000c4c   0x0000008a   Code   RO         2173    .text               c_w.l(init_alloc.o)
    0x00000cd6   0x0000000e   Code   RO         2177    .text               c_w.l(h1_init.o)
    0x00000ce4   0x00000016   Code   RO         2191    .text               c_w.l(_rserrno.o)
    0x00000cfa   0x0000004e   Code   RO         2193    .text               c_w.l(_printf_pad.o)
    0x00000d48   0x00000024   Code   RO         2195    .text               c_w.l(_printf_truncate.o)
    0x00000d6c   0x000000b2   Code   RO         2197    .text               c_w.l(_printf_intcommon.o)
    0x00000e1e   0x00000028   Code   RO         2199    .text               c_w.l(_printf_charcount.o)
    0x00000e46   0x00000002   PAD
    0x00000e48   0x00000030   Code   RO         2201    .text               c_w.l(_printf_char_common.o)
    0x00000e78   0x0000000a   Code   RO         2203    .text               c_w.l(_sputc.o)
    0x00000e82   0x0000002c   Code   RO         2205    .text               c_w.l(_printf_char.o)
    0x00000eae   0x00000002   PAD
    0x00000eb0   0x00000024   Code   RO         2207    .text               c_w.l(_printf_char_file.o)
    0x00000ed4   0x000000bc   Code   RO         2209    .text               c_w.l(_printf_wctomb.o)
    0x00000f90   0x0000007c   Code   RO         2212    .text               c_w.l(_printf_longlong_dec.o)
    0x0000100c   0x00000070   Code   RO         2218    .text               c_w.l(_printf_oct_int_ll.o)
    0x0000107c   0x0000001c   Code   RO         2240    .text               c_w.l(_chval.o)
    0x00001098   0x0000002c   Code   RO         2246    .text               c_w.l(scanf_char.o)
    0x000010c4   0x00000040   Code   RO         2248    .text               c_w.l(_sgetc.o)
    0x00001104   0x00000070   Code   RO         2252    .text               c_w.l(strtol.o)
    0x00001174   0x00000008   Code   RO         2260    .text               c_w.l(ferror.o)
    0x0000117c   0x0000023a   Code   RO         2262    .text               c_w.l(filbuf.o)
    0x000013b6   0x000001d6   Code   RO         2264    .text               c_w.l(flsbuf.o)
    0x0000158c   0x000000f8   Code   RO         2266    .text               c_w.l(fseek.o)
    0x00001684   0x00000046   Code   RO         2268    .text               c_w.l(setvbuf.o)
    0x000016ca   0x00000002   PAD
    0x000016cc   0x000000f0   Code   RO         2270    .text               c_w.l(stdio.o)
    0x000017bc   0x00000138   Code   RO         2273    .text               c_w.l(initio.o)
    0x000018f4   0x00000042   Code   RO         2281    .text               c_w.l(cxa_finalize.o)
    0x00001936   0x0000000e   Code   RO         2284    .text               c_w.l(defsig_pvfn_outer.o)
    0x00001944   0x00000010   Code   RO         2392    .text               c_w.l(rt_ctype_table.o)
    0x00001954   0x00000034   Code   RO         2402    .text               c_w.l(h1_extend.o)
    0x00001988   0x0000008a   Code   RO         2406    .text               c_w.l(lludiv10.o)
    0x00001a12   0x00000012   Code   RO         2408    .text               c_w.l(isspace.o)
    0x00001a24   0x0000041a   Code   RO         2410    .text               c_w.l(_printf_fp_dec.o)
    0x00001e3e   0x00000002   PAD
    0x00001e40   0x000002fc   Code   RO         2412    .text               c_w.l(_printf_fp_hex.o)
    0x0000213c   0x0000002c   Code   RO         2419    .text               c_w.l(_printf_wchar.o)
    0x00002168   0x00000374   Code   RO         2421    .text               c_w.l(_scanf.o)
    0x000024dc   0x0000009e   Code   RO         2427    .text               c_w.l(_strtoul.o)
    0x0000257a   0x00000042   Code   RO         2433    .text               c_w.l(ftell.o)
    0x000025bc   0x00000038   Code   RO         2441    .text               c_w.l(flushlinebuffered.o)
    0x000025f4   0x00000040   Code   RO         2459    .text               c_w.l(_wcrtomb.o)
    0x00002634   0x0000000a   Code   RO         2461    .text               c_w.l(defsig_exit.o)
    0x0000263e   0x0000000e   Code   RO         2463    .text               c_w.l(defsig_rtred_outer.o)
    0x0000264c   0x0000000e   Code   RO         2467    .text               c_w.l(defsig_rtmem_outer.o)
    0x0000265a   0x00000002   PAD
    0x0000265c   0x00000030   Code   RO         2471    .text               c_w.l(defsig_pvfn_inner.o)
    0x0000268c   0x00000050   Code   RO         2475    .text               c_w.l(heapauxa.o)
    0x000026dc   0x0000000c   Code   RO         2516    .text               c_w.l(sys_exit.o)
    0x000026e8   0x00000008   Code   RO         2518    .text               c_w.l(rt_locale.o)
    0x000026f0   0x00000080   Code   RO         2530    .text               c_w.l(_printf_fp_infnan.o)
    0x00002770   0x000000dc   Code   RO         2532    .text               c_w.l(bigflt0.o)
    0x0000284c   0x00000032   Code   RO         2569    .text               c_w.l(defsig_general.o)
    0x0000287e   0x00000002   PAD
    0x00002880   0x00000034   Code   RO         2575    .text               c_w.l(defsig_rtred_inner.o)
    0x000028b4   0x00000050   Code   RO         2577    .text               c_w.l(defsig_rtmem_inner.o)
    0x00002904   0x0000000e   Code   RO         2620    .text               c_w.l(sys_wrch.o)
    0x00002912   0x00000000   Code   RO         2624    .text               c_w.l(indicate_semi.o)
    0x00002912   0x0000003e   Code   RO         2535    CL$$btod_d2e        c_w.l(btod.o)
    0x00002950   0x00000046   Code   RO         2537    CL$$btod_d2e_denorm_low  c_w.l(btod.o)
    0x00002996   0x00000060   Code   RO         2536    CL$$btod_d2e_norm_op1  c_w.l(btod.o)
    0x000029f6   0x00000338   Code   RO         2545    CL$$btod_div_common  c_w.l(btod.o)
    0x00002d2e   0x000000c6   Code   RO         2542    CL$$btod_e2e        c_w.l(btod.o)
    0x00002df4   0x00000028   Code   RO         2539    CL$$btod_ediv       c_w.l(btod.o)
    0x00002e1c   0x00000028   Code   RO         2538    CL$$btod_emul       c_w.l(btod.o)
    0x00002e44   0x00000244   Code   RO         2544    CL$$btod_mult_common  c_w.l(btod.o)
    0x00003088   0x00000012   Code   RO           27    i.$Sub$$main        retarget.o
    0x0000309a   0x00000008   Code   RO         1291    i.<Func1>           mbed.ar(SerialBase.o)
    0x000030a2   0x00000002   PAD
    0x000030a4   0x000000a0   Code   RO          179    i.SystemInit        system_LPC17xx.o
    0x00003144   0x00000084   Code   RO          189    i._Z13initiate_moveii  main.o
    0x000031c8   0x000000a0   Code   RO          190    i._Z17register_commandsv  main.o
    0x00003268   0x00000060   Code   RO          191    i._Z20serial_move_callbackPA100_ci  main.o
    0x000032c8   0x000000a4   Code   RO          192    i._Z20serial_name_callbackPA100_ci  main.o
    0x0000336c   0x00000050   Code   RO          193    i._Z24serial_feedrate_callbackPA100_ci  main.o
    0x000033bc   0x000000b0   Code   RO          194    i._Z24serial_position_callbackPA100_ci  main.o
    0x0000346c   0x0000000e   Code   RO          195    i._Z25serial_heartbeat_callbackPA100_ci  main.o
    0x0000347a   0x00000002   PAD
    0x0000347c   0x00000060   Code   RO          196    i._Z29serial_relative_move_callbackPA100_ci  main.o
    0x000034dc   0x00000070   Code   RO          197    i._Z32serial_positioning_mode_callbackPA100_ci  main.o
    0x0000354c   0x0000004c   Code   RO          198    i._Z9move_tickv     main.o
    0x00003598   0x00000058   Code   RO          705    i._ZN15SerialCommander11send_returnEPA100_ci  serialcommander.o
    0x000035f0   0x00000014   Code   RO          707    i._ZN15SerialCommander13send_responseEPc  serialcommander.o
    0x00003604   0x00000020   Code   RO          709    i._ZN15SerialCommander16register_commandEPciPFvPA100_ciE  serialcommander.o
    0x00003624   0x0000000c   Code   RO          710    i._ZN15SerialCommander17static_serial_irqEv  serialcommander.o
    0x00003630   0x00000144   Code   RO          712    i._ZN15SerialCommander23handle_serial_characterEv  serialcommander.o
    0x00003774   0x00000034   Code   RO          713    i._ZN15SerialCommander5setupEv  serialcommander.o
    0x000037a8   0x0000002c   Code   RO          714    i._ZN15SerialCommander8instanceEv  serialcommander.o
    0x000037d4   0x00000014   Code   RO          715    i._ZN15SerialCommander8send_ackEv  serialcommander.o
    0x000037e8   0x00000018   Code   RO          716    i._ZN15SerialCommander9send_nackEv  serialcommander.o
    0x00003800   0x00000052   Code   RO          156    i._ZN4mbed10FileHandle4flenEv  retarget.o
    0x00003852   0x00000002   Code   RO          160    i._ZN4mbed10FileHandle4lockEv  retarget.o
    0x00003854   0x00000002   Code   RO          163    i._ZN4mbed10FileHandle6unlockEv  retarget.o
    0x00003856   0x00000002   PAD
    0x00003858   0x00000074   Code   RO           29    i._ZN4mbed10FileHandleD2Ev  retarget.o
    0x000038cc   0x00000006   Code   RO         1292    i._ZN4mbed10SerialBase10_base_getcEv  mbed.ar(SerialBase.o)
    0x000038d2   0x0000000e   Code   RO         1293    i._ZN4mbed10SerialBase10_base_putcEi  mbed.ar(SerialBase.o)
    0x000038e0   0x00000014   Code   RO         1295    i._ZN4mbed10SerialBase12_irq_handlerEj9SerialIrq  mbed.ar(SerialBase.o)
    0x000038f4   0x00000024   Code   RO         1297    i._ZN4mbed10SerialBase4baudEi  mbed.ar(SerialBase.o)
    0x00003918   0x00000002   Code   RO         1298    i._ZN4mbed10SerialBase4lockEv  mbed.ar(SerialBase.o)
    0x0000391a   0x00000052   Code   RO         1299    i._ZN4mbed10SerialBase6attachENS_8CallbackIFvvEEENS0_7IrqTypeE  mbed.ar(SerialBase.o)
    0x0000396c   0x00000002   Code   RO         1301    i._ZN4mbed10SerialBase6unlockEv  mbed.ar(SerialBase.o)
    0x0000396e   0x00000020   Code   RO         1302    i._ZN4mbed10SerialBase8readableEv  mbed.ar(SerialBase.o)
    0x0000398e   0x00000002   PAD
    0x00003990   0x00000050   Code   RO         1304    i._ZN4mbed10SerialBaseC1E7PinNameS1_  mbed.ar(SerialBase.o)
    0x000039e0   0x00000006   Code   RO         1458    i._ZN4mbed10TimerEvent3irqEj  mbed.ar(TimerEvent.o)
    0x000039e6   0x00000010   Code   RO         1459    i._ZN4mbed10TimerEvent6insertEj  mbed.ar(TimerEvent.o)
    0x000039f6   0x0000000a   Code   RO         1460    i._ZN4mbed10TimerEvent6removeEv  mbed.ar(TimerEvent.o)
    0x00003a00   0x00000028   Code   RO         1462    i._ZN4mbed10TimerEventC2Ev  mbed.ar(TimerEvent.o)
    0x00003a28   0x00000018   Code   RO         1464    i._ZN4mbed10TimerEventD2Ev  mbed.ar(TimerEvent.o)
    0x00003a40   0x0000002c   Code   RO         1082    i._ZN4mbed11InterruptIn12_irq_handlerEj14gpio_irq_event  mbed.ar(InterruptIn.o)
    0x00003a6c   0x0000004a   Code   RO         1083    i._ZN4mbed11InterruptIn4fallENS_8CallbackIFvvEEE  mbed.ar(InterruptIn.o)
    0x00003ab6   0x00000002   PAD
    0x00003ab8   0x00000040   Code   RO         1085    i._ZN4mbed11InterruptIn4readEv  mbed.ar(InterruptIn.o)
    0x00003af8   0x0000004a   Code   RO         1086    i._ZN4mbed11InterruptIn4riseENS_8CallbackIFvvEEE  mbed.ar(InterruptIn.o)
    0x00003b42   0x00000002   PAD
    0x00003b44   0x00000048   Code   RO         1087    i._ZN4mbed11InterruptInC1E7PinName  mbed.ar(InterruptIn.o)
    0x00003b8c   0x00000018   Code   RO         1089    i._ZN4mbed11InterruptInD1Ev  mbed.ar(InterruptIn.o)
    0x00003ba4   0x0000002c   Code   RO         1090    i._ZN4mbed11InterruptIncviEv  mbed.ar(InterruptIn.o)
    0x00003bd0   0x00000014   Code   RO         1009    i._ZN4mbed14FileSystemLikeC2EPKc  mbed.ar(FileSystemLike.o)
    0x00003be4   0x00000004   Code   RO         1011    i._ZN4mbed14FileSystemLikeD2Ev  mbed.ar(FileSystemLike.o)
    0x00003be8   0x00000020   Code   RO         1124    i._ZN4mbed15LocalFileHandle4flenEv  mbed.ar(LocalFileSystem.o)
    0x00003c08   0x00000002   Code   RO         1125    i._ZN4mbed15LocalFileHandle4lockEv  mbed.ar(LocalFileSystem.o)
    0x00003c0a   0x00000030   Code   RO         1126    i._ZN4mbed15LocalFileHandle4readEPvj  mbed.ar(LocalFileSystem.o)
    0x00003c3a   0x00000018   Code   RO         1127    i._ZN4mbed15LocalFileHandle5closeEv  mbed.ar(LocalFileSystem.o)
    0x00003c52   0x0000003a   Code   RO         1129    i._ZN4mbed15LocalFileHandle5lseekEli  mbed.ar(LocalFileSystem.o)
    0x00003c8c   0x00000030   Code   RO         1130    i._ZN4mbed15LocalFileHandle5writeEPKvj  mbed.ar(LocalFileSystem.o)
    0x00003cbc   0x00000020   Code   RO         1131    i._ZN4mbed15LocalFileHandle6isattyEv  mbed.ar(LocalFileSystem.o)
    0x00003cdc   0x00000002   Code   RO         1132    i._ZN4mbed15LocalFileHandle6unlockEv  mbed.ar(LocalFileSystem.o)
    0x00003cde   0x00000002   PAD
    0x00003ce0   0x00000018   Code   RO         1187    i._ZN4mbed15LocalFileHandleD0Ev  mbed.ar(LocalFileSystem.o)
    0x00003cf8   0x00000080   Code   RO         1134    i._ZN4mbed15LocalFileSystem4openEPKci  mbed.ar(LocalFileSystem.o)
    0x00003d78   0x00000004   Code   RO          337    i._ZN4mbed15LocalFileSystemD1Ev  main.o
    0x00003d7c   0x00000006   Code   RO           30    i._ZN4mbed26mbed_set_unbuffered_streamEPSt6__FILE  retarget.o
    0x00003d82   0x00000002   Code   RO         1236    i._ZN4mbed6Serial4lockEv  mbed.ar(Serial.o)
    0x00003d84   0x00000002   Code   RO         1239    i._ZN4mbed6Serial6unlockEv  mbed.ar(Serial.o)
    0x00003d86   0x00000002   PAD
    0x00003d88   0x00000024   Code   RO         1240    i._ZN4mbed6SerialC1E7PinNameS1_PKc  mbed.ar(Serial.o)
    0x00003dac   0x00000004   Code   RO         1378    i._ZN4mbed6Stream4flenEv  mbed.ar(Stream.o)
    0x00003db0   0x00000026   Code   RO         1379    i._ZN4mbed6Stream4getcEv  mbed.ar(Stream.o)
    0x00003dd6   0x0000002a   Code   RO         1381    i._ZN4mbed6Stream4putcEi  mbed.ar(Stream.o)
    0x00003e00   0x0000003c   Code   RO         1383    i._ZN4mbed6Stream4readEPvj  mbed.ar(Stream.o)
    0x00003e3c   0x00000004   Code   RO         1384    i._ZN4mbed6Stream5closeEv  mbed.ar(Stream.o)
    0x00003e40   0x00000004   Code   RO         1386    i._ZN4mbed6Stream5lseekEli  mbed.ar(Stream.o)
    0x00003e44   0x0000003c   Code   RO         1388    i._ZN4mbed6Stream5writeEPKvj  mbed.ar(Stream.o)
    0x00003e80   0x00000004   Code   RO         1389    i._ZN4mbed6Stream6isattyEv  mbed.ar(Stream.o)
    0x00003e84   0x00000032   Code   RO         1390    i._ZN4mbed6Stream6printfEPKcz  mbed.ar(Stream.o)
    0x00003eb6   0x00000002   PAD
    0x00003eb8   0x00000040   Code   RO         1393    i._ZN4mbed6StreamC2EPKc  mbed.ar(Stream.o)
    0x00003ef8   0x0000002a   Code   RO         1356    i._ZN4mbed6Ticker5setupEj  mbed.ar(Ticker.o)
    0x00003f22   0x0000001c   Code   RO         1357    i._ZN4mbed6Ticker6detachEv  mbed.ar(Ticker.o)
    0x00003f3e   0x00000024   Code   RO         1358    i._ZN4mbed6Ticker7handlerEv  mbed.ar(Ticker.o)
    0x00003f62   0x00000002   PAD
    0x00003f64   0x0000001c   Code   RO          328    i._ZN4mbed6TickerD1Ev  main.o
    0x00003f80   0x00000004   Code   RO         1698    i._ZN4mbed8FileBase11getPathTypeEv  mbed.ar(FileBase.o)
    0x00003f84   0x0000006c   Code   RO         1700    i._ZN4mbed8FileBase6lookupEPKcj  mbed.ar(FileBase.o)
    0x00003ff0   0x00000040   Code   RO         1702    i._ZN4mbed8FileBaseC1EPKcNS_8PathTypeE  mbed.ar(FileBase.o)
    0x00004030   0x00000048   Code   RO         1704    i._ZN4mbed8FileBaseD1Ev  mbed.ar(FileBase.o)
    0x00004078   0x00000024   Code   RO         1733    i._ZN4mbed8FileLikeC2EPKc  mbed.ar(FileLike.o)
    0x0000409c   0x00000018   Code   RO          981    i._ZN4mbed8FilePath10fileSystemEv  mbed.ar(FilePath.o)
    0x000040b4   0x0000001c   Code   RO          983    i._ZN4mbed8FilePath4fileEv  mbed.ar(FilePath.o)
    0x000040d0   0x0000000a   Code   RO          984    i._ZN4mbed8FilePath6existsEv  mbed.ar(FilePath.o)
    0x000040da   0x00000018   Code   RO          985    i._ZN4mbed8FilePath6isFileEv  mbed.ar(FilePath.o)
    0x000040f2   0x00000004   Code   RO          986    i._ZN4mbed8FilePath8fileNameEv  mbed.ar(FilePath.o)
    0x000040f6   0x00000040   Code   RO          987    i._ZN4mbed8FilePathC1EPKc  mbed.ar(FilePath.o)
    0x00004136   0x00000004   Code   RO           31    i._ZN4mbed9mbed_getcEPSt6__FILE  retarget.o
    0x0000413a   0x00000002   PAD
    0x0000413c   0x00000190   Code   RO          322    i._ZN9PrintHead12update_motorEv  main.o
    0x000042cc   0x00000018   Code   RO          298    i._ZN9PrintHead19left_encoder_risingEv  main.o
    0x000042e4   0x00000018   Code   RO          304    i._ZN9PrintHead20left_encoder_fallingEv  main.o
    0x000042fc   0x00000018   Code   RO          310    i._ZN9PrintHead20right_encoder_risingEv  main.o
    0x00004314   0x00000018   Code   RO          316    i._ZN9PrintHead21right_encoder_fallingEv  main.o
    0x0000432c   0x00000164   Code   RO          292    i._ZN9PrintHeadC1E7PinNameS0_S0_S0_S0_  main.o
    0x00004490   0x0000002c   Code   RO          334    i._ZN9PrintHeadD1Ev  main.o
    0x000044bc   0x00000002   Code   RO         1241    i._ZThn48_N4mbed6Serial4lockEv  mbed.ar(Serial.o)
    0x000044be   0x00000006   Code   RO         1242    i._ZThn48_N4mbed6Serial5_getcEv  mbed.ar(Serial.o)
    0x000044c4   0x00000006   Code   RO         1243    i._ZThn48_N4mbed6Serial5_putcEi  mbed.ar(Serial.o)
    0x000044ca   0x00000002   Code   RO         1244    i._ZThn48_N4mbed6Serial6unlockEv  mbed.ar(Serial.o)
    0x000044cc   0x0000000a   Code   RO           34    i._ZdlPv            retarget.o
    0x000044d6   0x00000002   PAD
    0x000044d8   0x00000034   Code   RO           36    i._Znwj             retarget.o
    0x0000450c   0x00000028   Code   RO         2612    i.__ARM_fpclassify  m_ws.l(fpclassify.o)
    0x00004534   0x00000034   Code   RO            5    i.__NVIC_SetVector  cmsis_nvic.o
    0x00004568   0x00000024   Code   RO         2112    i.__aeabi_vec_ctor_nocookie_nodtor  cpprt_w.l(aeabi_vec_ctor_nocookie_nodtor.o)
    0x0000458c   0x00000006   Code   RO         2003    i.__cxa_pure_virtual  cpprt_w.l(pure_virt.o)
    0x00004592   0x00000002   PAD
    0x00004594   0x00000128   Code   RO          199    i.__sti___8_main_cpp_left_led  main.o
    0x000046bc   0x00000010   Code   RO          172    i.__user_setup_stackheap  sys.o
    0x000046cc   0x0000000e   Code   RO         1919    i._is_digit         c_w.l(__printf_wp.o)
    0x000046da   0x00000002   PAD
    0x000046dc   0x0000002c   Code   RO           37    i._sys_close        retarget.o
    0x00004708   0x00000028   Code   RO           40    i._sys_flen         retarget.o
    0x00004730   0x00000028   Code   RO           41    i._sys_istty        retarget.o
    0x00004758   0x000001e4   Code   RO           42    i._sys_open         retarget.o
    0x0000493c   0x00000060   Code   RO           43    i._sys_read         retarget.o
    0x0000499c   0x00000028   Code   RO           44    i._sys_seek         retarget.o
    0x000049c4   0x0000006c   Code   RO           45    i._sys_write        retarget.o
    0x00004a30   0x0000008c   Code   RO         1536    i.core_util_critical_section_enter  mbed.ar(mbed_critical.o)
    0x00004abc   0x00000058   Code   RO         1537    i.core_util_critical_section_exit  mbed.ar(mbed_critical.o)
    0x00004b14   0x00000012   Code   RO         1498    i.error             mbed.ar(mbed_error.o)
    0x00004b26   0x00000002   PAD
    0x00004b28   0x0000002c   Code   RO           47    i.exit              retarget.o
    0x00004b54   0x00000018   Code   RO         1944    i.fgetc             c_w.l(fgetc.o)
    0x00004b6c   0x0000001a   Code   RO         1950    i.fputc             c_w.l(fputc.o)
    0x00004b86   0x00000002   PAD
    0x00004b88   0x00000008   Code   RO         1794    i.get_us_ticker_data  mbed.ar(mbed_us_ticker_api.o)
    0x00004b90   0x00000054   Code   RO         1635    i.gpio_dir          mbed.ar(gpio_api.o)
    0x00004be4   0x0000003a   Code   RO         1636    i.gpio_init         mbed.ar(gpio_api.o)
    0x00004c1e   0x00000028   Code   RO         1506    i.gpio_init_in      mbed.ar(mbed_gpio.o)
    0x00004c46   0x00000002   PAD
    0x00004c48   0x00000048   Code   RO         1509    i.gpio_init_out     mbed.ar(mbed_gpio.o)
    0x00004c90   0x00000068   Code   RO         1510    i.gpio_init_out_ex  mbed.ar(mbed_gpio.o)
    0x00004cf8   0x00000010   Code   RO         1652    i.gpio_irq_free     mbed.ar(gpio_irq_api.o)
    0x00004d08   0x000000a0   Code   RO         1653    i.gpio_irq_init     mbed.ar(gpio_irq_api.o)
    0x00004da8   0x000000c8   Code   RO         1654    i.gpio_irq_set      mbed.ar(gpio_irq_api.o)
    0x00004e70   0x00000006   Code   RO         1637    i.gpio_mode         mbed.ar(gpio_api.o)
    0x00004e76   0x00000002   PAD
    0x00004e78   0x000000f0   Code   RO         1655    i.handle_interrupt_in  mbed.ar(gpio_irq_api.o)
    0x00004f68   0x00000118   Code   RO          200    i.main              main.o
    0x00005080   0x00000054   Code   RO         1490    i.mbed_assert_internal  mbed.ar(mbed_assert.o)
    0x000050d4   0x00000120   Code   RO           14    i.mbed_die          mbed_board.o
    0x000051f4   0x00000058   Code   RO           15    i.mbed_error_printf  mbed_board.o
    0x0000524c   0x00000050   Code   RO           16    i.mbed_error_vfprintf  mbed_board.o
    0x0000529c   0x00000004   Code   RO         1561    i.mbed_interface_connected  mbed.ar(mbed_interface.o)
    0x000052a0   0x00000002   Code   RO           48    i.mbed_main         retarget.o
    0x000052a2   0x00000002   Code   RO           49    i.mbed_sdk_init     retarget.o
    0x000052a4   0x0000005c   Code   RO         1670    i.pin_function      mbed.ar(pinmap.o)
    0x00005300   0x00000090   Code   RO         1671    i.pin_mode          mbed.ar(pinmap.o)
    0x00005390   0x00000022   Code   RO         1759    i.pinmap_find_peripheral  mbed.ar(mbed_pinmap_common.o)
    0x000053b2   0x00000002   PAD
    0x000053b4   0x0000003c   Code   RO         1761    i.pinmap_merge      mbed.ar(mbed_pinmap_common.o)
    0x000053f0   0x0000005c   Code   RO         1762    i.pinmap_peripheral  mbed.ar(mbed_pinmap_common.o)
    0x0000544c   0x00000058   Code   RO         1763    i.pinmap_pinout     mbed.ar(mbed_pinmap_common.o)
    0x000054a4   0x00000100   Code   RO          901    i.pwmout_init       mbed.ar(pwmout_api.o)
    0x000055a4   0x0000004c   Code   RO          902    i.pwmout_period     mbed.ar(pwmout_api.o)
    0x000055f0   0x00000050   Code   RO          909    i.pwmout_write      mbed.ar(pwmout_api.o)
    0x00005640   0x0000000c   Code   RO         1583    i.semihost_close    mbed.ar(mbed_semihost_api.o)
    0x0000564c   0x00000010   Code   RO         1584    i.semihost_connected  mbed.ar(mbed_semihost_api.o)
    0x0000565c   0x0000000c   Code   RO         1587    i.semihost_exit     mbed.ar(mbed_semihost_api.o)
    0x00005668   0x0000000c   Code   RO         1588    i.semihost_flen     mbed.ar(mbed_semihost_api.o)
    0x00005674   0x0000000c   Code   RO         1589    i.semihost_istty    mbed.ar(mbed_semihost_api.o)
    0x00005680   0x00000018   Code   RO         1590    i.semihost_open     mbed.ar(mbed_semihost_api.o)
    0x00005698   0x00000012   Code   RO         1592    i.semihost_read     mbed.ar(mbed_semihost_api.o)
    0x000056aa   0x00000010   Code   RO         1596    i.semihost_seek     mbed.ar(mbed_semihost_api.o)
    0x000056ba   0x0000001c   Code   RO         1599    i.semihost_write    mbed.ar(mbed_semihost_api.o)
    0x000056d6   0x00000002   PAD
    0x000056d8   0x000001c4   Code   RO          929    i.serial_baud       mbed.ar(serial_api.o)
    0x0000589c   0x00000038   Code   RO          935    i.serial_getc       mbed.ar(serial_api.o)
    0x000058d4   0x00000180   Code   RO          936    i.serial_init       mbed.ar(serial_api.o)
    0x00005a54   0x0000001c   Code   RO          937    i.serial_irq_handler  mbed.ar(serial_api.o)
    0x00005a70   0x0000001c   Code   RO          938    i.serial_irq_set    mbed.ar(serial_api.o)
    0x00005a8c   0x000000cc   Code   RO          939    i.serial_irq_set_internal  mbed.ar(serial_api.o)
    0x00005b58   0x00000068   Code   RO          941    i.serial_putc       mbed.ar(serial_api.o)
    0x00005bc0   0x0000000a   Code   RO          942    i.serial_readable   mbed.ar(serial_api.o)
    0x00005bca   0x00000002   PAD
    0x00005bcc   0x0000010c   Code   RO          943    i.serial_set_flow_control  mbed.ar(serial_api.o)
    0x00005cd8   0x0000002c   Code   RO         2142    i.sqrtf             m_ws.l(sqrtf.o)
    0x00005d04   0x00000048   Code   RO         1777    i.ticker_insert_event  mbed.ar(mbed_ticker_api.o)
    0x00005d4c   0x0000004e   Code   RO         1778    i.ticker_irq_handler  mbed.ar(mbed_ticker_api.o)
    0x00005d9a   0x00000006   Code   RO         1779    i.ticker_read       mbed.ar(mbed_ticker_api.o)
    0x00005da0   0x00000044   Code   RO         1780    i.ticker_remove_event  mbed.ar(mbed_ticker_api.o)
    0x00005de4   0x00000012   Code   RO         1781    i.ticker_set_handler  mbed.ar(mbed_ticker_api.o)
    0x00005df6   0x00000002   PAD
    0x00005df8   0x00000014   Code   RO          945    i.uart0_irq         mbed.ar(serial_api.o)
    0x00005e0c   0x00000014   Code   RO          946    i.uart1_irq         mbed.ar(serial_api.o)
    0x00005e20   0x00000014   Code   RO          947    i.uart2_irq         mbed.ar(serial_api.o)
    0x00005e34   0x00000014   Code   RO          948    i.uart3_irq         mbed.ar(serial_api.o)
    0x00005e48   0x00000068   Code   RO          949    i.uart_irq          mbed.ar(serial_api.o)
    0x00005eb0   0x0000000c   Code   RO         1681    i.us_ticker_clear_interrupt  mbed.ar(us_ticker.o)
    0x00005ebc   0x00000010   Code   RO         1682    i.us_ticker_disable_interrupt  mbed.ar(us_ticker.o)
    0x00005ecc   0x00000064   Code   RO         1683    i.us_ticker_init    mbed.ar(us_ticker.o)
    0x00005f30   0x0000000c   Code   RO         1795    i.us_ticker_irq_handler  mbed.ar(mbed_us_ticker_api.o)
    0x00005f3c   0x00000064   Code   RO         1684    i.us_ticker_read    mbed.ar(us_ticker.o)
    0x00005fa0   0x00000014   Code   RO         1685    i.us_ticker_set_interrupt  mbed.ar(us_ticker.o)
    0x00005fb4   0x0000001c   Code   RO         1624    i.wait_ms           mbed.ar(mbed_wait_api.o)
    0x00005fd0   0x0000002c   Code   RO         2560    locale$$code        c_w.l(lc_ctype_c.o)
    0x00005ffc   0x0000002c   Code   RO         2563    locale$$code        c_w.l(lc_numeric_c.o)
    0x00006028   0x0000002c   Code   RO         1725    t._ZN12SingletonPtrI13PlatformMutexEptEv  mbed.ar(FileBase.o)
    0x00006054   0x00000014   Code   RO          340    t._ZN4mbed8CallbackIFvvEE12_methodthunkI9PrintHeadEEvPvS5_  main.o
    0x00006068   0x00000004   Code   RO          286    t._ZN4mbed8CallbackIFvvEE12_staticthunkEPvS3_  main.o
    0x0000606c   0x000000c4   Code   RO         2115    x$fpl$fadd          fz_ws.l(faddsub_clz.o)
    0x00006130   0x00000184   Code   RO         2122    x$fpl$fdiv          fz_ws.l(fdiv.o)
    0x000062b4   0x00000036   Code   RO         2125    x$fpl$ffix          fz_ws.l(ffix.o)
    0x000062ea   0x00000002   PAD
    0x000062ec   0x0000003e   Code   RO         2129    x$fpl$ffixu         fz_ws.l(ffixu.o)
    0x0000632a   0x00000002   PAD
    0x0000632c   0x00000030   Code   RO         2134    x$fpl$fflt          fz_ws.l(fflt_clz.o)
    0x0000635c   0x00000026   Code   RO         2133    x$fpl$ffltu         fz_ws.l(fflt_clz.o)
    0x00006382   0x00000002   PAD
    0x00006384   0x00000102   Code   RO         2139    x$fpl$fmul          fz_ws.l(fmul.o)
    0x00006486   0x0000008c   Code   RO         2357    x$fpl$fnaninf       fz_ws.l(fnaninf.o)
    0x00006512   0x0000000a   Code   RO         2359    x$fpl$fretinf       fz_ws.l(fretinf.o)
    0x0000651c   0x00000014   Code   RO         2116    x$fpl$frsb          fz_ws.l(faddsub_clz.o)
    0x00006530   0x00000110   Code   RO         2361    x$fpl$fsqrt         fz_ws.l(fsqrt.o)
    0x00006640   0x000000ea   Code   RO         2117    x$fpl$fsub          fz_ws.l(faddsub_clz.o)
    0x0000672a   0x00000004   Code   RO         2363    x$fpl$printf1       fz_ws.l(printf1.o)
    0x0000672e   0x00000004   Code   RO         2365    x$fpl$printf2       fz_ws.l(printf2.o)
    0x00006732   0x00000000   Code   RO         2373    x$fpl$usenofp       fz_ws.l(usenofp.o)
    0x00006732   0x00000017   Data   RO           94    .constdata          retarget.o
    0x00006749   0x00000003   PAD
    0x0000674c   0x00000028   Data   RO          214    .constdata          main.o
    0x00006774   0x000000b4   Data   RO          910    .constdata          mbed.ar(pwmout_api.o)
    0x00006828   0x00000120   Data   RO          951    .constdata          mbed.ar(serial_api.o)
    0x00006948   0x00000014   Data   RO         1796    .constdata          mbed.ar(mbed_us_ticker_api.o)
    0x0000695c   0x00000008   Data   RO         1797    .constdata          mbed.ar(mbed_us_ticker_api.o)
    0x00006964   0x00000028   Data   RO         1907    .constdata          c_w.l(_printf_hex_int_ll_ptr.o)
    0x0000698c   0x00000011   Data   RO         1927    .constdata          c_w.l(__printf_flags_ss_wp.o)
    0x0000699d   0x00000003   PAD
    0x000069a0   0x00000008   Data   RO         2210    .constdata          c_w.l(_printf_wctomb.o)
    0x000069a8   0x00000026   Data   RO         2413    .constdata          c_w.l(_printf_fp_hex.o)
    0x000069ce   0x00000002   PAD
    0x000069d0   0x00000094   Data   RO         2533    .constdata          c_w.l(bigflt0.o)
    0x00006a64   0x00000034   Data   RO          153    .constdata__ZTVN4mbed10FileHandleE  retarget.o
    0x00006a98   0x00000018   Data   RO         1344    .constdata__ZTVN4mbed10SerialBaseE  mbed.ar(SerialBase.o)
    0x00006ab0   0x00000014   Data   RO         1484    .constdata__ZTVN4mbed10TimerEventE  mbed.ar(TimerEvent.o)
    0x00006ac4   0x00000010   Data   RO         1118    .constdata__ZTVN4mbed11InterruptInE  mbed.ar(InterruptIn.o)
    0x00006ad4   0x00000024   Data   RO         1024    .constdata__ZTVN4mbed14FileSystemLikeE  mbed.ar(FileSystemLike.o)
    0x00006af8   0x00000034   Data   RO         1182    .constdata__ZTVN4mbed15LocalFileHandleE  mbed.ar(LocalFileSystem.o)
    0x00006b2c   0x00000024   Data   RO         1180    .constdata__ZTVN4mbed15LocalFileSystemE  mbed.ar(LocalFileSystem.o)
    0x00006b50   0x0000006c   Data   RO         1267    .constdata__ZTVN4mbed6SerialE  mbed.ar(Serial.o)
    0x00006bbc   0x0000004c   Data   RO         1452    .constdata__ZTVN4mbed6StreamE  mbed.ar(Stream.o)
    0x00006c08   0x00000014   Data   RO         1369    .constdata__ZTVN4mbed6TickerE  mbed.ar(Ticker.o)
    0x00006c1c   0x00000010   Data   RO         1724    .constdata__ZTVN4mbed8FileBaseE  mbed.ar(FileBase.o)
    0x00006c2c   0x00000044   Data   RO         1752    .constdata__ZTVN4mbed8FileLikeE  mbed.ar(FileLike.o)
    0x00006c70   0x00000014   Data   RO          154    .constdata__ZZN12SingletonPtrI13PlatformMutexE3getEvEs  retarget.o
    0x00006c84   0x00000045   Data   RO          155    .constdata__ZZN12SingletonPtrI13PlatformMutexE3getEvEs_0  retarget.o
    0x00006cc9   0x00000003   PAD
    0x00006ccc   0x0000006d   Data   RO           17    .conststring        mbed_board.o
    0x00006d39   0x00000003   PAD
    0x00006d3c   0x00000061   Data   RO          911    .conststring        mbed.ar(pwmout_api.o)
    0x00006d9d   0x00000003   PAD
    0x00006da0   0x00000061   Data   RO          952    .conststring        mbed.ar(serial_api.o)
    0x00006e01   0x00000003   PAD
    0x00006e04   0x00000045   Data   RO         1538    .conststring        mbed.ar(mbed_critical.o)
    0x00006e49   0x00000003   PAD
    0x00006e4c   0x0000005f   Data   RO         1639    .conststring        mbed.ar(gpio_api.o)
    0x00006eab   0x00000001   PAD
    0x00006eac   0x0000005d   Data   RO         1672    .conststring        mbed.ar(pinmap.o)
    0x00006f09   0x00000003   PAD
    0x00006f0c   0x00000020   Data   RO         2720    Region$$Table       anon$$obj.o
    0x00006f2c   0x00000110   Data   RO         2559    locale$$data        c_w.l(lc_ctype_c.o)
    0x0000703c   0x0000001c   Data   RO         2562    locale$$data        c_w.l(lc_numeric_c.o)
    0x00007058   0x00000004   Data   RO          218    .init_array         main.o
    0x0000705c   0x00000000   Data   RO         1998    .init_array         c_w.l(init_aeabi.o)


    Execution Region RW_IRAM1 (Base: 0x100000c8, Size: 0x0000065c, Max: 0x00007f38, ABSOLUTE)

    Base Addr    Size         Type   Attr      Idx    E Section Name        Object

    0x100000c8   0x00000008   Data   RW           97    .data               retarget.o
    0x100000d0   0x00000004   Data   RW          180    .data               system_LPC17xx.o
    0x100000d4   0x0000001c   Data   RW          215    .data               main.o
    0x100000f0   0x00000004   Data   RW          731    .data               serialcommander.o
    0x100000f4   0x00000020   Data   RW          912    .data               mbed.ar(pwmout_api.o)
    0x10000114   0x00000010   Data   RW          953    .data               mbed.ar(serial_api.o)
    0x10000124   0x00000008   Data   RW         1539    .data               mbed.ar(mbed_critical.o)
    0x1000012c   0x00000004   Data   RW         1657    .data               mbed.ar(gpio_irq_api.o)
    0x10000130   0x00000004   Data   RW         1686    .data               mbed.ar(us_ticker.o)
    0x10000134   0x0000000c   Data   RW         1712    .data               mbed.ar(FileBase.o)
    0x10000140   0x00000008   Data   RW         1798    .data               mbed.ar(mbed_us_ticker_api.o)
    0x10000148   0x00000004   Data   RW         1962    .data               c_w.l(stdio_streams.o)
    0x1000014c   0x00000004   Data   RW         1963    .data               c_w.l(stdio_streams.o)
    0x10000150   0x00000004   Data   RW         1964    .data               c_w.l(stdio_streams.o)
    0x10000154   0x00000004   Data   RW         2476    .data               c_w.l(heapauxa.o)
    0x10000158   0x00000040   Zero   RW           93    .bss                retarget.o
    0x10000198   0x000002d0   Zero   RW          213    .bss                main.o
    0x10000468   0x000000e0   Zero   RW          950    .bss                mbed.ar(serial_api.o)
    0x10000548   0x000000c0   Zero   RW         1656    .bss                mbed.ar(gpio_irq_api.o)
    0x10000608   0x00000054   Zero   RW         1959    .bss                c_w.l(stdio_streams.o)
    0x1000065c   0x00000054   Zero   RW         1960    .bss                c_w.l(stdio_streams.o)
    0x100006b0   0x00000054   Zero   RW         1961    .bss                c_w.l(stdio_streams.o)
    0x10000704   0x00000004   Zero   RW         2157    .bss                c_w.l(rt_heap_descriptor.o)
    0x10000708   0x00000004   Zero   RW         2162    .bss                c_w.l(rt_ddtor_pointer_addr.o)
    0x1000070c   0x00000004   Zero   RW         2167    .bss                c_w.l(rt_errno_addr.o)
    0x10000710   0x00000014   Zero   RW         2519    .bss                c_w.l(rt_locale.o)


    Execution Region RW_IRAM2 (Base: 0x2007c000, Size: 0x00000000, Max: 0x00004000, ABSOLUTE)

    **** No section assigned to this execution region ****


    Execution Region RW_IRAM3 (Base: 0x20080000, Size: 0x00000000, Max: 0x00004000, ABSOLUTE)

    **** No section assigned to this execution region ****


    Execution Region RW_IRAM4 (Base: 0x40038000, Size: 0x00000000, Max: 0x00000800, ABSOLUTE)

    **** No section assigned to this execution region ****


==============================================================================

Image component sizes


      Code (inc. data)   RO Data    RW Data    ZI Data      Debug   Object Name

        52          6          0          0          0         84   cmsis_nvic.o
      2634        488         44         28        720      68955   main.o
       456         70        109          0          0        260   mbed_board.o
      1192        156        164          8         64       1432   retarget.o
       616         58          0          4          0      16164   serialcommander.o
        40         12        196          0          0        228   startup_LPC17xx.o
        16          6          0          0          0         68   sys.o
       160         10          0          4          0         68   system_LPC17xx.o

    ----------------------------------------------------------------------
      5174        806        554         44        784      87259   Object Totals
         0          0         32          0          0          0   (incl. Generated)
         8          0          9          0          0          0   (incl. Padding)

    ----------------------------------------------------------------------

      Code (inc. data)   RO Data    RW Data    ZI Data      Debug   Library Member Name

        60          8          0          0          0         84   __0sscanf.o
        20          0          0          0          0         84   __2fprintf.o
        44          6          0          0          0         84   __2sprintf.o
         8          0          0          0          0         68   __main.o
       392          4         17          0          0         92   __printf_flags_ss_wp.o
        14          0          0          0          0         68   __printf_wp.o
         0          0          0          0          0          0   __rtentry.o
        12          0          0          0          0          0   __rtentry2.o
         6          0          0          0          0          0   __rtentry4.o
        52          8          0          0          0          0   __scatter.o
        26          0          0          0          0          0   __scatter_copy.o
        28          0          0          0          0          0   __scatter_zi.o
        28          0          0          0          0         68   _chval.o
         6          0          0          0          0          0   _printf_a.o
         6          0          0          0          0          0   _printf_c.o
        44          0          0          0          0        108   _printf_char.o
        48          6          0          0          0         96   _printf_char_common.o
        36          4          0          0          0         80   _printf_char_file.o
        40          0          0          0          0         68   _printf_charcount.o
         6          0          0          0          0          0   _printf_d.o
       120         16          0          0          0         92   _printf_dec.o
         6          0          0          0          0          0   _printf_e.o
         6          0          0          0          0          0   _printf_f.o
      1050          0          0          0          0        216   _printf_fp_dec.o
       764          8         38          0          0        100   _printf_fp_hex.o
       128         16          0          0          0         84   _printf_fp_infnan.o
         6          0          0          0          0          0   _printf_g.o
       148          4         40          0          0        160   _printf_hex_int_ll_ptr.o
         6          0          0          0          0          0   _printf_i.o
       178          0          0          0          0         88   _printf_intcommon.o
        10          0          0          0          0          0   _printf_l.o
         6          0          0          0          0          0   _printf_lc.o
        10          0          0          0          0          0   _printf_ll.o
         6          0          0          0          0          0   _printf_lld.o
         6          0          0          0          0          0   _printf_lli.o
         6          0          0          0          0          0   _printf_llo.o
         6          0          0          0          0          0   _printf_llu.o
         6          0          0          0          0          0   _printf_llx.o
       124         16          0          0          0         92   _printf_longlong_dec.o
         6          0          0          0          0          0   _printf_ls.o
         6          0          0          0          0          0   _printf_n.o
         6          0          0          0          0          0   _printf_o.o
       112         10          0          0          0        124   _printf_oct_int_ll.o
         6          0          0          0          0          0   _printf_p.o
        78          0          0          0          0        108   _printf_pad.o
         0          0          0          0          0          0   _printf_percent.o
         4          0          0          0          0          0   _printf_percent_end.o
         6          0          0          0          0          0   _printf_s.o
        82          0          0          0          0         80   _printf_str.o
        36          0          0          0          0         84   _printf_truncate.o
         6          0          0          0          0          0   _printf_u.o
        44          0          0          0          0        108   _printf_wchar.o
       188          6          8          0          0         92   _printf_wctomb.o
         6          0          0          0          0          0   _printf_x.o
        22          0          0          0          0        100   _rserrno.o
       884          6          0          0          0        100   _scanf.o
       332          0          0          0          0         96   _scanf_int.o
        64          0          0          0          0         84   _sgetc.o
        10          0          0          0          0         68   _sputc.o
       158          0          0          0          0         92   _strtoul.o
        64          0          0          0          0         92   _wcrtomb.o
        46          0          0          0          0         84   aeabi_atexit.o
        26          0          0          0          0         80   atoi.o
       220          4        148          0          0         96   bigflt0.o
      1910        128          0          0          0        672   btod.o
        10          0          0          0          0         68   c89vfprintf.o
        66          0          0          0          0         84   cxa_finalize.o
        10          0          0          0          0         68   defsig_exit.o
        50          0          0          0          0         88   defsig_general.o
        48         34          0          0          0         76   defsig_pvfn_inner.o
        14          0          0          0          0         80   defsig_pvfn_outer.o
        80         58          0          0          0         76   defsig_rtmem_inner.o
        14          0          0          0          0         80   defsig_rtmem_outer.o
        52         38          0          0          0         76   defsig_rtred_inner.o
        14          0          0          0          0         80   defsig_rtred_outer.o
        76          0          0          0          0         88   fclose.o
         8          0          0          0          0         68   ferror.o
       100          4          0          0          0        120   fflush.o
        24          0          0          0          0         68   fgetc.o
        74          0          0          0          0         84   fgets.o
       570          0          0          0          0        132   filbuf.o
       470          0          0          0          0         88   flsbuf.o
        56          6          0          0          0         80   flushlinebuffered.o
       236          4          0          0          0        128   fopen.o
        26          0          0          0          0         68   fputc.o
       248          6          0          0          0         84   fseek.o
        66          0          0          0          0         76   ftell.o
        94          0          0          0          0         80   h1_alloc.o
        52          0          0          0          0         68   h1_extend.o
        78          0          0          0          0         80   h1_free.o
        14          0          0          0          0         84   h1_init.o
        80          6          0          4          0         96   heapauxa.o
         4          0          0          0          0        136   hguard.o
         0          0          0          0          0          0   indicate_semi.o
        36         10          0          0          0         80   init_aeabi.o
       138          0          0          0          0        168   init_alloc.o
       312         46          0          0          0        112   initio.o
        18          0          0          0          0         76   isspace.o
        44         10        272          0          0         76   lc_ctype_c.o
        44         10         28          0          0         76   lc_numeric_c.o
         2          0          0          0          0          0   libinit.o
        46          0          0          0          0          0   libinit2.o
         0          0          0          0          0          0   libshutdown2.o
       138          0          0          0          0         80   lludiv10.o
         0          0          0          0          0          0   maybetermalloc1.o
        16          4          0          0          0         76   rt_ctype_table.o
         8          4          0          0          4         68   rt_ddtor_pointer_addr.o
         8          4          0          0          4         68   rt_errno_addr.o
         8          4          0          0          4         68   rt_heap_descriptor.o
         8          4          0          0         20         68   rt_locale.o
        78          0          0          0          0         80   rt_memclr_w.o
       100          0          0          0          0         80   rt_memcpy_w.o
        44          8          0          0          0         84   scanf_char.o
        20          0          0          0          0         68   setbuf.o
        70          0          0          0          0         80   setvbuf.o
       240          6          0          0          0        156   stdio.o
         0          0          0         12        252          0   stdio_streams.o
       128          0          0          0          0         68   strcmpv7m.o
        62          0          0          0          0         76   strlen.o
       150          0          0          0          0         80   strncmp.o
       112          0          0          0          0         88   strtol.o
        12          4          0          0          0         68   sys_exit.o
        14          0          0          0          0         76   sys_wrch.o
         2          0          0          0          0         68   use_no_semi.o
        36          4          0          0          0         76   vsprintf.o
        36          0          0          0          0         84   aeabi_vec_ctor_nocookie_nodtor.o
         6          0          0          0          0         68   pure_virt.o
       450          8          0          0          0        236   faddsub_clz.o
       388         76          0          0          0         96   fdiv.o
        54          4          0          0          0         84   ffix.o
        62          4          0          0          0         84   ffixu.o
        86          0          0          0          0        136   fflt_clz.o
       258          4          0          0          0         84   fmul.o
       140          4          0          0          0         84   fnaninf.o
        10          0          0          0          0         68   fretinf.o
       272        100          0          0          0         88   fsqrt.o
         4          0          0          0          0         68   printf1.o
         4          0          0          0          0         68   printf2.o
         0          0          0          0          0          0   usenofp.o
        40          0          0          0          0         68   fpclassify.o
        44          0          0          0          0         80   sqrtf.o
       292         52         16         12          0        380   FileBase.o
        36         10         68          0          0         76   FileLike.o
       154          0          0          0          0        440   FilePath.o
        24          6         36          0          0        144   FileSystemLike.o
       396         50         16          0          0        552   InterruptIn.o
       398         10         88          0          0        772   LocalFileSystem.o
        56          4        108          0          0        484   Serial.o
       282         14         24          0          0        752   SerialBase.o
       330         12         76          0          0        772   Stream.o
       106          0         20          0          0        248   Ticker.o
        96         12         20          0          0        356   TimerEvent.o
       148         30         95          0          0        228   gpio_api.o
       616         90          0          4        192        352   gpio_irq_api.o
        84         52          0          0          0         88   mbed_assert.o
       228         98         69          8          0        156   mbed_critical.o
        18          0          0          0          0         80   mbed_error.o
       216         36          0          0          0        268   mbed_gpio.o
         4          0          0          0          0         68   mbed_interface.o
       274         78          0          0          0        308   mbed_pinmap_common.o
       150          6          0          0          0        696   mbed_semihost_api.o
       242          0          0          0          0        420   mbed_ticker_api.o
        20         10         28          8          0        136   mbed_us_ticker_api.o
        28          0          0          0          0         80   mbed_wait_api.o
       236         48         93          0          0        160   pinmap.o
       412         72        277         32          0        252   pwmout_api.o
      1718        178        385         16        224       1112   serial_api.o
       248         64          0          4          0        356   us_ticker.o

    ----------------------------------------------------------------------
     21048       1656       1988        100        700      19592   Library Totals
        64          0         18          0          0          0   (incl. Padding)

    ----------------------------------------------------------------------

      Code (inc. data)   RO Data    RW Data    ZI Data      Debug   Library Name

     12318        524        551         16        284       8460   c_w.l
        42          0          0          0          0        152   cpprt_w.l
      1728        200          0          0          0       1096   fz_ws.l
        84          0          0          0          0        148   m_ws.l
      6812        932       1419         84        416       9736   mbed.ar

    ----------------------------------------------------------------------
     21048       1656       1988        100        700      19592   Library Totals

    ----------------------------------------------------------------------

==============================================================================


      Code (inc. data)   RO Data    RW Data    ZI Data      Debug   

     26222       2462       2542        144       1484      91819   Grand Totals
     26222       2462       2542        144       1484      91819   ELF Image Totals
     26222       2462       2542        144          0          0   ROM Totals

==============================================================================

    Total RO  Size (Code + RO Data)                28764 (  28.09kB)
    Total RW  Size (RW Data + ZI Data)              1628 (   1.59kB)
    Total ROM Size (Code + RO Data + RW Data)      28908 (  28.23kB)

==============================================================================

